wtdcheck files=79 rebuilt=68 identical=68 skipped(uncompressed)=11 failed=0
  textures=177 nameHash=177 hashOrder(files)=79 rowStride=147 prototype==builtin(files)=64
  mip levels: fullChain(to 4px)=100 single=32 other=15
  record+0x40: zero=48 other=99; graphics pages(files): one=0 several=79; smallest texture data alignment=32
  weapons.img/amb_apple_1.wtd: bm_amb_apple record+0x40 = 0x50000250 (the writer stores 0)
  weapons.img/amb_bookopen.wtd: bm_amb_book02 record+0x40 = 0x50000250 (the writer stores 0)
  weapons.img/amb_brick.wtd: cj_brick_bits record+0x40 = 0x50000250 (the writer stores 0)
  weapons.img/amb_broom.wtd: bm_amb_pickaxe record+0x40 = 0x500002C0 (the writer stores 0)
  weapons.img/amb_broom.wtd: bm_amb_broom record+0x40 = 0x50000230 (the writer stores 0)
  weapons.img/amb_bs_drink.wtd: bm_amb_bscup record+0x40 = 0x50000250 (the writer stores 0)
  weapons.img/amb_burg.wtd: bm_amb_burger record+0x40 = 0x50000250 (the writer stores 0)
  weapons.img/amb_can_drink_1.wtd: bm_drinks_orangucan record+0x40 = 0x50000250 (the writer stores 0)
  weapons.img/amb_can_drink_2.wtd: bm_drinks_ecolacan record+0x40 = 0x50000250 (the writer stores 0)
  weapons.img/amb_carrierbag01.wtd: p_lhand_norm record+0x40 = 0x50000230 (the writer stores 0)
  weapons.img/amb_carrierbag01.wtd: p_lhand_spec record+0x40 = 0x50000280 (the writer stores 0)
  weapons.img/amb_carrierbag01.wtd: p_lhand_000_a record+0x40 = 0x50000330 (the writer stores 0)
  weapons.img/amb_carrierbag02.wtd: p_lhand_norm record+0x40 = 0x50000230 (the writer stores 0)
  weapons.img/amb_carrierbag02.wtd: p_lhand_spec record+0x40 = 0x50000280 (the writer stores 0)
  weapons.img/amb_carrierbag02.wtd: p_lhand_000_b record+0x40 = 0x50000330 (the writer stores 0)
  weapons.img/amb_carrierbag03.wtd: p_lhand_norm record+0x40 = 0x50000230 (the writer stores 0)
  weapons.img/amb_carrierbag03.wtd: p_lhand_spec record+0x40 = 0x50000280 (the writer stores 0)
  weapons.img/amb_carrierbag03.wtd: p_lhand_000_c record+0x40 = 0x50000330 (the writer stores 0)
  weapons.img/amb_carrierbag04.wtd: p_lhand_norm record+0x40 = 0x50000230 (the writer stores 0)
  weapons.img/amb_carrierbag04.wtd: p_lhand_spec record+0x40 = 0x50000280 (the writer stores 0)
  weapons.img/amb_carrierbag04.wtd: p_lhand_000_d record+0x40 = 0x50000330 (the writer stores 0)
  weapons.img/amb_chocbar.wtd: bm_amb_chocbar record+0x40 = 0x50000250 (the writer stores 0)
  weapons.img/amb_clawhammer.wtd: bm_amb_hammer record+0x40 = 0x50000250 (the writer stores 0)
  weapons.img/amb_clipboard.wtd: bm_amb_clipboard record+0x40 = 0x50000250 (the writer stores 0)
  weapons.img/amb_coffee.wtd: bm_amb_coffee record+0x40 = 0x50000250 (the writer stores 0)
  weapons.img/amb_comb.wtd: bm_amb_comb record+0x40 = 0x50000250 (the writer stores 0)
  weapons.img/amb_drill.wtd: bm_drill record+0x40 = 0x500002C0 (the writer stores 0)
  weapons.img/amb_drill.wtd: bm_drill_n record+0x40 = 0x50000230 (the writer stores 0)
  weapons.img/amb_grocerybag.wtd: bm_amb_grocery record+0x40 = 0x50000250 (the writer stores 0)
  weapons.img/amb_hankie.wtd: bm_amb_cloth record+0x40 = 0x50000250 (the writer stores 0)
  weapons.img/amb_hotdog.wtd: bm_amb_hotdog record+0x40 = 0x50000250 (the writer stores 0)
  weapons.img/amb_icecone01.wtd: bm_amb_icecream record+0x40 = 0x50000250 (the writer stores 0)
  weapons.img/amb_jackhammer.wtd: bm_amb_jackhammer record+0x40 = 0x50000250 (the writer stores 0)
  weapons.img/amb_juice_bot.wtd: bm_amb_sprunk record+0x40 = 0x50000250 (the writer stores 0)
  weapons.img/amb_milk.wtd: bm_amb_milk record+0x40 = 0x50000250 (the writer stores 0)
  weapons.img/amb_mobile_1.wtd: phone_screen record+0x40 = 0x50000230 (the writer stores 0)
  weapons.img/amb_mobile_1.wtd: cj_mobile_comp record+0x40 = 0x500002C0 (the writer stores 0)
  weapons.img/amb_mobile_2.wtd: bm_amb_mobile2 record+0x40 = 0x50000250 (the writer stores 0)
  weapons.img/amb_mp3player.wtd: bm_amb_mp3 record+0x40 = 0x50000250 (the writer stores 0)
  weapons.img/amb_nailgun.wtd: bm_amb_nailgun record+0x40 = 0x50000250 (the writer stores 0)
  weapons.img/amb_newspaper_1.wtd: bm_amb_newspaper2 record+0x40 = 0x50000250 (the writer stores 0)
  weapons.img/amb_newspaper_2.wtd: bm_amb_newspaper record+0x40 = 0x50000250 (the writer stores 0)
  weapons.img/amb_nuts.wtd: gb_nuts record+0x40 = 0x50000250 (the writer stores 0)
  weapons.img/amb_paperbag01.wtd: bm_amb_clothesbag_01 record+0x40 = 0x50000250 (the writer stores 0)
  weapons.img/amb_paperbag02.wtd: bm_amb_clothesbag_02 record+0x40 = 0x50000250 (the writer stores 0)
  weapons.img/amb_paperbag03.wtd: bm_amb_clothesbag_03 record+0x40 = 0x50000250 (the writer stores 0)
  weapons.img/amb_paperbag04.wtd: bm_amb_clothesbag_04 record+0x40 = 0x50000250 (the writer stores 0)
  weapons.img/amb_paperbag05.wtd: bm_amb_clothesbag_05 record+0x40 = 0x50000250 (the writer stores 0)
  weapons.img/amb_paperbag06.wtd: bm_amb_clothesbag_06 record+0x40 = 0x50000230 (the writer stores 0)
  weapons.img/amb_paperbag06.wtd: bm_amb_clothesbag_03 record+0x40 = 0x500002C0 (the writer stores 0)
  weapons.img/amb_phonereciever.wtd: bm_amb_phonereciever record+0x40 = 0x50000250 (the writer stores 0)
  weapons.img/amb_pickaxe.wtd: bm_amb_pickaxe record+0x40 = 0x50000250 (the writer stores 0)
  weapons.img/amb_plank.wtd: bm_amb_plank record+0x40 = 0x50000250 (the writer stores 0)
  weapons.img/amb_rake.wtd: bm_amb_rake record+0x40 = 0x50000250 (the writer stores 0)
  weapons.img/amb_rubbish01.wtd: bm_paper_scrumpled record+0x40 = 0x50000250 (the writer stores 0)
  weapons.img/amb_rubbish02.wtd: bm_drinks_ecolacan record+0x40 = 0x50000250 (the writer stores 0)
  weapons.img/amb_rubbish03.wtd: bm_paper_scrumpled record+0x40 = 0x50000250 (the writer stores 0)
  weapons.img/amb_sledgehammer.wtd: bm_amb_sledgehammer record+0x40 = 0x50000250 (the writer stores 0)
  weapons.img/amb_spade.wtd: bm_spade_n record+0x40 = 0x50000230 (the writer stores 0)
  weapons.img/amb_spade.wtd: bm_spade_s record+0x40 = 0x50000280 (the writer stores 0)
  weapons.img/amb_spade.wtd: bm_spade record+0x40 = 0x50000330 (the writer stores 0)
  weapons.img/amb_spanner.wtd: bm_amb_spanner record+0x40 = 0x50000250 (the writer stores 0)
  weapons.img/amb_stopsign.wtd: bm_amb_stopsign record+0x40 = 0x50000250 (the writer stores 0)
  weapons.img/amb_toolbox.wtd: bm_flowervase1_env record+0x40 = 0x500002D0 (the writer stores 0)
  weapons.img/amb_toolbox.wtd: bm_chrome_small record+0x40 = 0x50000230 (the writer stores 0)
  weapons.img/amb_toolbox.wtd: bm_toolbox1 record+0x40 = 0x500003A0 (the writer stores 0)
  weapons.img/amb_toolbox.wtd: bm_toolbox1_n record+0x40 = 0x50000280 (the writer stores 0)
  weapons.img/amb_walkietalkie.wtd: bm_amb_walkie record+0x40 = 0x50000250 (the writer stores 0)
  weapons.img/amb_watercan.wtd: bm_amb_watercan record+0x40 = 0x50000250 (the writer stores 0)
  weapons.img/amb_wine.wtd: bm_amb_alchy record+0x40 = 0x50000250 (the writer stores 0)
  weapons.img/bm_char_fag.wtd: bm_fagprop record+0x40 = 0x50000250 (the writer stores 0)
  weapons.img/bm_char_fag_f.wtd: bm_fagprop record+0x40 = 0x50000250 (the writer stores 0)
  weapons.img/cj_camera.wtd: bm_amb_camera_n record+0x40 = 0x50000230 (the writer stores 0)
  weapons.img/cj_camera.wtd: bm_amb_camera_s record+0x40 = 0x50000280 (the writer stores 0)
  weapons.img/cj_camera.wtd: bm_amb_camera record+0x40 = 0x50000330 (the writer stores 0)
  weapons.img/cj_holdall2.wtd: bm_amb_holdall record+0x40 = 0x50000330 (the writer stores 0)
  weapons.img/cj_holdall2.wtd: bm_amb_holdall_s record+0x40 = 0x50000280 (the writer stores 0)
  weapons.img/cj_holdall2.wtd: bm_amb_holdall_n record+0x40 = 0x50000230 (the writer stores 0)
  weapons.img/cj_saxf.wtd: cj_256_env2 record+0x40 = 0x500002C0 (the writer stores 0)
  weapons.img/cj_saxf.wtd: bm_saxaphone record+0x40 = 0x50000230 (the writer stores 0)
  weapons.img/ec_char_brollie.wtd: bm_ec_brollie record+0x40 = 0x500003A0 (the writer stores 0)
  weapons.img/ec_char_brollie.wtd: bm_chrome_small record+0x40 = 0x50000280 (the writer stores 0)
  weapons.img/ec_char_brollie.wtd: bm_enviro1 record+0x40 = 0x500002D0 (the writer stores 0)
  weapons.img/ec_char_brollie.wtd: bm_ec_brollie_n record+0x40 = 0x50000230 (the writer stores 0)
  weapons.img/ec_char_brollie02.wtd: bm_ec_brollie_02 record+0x40 = 0x500003A0 (the writer stores 0)
  weapons.img/ec_char_brollie02.wtd: bm_chrome_small record+0x40 = 0x50000280 (the writer stores 0)
  weapons.img/ec_char_brollie02.wtd: bm_enviro1 record+0x40 = 0x500002D0 (the writer stores 0)
  weapons.img/ec_char_brollie02.wtd: bm_ec_brollie_n record+0x40 = 0x50000230 (the writer stores 0)
  weapons.img/ec_char_brollie03.wtd: bm_chrome_small record+0x40 = 0x50000280 (the writer stores 0)
  weapons.img/ec_char_brollie03.wtd: bm_enviro1 record+0x40 = 0x500002D0 (the writer stores 0)
  weapons.img/ec_char_brollie03.wtd: bm_ec_brollie_03 record+0x40 = 0x500003A0 (the writer stores 0)
  weapons.img/ec_char_brollie03.wtd: bm_ec_brollie_n record+0x40 = 0x50000230 (the writer stores 0)
  weapons.img/gb_suitcase_lev.wtd: gb_suitcase01_s record+0x40 = 0x50000230 (the writer stores 0)
  weapons.img/gb_suitcase_lev.wtd: gb_suitcase01 record+0x40 = 0x500002C0 (the writer stores 0)
  weapons.img/w_ak47.wtd: prototype differs from builtin at texture+0x00, texture+0x01, texture+0x02, texture+0x03
  weapons.img/w_bat.wtd: icon opaque record bytes differ from the first texture's
  weapons.img/w_bat.wtd: prototype differs from builtin at texture+0x00, texture+0x01, texture+0x02, texture+0x03
  weapons.img/w_eagle.wtd: 44AutomagHighGrip_d 512x512 has 3 levels (full chain 8)
  weapons.img/w_eagle.wtd: icon opaque record bytes differ from the first texture's
  weapons.img/w_m4.wtd: stock2 1024x512 has 4 levels (full chain 8)
  weapons.img/w_m4.wtd: icon 256x128 has 2 levels (full chain 6)
  weapons.img/w_m4.wtd: spec 64x64 has 7 levels (full chain 5)
  weapons.img/w_m4.wtd: cmag 512x512 has 10 levels (full chain 8)
  weapons.img/w_m4.wtd: bump 64x64 has 7 levels (full chain 5)
  weapons.img/w_m4.wtd: receiver 1024x1024 has 5 levels (full chain 9)
  weapons.img/w_m4.wtd: long_fore 1024x512 has 4 levels (full chain 8)
  weapons.img/w_m4.wtd: handle 1024x256 has 3 levels (full chain 7)
  weapons.img/w_m4.wtd: prototype differs from builtin at blockmap+0x200
  weapons.img/w_molotov.wtd: ec_beer_brands_vkaec_beer_brands_vk1 record+0x40 = 0x50000430 (the writer stores 0)
  weapons.img/w_molotov.wtd: ec_enviro_g record+0x40 = 0x50000280 (the writer stores 0)
  weapons.img/w_molotov.wtd: icon record+0x40 = 0x50000230 (the writer stores 0)
  weapons.img/w_molotov.wtd: ec_glass_01n record+0x40 = 0x500002D0 (the writer stores 0)
  weapons.img/w_molotov.wtd: ec_rag record+0x40 = 0x50000320 (the writer stores 0)
  weapons.img/w_mp5.wtd: p90mag 1024x512 has 3 levels (full chain 8)
  weapons.img/w_mp5.wtd: p90mag1 256x128 has 3 levels (full chain 6)
  weapons.img/w_mp5.wtd: ss190 256x256 has 3 levels (full chain 7)
  weapons.img/w_mp5.wtd: lens 128x128 has 3 levels (full chain 6)
  weapons.img/w_psg1.wtd: bm_w_e2_44amag_e 128x128 has 3 levels (full chain 6)
  weapons.img/w_shotgun.wtd: 12guageshell 256x256 has 3 levels (full chain 7)
  weapons.img/w_uzi.wtd: prototype differs from builtin at texture+0x00, texture+0x01, texture+0x02, texture+0x03
