2026-09-26T07:33:48.959Z [INFO] atmosphere_started
2026-09-29T05:41:30.118Z [INFO] [autopilot] event BulletFired shooter=6916 weapon=15 by_player=False from=(-70.284, 682.712, 90.673) to=(-63.706, 673.898, 13.661)
2026-09-29T05:41:30.275Z [INFO] [autopilot] event BulletFired shooter=6916 weapon=15 by_player=False from=(-69.831, 683.131, 90.861) to=(-62.534, 673.454, 13.739)
2026-09-29T05:41:30.276Z [INFO] [autopilot] event BulletFired shooter=5378 weapon=15 by_player=False from=(-53.519, 693.497, 15.201) to=(-467.528, 8.292, -0.556)
2026-09-29T05:41:30.445Z [INFO] [autopilot] event BulletFired shooter=5378 weapon=15 by_player=False from=(-53.421, 693.449, 15.238) to=(-67.077, 669.373, 14.757)
2026-09-29T05:41:30.487Z [INFO] [autopilot] event BulletFired shooter=6916 weapon=15 by_player=False from=(-69.296, 683.814, 91.15) to=(-65.192, 675.081, 13.558)
2026-09-29T05:41:30.565Z [INFO] [autopilot] event BulletFired shooter=5378 weapon=15 by_player=False from=(-53.428, 693.457, 15.229) to=(-467.518, 8.554, -6.667)
2026-09-29T05:41:30.663Z [INFO] [autopilot] event BulletFired shooter=7683 weapon=15 by_player=False from=(-60.652, 686.004, 99.805) to=(-64.004, 676.764, 13.6)
2026-09-29T05:41:30.664Z [INFO] [autopilot] event BulletFired shooter=6916 weapon=15 by_player=False from=(-68.889, 684.455, 91.416) to=(-62.643, 674.401, 13.739)
2026-09-29T05:41:30.665Z [INFO] [autopilot] event BulletFired shooter=2563 weapon=15 by_player=False from=(-65.869, 658.822, 15.08) to=(-64.571, 674.765, 14.924)
2026-09-29T05:41:30.666Z [INFO] [autopilot] event PedDamaged handle=2 100->100 bone=0x36A1 by_player=False weapon=15 exact=True type=Bullet amount=60.0 health_lost=0.0 armour_lost=0.0 attacker=2563 vehicle=0 killed=False hit=True at=(-64.571, 674.765, 14.924) dir=(0.081, 0.997, -0.01)
2026-09-29T05:41:30.711Z [INFO] command source=file:cmd_20260929054130490.cmd line="god on" reply="invincible True"
2026-09-29T05:41:30.745Z [INFO] [autopilot] event BulletFired shooter=5378 weapon=15 by_player=False from=(-53.434, 693.451, 15.24) to=(-64.363, 674.922, 14.986)
2026-09-29T05:41:30.746Z [INFO] [autopilot] event PedDamaged handle=2 100->100 bone=0x36A1 by_player=False weapon=15 exact=True type=Bullet amount=60.0 health_lost=0.0 armour_lost=0.0 attacker=5378 vehicle=0 killed=False hit=True at=(-64.363, 674.922, 14.986) dir=(-0.508, -0.861, -0.012)
2026-09-29T05:41:30.818Z [INFO] [autopilot] event BulletFired shooter=3074 weapon=15 by_player=False from=(-73.819, 655.008, 15.183) to=(-67.647, 667.609, 14.978)
2026-09-29T05:41:30.819Z [INFO] [autopilot] event BulletFired shooter=2563 weapon=15 by_player=False from=(-65.995, 658.843, 15.12) to=(-59.627, 713.437, 13.569)
2026-09-29T05:41:30.859Z [INFO] [autopilot] event BulletFired shooter=7683 weapon=15 by_player=False from=(-60.3, 685.892, 100.107) to=(-63.968, 674.181, 13.592)
2026-09-29T05:41:30.905Z [INFO] [autopilot] event BulletFired shooter=5378 weapon=15 by_player=False from=(-53.417, 693.441, 15.235) to=(-450.701, -1.818, 11.688)
2026-09-29T05:41:30.986Z [INFO] [autopilot] event BulletFired shooter=5122 weapon=15 by_player=False from=(-50.771, 691.609, 15.194) to=(-67.077, 670.723, 14.414)
2026-09-29T05:41:30.987Z [INFO] [autopilot] event BulletFired shooter=3074 weapon=15 by_player=False from=(-73.854, 655, 15.196) to=(259.62, 1382.626, -5.319)
2026-09-29T05:41:30.988Z [INFO] [autopilot] event BulletFired shooter=2563 weapon=15 by_player=False from=(-65.997, 658.841, 15.11) to=(2.288, 1456.615, 11.465)
2026-09-29T05:41:30.997Z [INFO] command source=file:cmd_20260929054130891.cmd line="wanted 0" reply="wanted 0"
2026-09-29T05:41:31.072Z [INFO] [autopilot] event BulletFired shooter=7683 weapon=15 by_player=False from=(-59.902, 685.864, 100.403) to=(-63.963, 673.782, 13.587)
2026-09-29T05:41:31.163Z [INFO] [autopilot] event BulletFired shooter=5122 weapon=15 by_player=False from=(-50.709, 691.517, 15.181) to=(-67.077, 672.284, 14.537)
2026-09-29T05:41:31.164Z [INFO] [autopilot] event BulletFired shooter=3074 weapon=15 by_player=False from=(-73.851, 654.995, 15.188) to=(258.019, 1383.378, -5.536)
2026-09-29T05:41:31.165Z [INFO] [autopilot] event BulletFired shooter=2563 weapon=15 by_player=False from=(-65.994, 658.848, 15.121) to=(-5.064, 1457.228, 6.223)
2026-09-29T05:41:31.334Z [INFO] [autopilot] event BulletFired shooter=5122 weapon=15 by_player=False from=(-50.462, 691.127, 15.142) to=(-558.235, 71.908, 11.142)
2026-09-29T05:41:31.335Z [INFO] [autopilot] event BulletFired shooter=3074 weapon=15 by_player=False from=(-73.848, 654.999, 15.201) to=(-67.661, 667.645, 15.16)
2026-09-29T05:41:31.336Z [INFO] [autopilot] event BulletFired shooter=2563 weapon=15 by_player=False from=(-66.008, 658.853, 15.115) to=(31.121, 1453.698, 3.667)
2026-09-29T05:41:31.463Z [INFO] [autopilot] event BulletFired shooter=2563 weapon=15 by_player=False from=(-66.012, 658.854, 15.12) to=(-61.576, 709.881, 13.563)
2026-09-29T05:41:31.508Z [INFO] [autopilot] event BulletFired shooter=5122 weapon=15 by_player=False from=(-50.365, 690.707, 15.213) to=(-582.979, 93.386, -7.424)
2026-09-29T05:41:31.509Z [INFO] [autopilot] event BulletFired shooter=3074 weapon=15 by_player=False from=(-73.861, 655, 15.194) to=(265.58, 1379.855, -2.68)
2026-09-29T05:41:31.820Z [INFO] teleport_start id=east_park target=-64.8,663.4,15 snap=pavement
2026-09-29T05:41:31.821Z [INFO] command source=file:cmd_20260929054131283.cmd line="goto east_park" reply="Teleporting to Algonquin East Park Street"
2026-09-29T05:41:31.841Z [INFO] [autopilot] event VehicleAppeared handle=5634
2026-09-29T05:41:31.842Z [INFO] [autopilot] event VehicleRemoved handle=4610
2026-09-29T05:41:31.842Z [INFO] [autopilot] event VehicleRemoved handle=4354
2026-09-29T05:41:31.843Z [INFO] [autopilot] event VehicleRemoved handle=3842
2026-09-29T05:41:31.844Z [INFO] [autopilot] event VehicleRemoved handle=3586
2026-09-29T05:41:31.967Z [INFO] [autopilot] event BulletFired shooter=5122 weapon=15 by_player=False from=(-50.473, 690.401, 15.189) to=(-93.76, 610.81, 20.454)
2026-09-29T05:41:32.046Z [INFO] [autopilot] event BulletFired shooter=3330 weapon=15 by_player=False from=(-76.263, 654.757, 15.216) to=(567.175, 1125.71, 86.728)
2026-09-29T05:41:32.047Z [INFO] [autopilot] event BulletFired shooter=3074 weapon=15 by_player=False from=(-73.836, 654.924, 15.233) to=(-64.966, 663.379, 16.323)
2026-09-29T05:41:32.047Z [INFO] [autopilot] event PedDamaged handle=2 100->100 bone=0x36A1 by_player=False weapon=15 exact=True type=Bullet amount=60.0 health_lost=0.0 armour_lost=0.0 attacker=3074 vehicle=0 killed=False hit=True at=(-64.966, 663.379, 16.323) dir=(0.721, 0.687, 0.089)
2026-09-29T05:41:32.112Z [INFO] [autopilot] event BulletFired shooter=3843 weapon=10 by_player=False from=(-56.574, 691.922, 15.139) to=(-81.232, 609.536, 18.3)
2026-09-29T05:41:32.113Z [INFO] [autopilot] event PedDamaged handle=2 100->100 bone=0x1A3 by_player=False weapon=10 exact=True type=Bullet amount=50.0 health_lost=0.0 armour_lost=0.0 attacker=3843 vehicle=0 killed=False hit=False
2026-09-29T05:41:32.228Z [INFO] [autopilot] event BulletFired shooter=3330 weapon=15 by_player=False from=(-76.27, 654.678, 15.213) to=(-37.019, 682.524, 17.594)
2026-09-29T05:41:32.377Z [INFO] [autopilot] event BulletFired shooter=3330 weapon=15 by_player=False from=(-76.313, 654.667, 15.152) to=(-37.019, 682.114, 17.538)
2026-09-29T05:41:32.530Z [INFO] [autopilot] event BulletFired shooter=4866 weapon=15 by_player=False from=(-50.112, 694.893, 15.192) to=(-66.547, 660.393, 14.378)
2026-09-29T05:41:32.531Z [INFO] [autopilot] event BulletFired shooter=3330 weapon=15 by_player=False from=(-76.41, 654.592, 15.158) to=(577, 1116.01, -25.564)
2026-09-29T05:41:32.705Z [INFO] [autopilot] event BulletFired shooter=4866 weapon=15 by_player=False from=(-49.988, 694.812, 15.261) to=(-52.422, 689.856, 15.16)
2026-09-29T05:41:32.705Z [INFO] [autopilot] event BulletFired shooter=3330 weapon=15 by_player=False from=(-76.592, 654.47, 15.088) to=(-75.217, 655.455, 14.983)
2026-09-29T05:41:32.744Z [INFO] [autopilot] event BulletFired shooter=6916 weapon=15 by_player=False from=(-66.998, 687.521, 92.42) to=(-63.106, 661.964, 13.727)
2026-09-29T05:41:32.750Z [INFO] teleport_done id=east_park final=-64.4,674.8,15.5
2026-09-29T05:41:32.782Z [INFO] [autopilot] event VehicleAppeared handle=3586
2026-09-29T05:41:32.783Z [INFO] [autopilot] event VehicleAppeared handle=3842
2026-09-29T05:41:32.784Z [INFO] [autopilot] event VehicleAppeared handle=4354
2026-09-29T05:41:32.784Z [INFO] [autopilot] event VehicleAppeared handle=4610
2026-09-29T05:41:32.785Z [INFO] [autopilot] event VehicleRemoved handle=5634
2026-09-29T05:41:32.971Z [INFO] [autopilot] event BulletFired shooter=4866 weapon=15 by_player=False from=(-49.995, 694.816, 15.251) to=(-509.912, 41.094, 62.995)
2026-09-29T05:41:33.171Z [INFO] [autopilot] event BulletFired shooter=7683 weapon=15 by_player=False from=(-57.236, 687.168, 101.805) to=(-63.346, 675.652, 13.717)
2026-09-29T05:41:33.172Z [INFO] [autopilot] event BulletFired shooter=6916 weapon=15 by_player=False from=(-67.278, 687.456, 92.317) to=(-63.682, 675.381, 13.675)
2026-09-29T05:41:33.173Z [INFO] [autopilot] event BulletFired shooter=2051 weapon=15 by_player=False from=(-55.549, 702.741, 15.211) to=(-63.046, 678.663, 15.983)
2026-09-29T05:41:33.258Z [INFO] [autopilot] event BulletFired shooter=4866 weapon=15 by_player=False from=(-50.024, 694.89, 15.296) to=(-526.217, 52.521, 56.617)
2026-09-29T05:41:33.358Z [INFO] [autopilot] event BulletFired shooter=2051 weapon=15 by_player=False from=(-55.554, 702.397, 15.281) to=(-319.674, -52.48, 57.035)
2026-09-29T05:41:33.407Z [INFO] [autopilot] event BulletFired shooter=7683 weapon=15 by_player=False from=(-57.038, 687.363, 101.924) to=(-67.281, 677.065, 15.064)
2026-09-29T05:41:33.408Z [INFO] [autopilot] event BulletFired shooter=6916 weapon=15 by_player=False from=(-67.63, 687.486, 92.323) to=(-64.691, 672.123, 13.557)
2026-09-29T05:41:33.457Z [INFO] [autopilot] event BulletFired shooter=4866 weapon=15 by_player=False from=(-50.019, 694.88, 15.283) to=(-110.62, 609.85, 24.526)
2026-09-29T05:41:33.505Z [INFO] [autopilot] event BulletFired shooter=2051 weapon=15 by_player=False from=(-55.519, 701.906, 15.226) to=(-306.211, -59.174, -1.501)
2026-09-29T05:41:33.590Z [INFO] [autopilot] event BulletFired shooter=4866 weapon=15 by_player=False from=(-50.026, 694.875, 15.277) to=(-62.589, 678.616, 15.627)
2026-09-29T05:41:33.630Z [INFO] [autopilot] event BulletFired shooter=4610 weapon=15 by_player=False from=(-51.241, 694.77, 15.269) to=(-516.081, 42.27, 5.393)
2026-09-29T05:41:33.819Z [INFO] [autopilot] event BulletFired shooter=4610 weapon=15 by_player=False from=(-51.257, 694.769, 15.244) to=(-54.987, 689.147, 14.994)
2026-09-29T05:41:33.820Z [INFO] [autopilot] event BulletFired shooter=3330 weapon=15 by_player=False from=(-77.958, 653.935, 15.076) to=(-67.413, 670.161, 15.019)
2026-09-29T05:41:33.820Z [INFO] [autopilot] event BulletFired shooter=3074 weapon=15 by_player=False from=(-73.82, 655.024, 15.173) to=(-67.549, 668.335, 14.374)
2026-09-29T05:41:33.939Z [INFO] [autopilot] event BulletFired shooter=4610 weapon=15 by_player=False from=(-51.264, 694.762, 15.251) to=(-477.439, 17.369, -12.497)
2026-09-29T05:41:33.980Z [INFO] [autopilot] event BulletFired shooter=3330 weapon=15 by_player=False from=(-78.326, 654.102, 15.172) to=(384.272, 1307.029, -11.507)
2026-09-29T05:41:34.099Z [INFO] [autopilot] event BulletFired shooter=4610 weapon=15 by_player=False from=(-51.251, 694.76, 15.247) to=(-480.259, 19.398, -15.448)
2026-09-29T05:41:34.614Z [INFO] [autopilot] event BulletFired shooter=3843 weapon=10 by_player=False from=(-56.425, 691.686, 14.751) to=(-64.219, 674.638, 14.679)
2026-09-29T05:41:34.615Z [INFO] [autopilot] event PedDamaged handle=2 100->100 bone=0x4C9 by_player=False weapon=10 exact=True type=Bullet amount=100.0 health_lost=0.0 armour_lost=0.0 attacker=3843 vehicle=0 killed=False hit=True at=(-64.219, 674.638, 14.679) dir=(-0.416, -0.909, -0.004)
2026-09-29T05:41:34.683Z [INFO] [autopilot] event BulletFired shooter=2051 weapon=15 by_player=False from=(-57.182, 700.318, 15.189) to=(-269.914, -71.565, 13.677)
2026-09-29T05:41:34.721Z [INFO] [autopilot] event BulletFired shooter=7683 weapon=15 by_player=False from=(-55.033, 689.427, 102.47) to=(-62.837, 673.7, 13.739)
2026-09-29T05:41:34.836Z [INFO] [autopilot] event BulletFired shooter=5378 weapon=15 by_player=False from=(-53.526, 693.53, 15.177) to=(-438.494, -8.568, 8.145)
2026-09-29T05:41:34.909Z [INFO] [autopilot] event BulletFired shooter=7683 weapon=15 by_player=False from=(-54.643, 689.719, 102.491) to=(-63.801, 675.261, 13.661)
2026-09-29T05:41:35.021Z [INFO] [autopilot] event BulletFired shooter=5378 weapon=15 by_player=False from=(-53.412, 693.455, 15.239) to=(-67.077, 669.311, 14.612)
2026-09-29T05:41:35.022Z [INFO] [autopilot] event BulletFired shooter=2563 weapon=15 by_player=False from=(-65.883, 658.781, 15.085) to=(-61.449, 711.302, 13.627)
2026-09-29T05:41:35.101Z [INFO] [autopilot] event BulletFired shooter=7683 weapon=15 by_player=False from=(-54.221, 690.011, 102.507) to=(-65.086, 675.927, 13.558)
2026-09-29T05:41:35.184Z [INFO] [autopilot] event BulletFired shooter=5378 weapon=15 by_player=False from=(-53.415, 693.457, 15.228) to=(-67.077, 669.739, 14.345)
2026-09-29T05:41:35.185Z [INFO] [autopilot] event BulletFired shooter=2563 weapon=15 by_player=False from=(-66.026, 658.828, 15.123) to=(-64.735, 674.902, 14.621)
2026-09-29T05:41:35.186Z [INFO] [autopilot] event PedDamaged handle=2 100->100 bone=0x4C2 by_player=False weapon=15 exact=True type=Bullet amount=60.0 health_lost=0.0 armour_lost=0.0 attacker=2563 vehicle=0 killed=False hit=True at=(-64.735, 674.902, 14.621) dir=(0.08, 0.996, -0.031)
2026-09-29T05:41:35.229Z [INFO] [autopilot] event BulletFired shooter=4610 weapon=15 by_player=False from=(-50.598, 695.451, 15.194) to=(-505.18, 36.699, -8.787)
2026-09-29T05:41:35.356Z [INFO] [autopilot] event BulletFired shooter=5378 weapon=15 by_player=False from=(-53.419, 693.45, 15.24) to=(-88.419, 633.411, 15.27)
2026-09-29T05:41:35.357Z [INFO] [autopilot] event BulletFired shooter=2563 weapon=15 by_player=False from=(-66.041, 658.832, 15.112) to=(-64.692, 674.873, 14.931)
2026-09-29T05:41:35.358Z [INFO] [autopilot] event PedDamaged handle=2 100->100 bone=0x4C1 by_player=False weapon=15 exact=True type=Bullet amount=60.0 health_lost=0.0 armour_lost=0.0 attacker=2563 vehicle=0 killed=False hit=True at=(-64.692, 674.873, 14.931) dir=(0.084, 0.996, -0.011)
2026-09-29T05:41:35.408Z [INFO] [autopilot] event BulletFired shooter=6916 weapon=15 by_player=False from=(-69.802, 698.298, 93.118) to=(-63.392, 672.766, 13.697)
2026-09-29T05:41:35.409Z [INFO] [autopilot] event BulletFired shooter=4610 weapon=15 by_player=False from=(-50.232, 695.648, 15.179) to=(-64.2, 674.673, 14.844)
2026-09-29T05:41:35.410Z [INFO] [autopilot] event PedDamaged handle=2 100->100 bone=0x4C8 by_player=False weapon=15 exact=True type=Bullet amount=60.0 health_lost=0.0 armour_lost=0.0 attacker=4610 vehicle=0 killed=False hit=True at=(-64.2, 674.673, 14.844) dir=(-0.554, -0.832, -0.013)
2026-09-29T05:41:35.507Z [INFO] [autopilot] event BulletFired shooter=5378 weapon=15 by_player=False from=(-53.404, 693.441, 15.233) to=(-470.53, 10.019, 7.876)
2026-09-29T05:41:35.508Z [INFO] [autopilot] event BulletFired shooter=2563 weapon=15 by_player=False from=(-66.038, 658.838, 15.125) to=(-3.972, 1456.949, -3.465)
2026-09-29T05:41:35.558Z [INFO] [autopilot] event BulletFired shooter=4610 weapon=15 by_player=False from=(-49.981, 695.755, 15.205) to=(-511.453, 41.96, -14.794)
2026-09-29T05:41:35.608Z [INFO] [autopilot] event BulletFired shooter=6916 weapon=15 by_player=False from=(-69.869, 700.03, 92.908) to=(-66.003, 675.678, 13.573)
2026-09-29T05:41:35.658Z [INFO] [autopilot] event BulletFired shooter=2563 weapon=15 by_player=False from=(-66.052, 658.839, 15.116) to=(-64.75, 674.887, 14.795)
2026-09-29T05:41:35.659Z [INFO] [autopilot] event PedDamaged handle=2 100->100 bone=0x4C1 by_player=False weapon=15 exact=True type=Bullet amount=60.0 health_lost=0.0 armour_lost=0.0 attacker=2563 vehicle=0 killed=False hit=True at=(-64.75, 674.887, 14.795) dir=(0.081, 0.997, -0.02)
2026-09-29T05:41:35.752Z [INFO] [autopilot] event BulletFired shooter=4610 weapon=15 by_player=False from=(-49.551, 695.742, 15.237) to=(-497.189, 31.982, -4.383)
2026-09-29T05:41:35.799Z [INFO] [autopilot] event BulletFired shooter=6916 weapon=15 by_player=False from=(-70, 701.874, 92.649) to=(-63.006, 674.88, 13.739)
2026-09-29T05:41:35.846Z [INFO] [autopilot] event BulletFired shooter=2563 weapon=15 by_player=False from=(-66.054, 658.847, 15.119) to=(21.912, 1454.594, 5.388)
2026-09-29T05:41:35.890Z [INFO] [autopilot] event BulletFired shooter=4610 weapon=15 by_player=False from=(-49.158, 695.54, 15.167) to=(-64.316, 674.861, 15.035)
2026-09-29T05:41:35.891Z [INFO] [autopilot] event PedDamaged handle=2 100->100 bone=0x36A1 by_player=False weapon=15 exact=True type=Bullet amount=60.0 health_lost=0.0 armour_lost=0.0 attacker=4610 vehicle=0 killed=False hit=True at=(-64.316, 674.861, 15.035) dir=(-0.591, -0.807, -0.005)
2026-09-29T05:41:35.984Z [INFO] [autopilot] event BulletFired shooter=6916 weapon=15 by_player=False from=(-70.209, 703.538, 92.428) to=(-65.143, 674.815, 13.558)
2026-09-29T05:41:36.546Z [INFO] [autopilot] event BulletFired shooter=3587 weapon=7 by_player=False from=(-51.918, 696.414, 15.223) to=(-67.077, 669.382, 14.392)
2026-09-29T05:41:36.648Z [INFO] [autopilot] event BulletFired shooter=5122 weapon=15 by_player=False from=(-56.776, 689.55, 15.176) to=(-64.191, 674.651, 14.825)
2026-09-29T05:41:36.649Z [INFO] [autopilot] event PedDamaged handle=2 100->100 bone=0x4C8 by_player=False weapon=15 exact=True type=Bullet amount=60.0 health_lost=0.0 armour_lost=0.0 attacker=5122 vehicle=0 killed=False hit=True at=(-64.191, 674.651, 14.825) dir=(-0.445, -0.895, -0.021)
2026-09-29T05:41:36.752Z [INFO] [autopilot] event BulletFired shooter=4866 weapon=15 by_player=False from=(-50.117, 694.964, 15.203) to=(-67.077, 672.032, 14.807)
2026-09-29T05:41:36.789Z [INFO] [autopilot] event BulletFired shooter=5894 weapon=7 by_player=False from=(-45.287, 691.838, 15.154) to=(-93.608, 648.197, 15.444)
2026-09-29T05:41:36.824Z [INFO] [autopilot] event BulletFired shooter=5122 weapon=15 by_player=False from=(-56.829, 689.673, 15.215) to=(-64.217, 674.687, 14.844)
2026-09-29T05:41:36.824Z [INFO] [autopilot] event PedDamaged handle=2 100->100 bone=0x4C8 by_player=False weapon=15 exact=True type=Bullet amount=60.0 health_lost=0.0 armour_lost=0.0 attacker=5122 vehicle=0 killed=False hit=True at=(-64.217, 674.687, 14.844) dir=(-0.442, -0.897, -0.022)
2026-09-29T05:41:36.863Z [INFO] [autopilot] event BulletFired shooter=7683 weapon=15 by_player=False from=(-50.943, 693.071, 102.768) to=(-64.265, 673.959, 13.569)
2026-09-29T05:41:36.899Z [INFO] [autopilot] event BulletFired shooter=4866 weapon=15 by_player=False from=(-50.022, 694.881, 15.261) to=(-64.692, 674.955, 14.723)
2026-09-29T05:41:36.900Z [INFO] [autopilot] event PedDamaged handle=2 100->100 bone=0x4C1 by_player=False weapon=15 exact=True type=Bullet amount=60.0 health_lost=0.0 armour_lost=0.0 attacker=4866 vehicle=0 killed=False hit=True at=(-64.692, 674.955, 14.723) dir=(-0.593, -0.805, -0.022)
2026-09-29T05:41:36.972Z [INFO] [autopilot] event BulletFired shooter=5122 weapon=15 by_player=False from=(-56.828, 689.67, 15.203) to=(-67.077, 669.014, 14.353)
2026-09-29T05:41:37.049Z [INFO] [autopilot] event BulletFired shooter=7683 weapon=15 by_player=False from=(-50.687, 693.5, 102.807) to=(-63.213, 673.198, 13.726)
2026-09-29T05:41:37.089Z [INFO] [autopilot] event BulletFired shooter=5894 weapon=7 by_player=False from=(-45.263, 691.817, 15.196) to=(-93.613, 648.216, 14.906)
2026-09-29T05:41:37.089Z [INFO] [autopilot] event BulletFired shooter=4866 weapon=15 by_player=False from=(-50.016, 694.873, 15.258) to=(-529.713, 54.099, -8.42)
2026-09-29T05:41:37.130Z [INFO] [autopilot] event BulletFired shooter=5122 weapon=15 by_player=False from=(-56.832, 689.664, 15.217) to=(-62.577, 678.551, 14.986)
2026-09-29T05:41:37.208Z [INFO] [autopilot] event BulletFired shooter=4866 weapon=15 by_player=False from=(-50.015, 694.861, 15.271) to=(-522.663, 48.968, -5.348)
2026-09-29T05:41:37.250Z [INFO] [autopilot] event BulletFired shooter=3330 weapon=15 by_player=False from=(-78.569, 656.559, 14.952) to=(-67.549, 671.076, 14.631)
2026-09-29T05:41:37.295Z [INFO] [autopilot] event BulletFired shooter=5122 weapon=15 by_player=False from=(-56.814, 689.656, 15.209) to=(-62.648, 678.73, 14.841)
2026-09-29T05:41:37.374Z [INFO] [autopilot] event BulletFired shooter=4866 weapon=15 by_player=False from=(-50, 694.844, 15.261) to=(-507.253, 37.641, 4.22)
2026-09-29T05:41:37.417Z [INFO] [autopilot] event BulletFired shooter=3843 weapon=10 by_player=False from=(-56.587, 691.947, 15.131) to=(-62.63, 678.71, 14.843)
2026-09-29T05:41:37.418Z [INFO] [autopilot] event BulletFired shooter=3330 weapon=15 by_player=False from=(-78.531, 656.412, 15.001) to=(-67.467, 670.602, 14.983)
2026-09-29T05:41:37.461Z [INFO] [autopilot] event BulletFired shooter=5894 weapon=7 by_player=False from=(-45.269, 691.793, 15.189) to=(-64.636, 675.035, 14.449)
2026-09-29T05:41:37.462Z [INFO] [autopilot] event PedDamaged handle=2 100->100 bone=0x4C3 by_player=False weapon=7 exact=True type=Bullet amount=60.0 health_lost=0.0 armour_lost=0.0 attacker=5894 vehicle=0 killed=False hit=True at=(-64.636, 675.035, 14.449) dir=(-0.756, -0.654, -0.029)
2026-09-29T05:41:37.516Z [INFO] [autopilot] event BulletFired shooter=6149 weapon=10 by_player=False from=(-47.508, 693.076, 15.155) to=(-95.193, 640.495, 14.837)
2026-09-29T05:41:37.516Z [INFO] [autopilot] event BulletFired shooter=2051 weapon=15 by_player=False from=(-58.313, 703.732, 15.146) to=(-214.415, -81.395, -1.266)
2026-09-29T05:41:37.580Z [INFO] [autopilot] event BulletFired shooter=3330 weapon=15 by_player=False from=(-78.52, 656.42, 14.984) to=(399.405, 1298.734, 7.383)
2026-09-29T05:41:37.713Z [INFO] [autopilot] event BulletFired shooter=2051 weapon=15 by_player=False from=(-58.304, 703.657, 15.145) to=(-222.456, -80.021, 19.209)
2026-09-29T05:41:37.778Z [INFO] [autopilot] event BulletFired shooter=4356 weapon=10 by_player=False from=(-54.291, 699.157, 15.211) to=(-92.703, 606.277, 13.859)
2026-09-29T05:41:37.779Z [INFO] [autopilot] event BulletFired shooter=3330 weapon=15 by_player=False from=(-78.524, 656.418, 14.999) to=(-67.558, 670.618, 14.921)
2026-09-29T05:41:37.842Z [INFO] [autopilot] event BulletFired shooter=2563 weapon=15 by_player=False from=(-65.816, 658.782, 15.066) to=(-64.527, 674.789, 14.597)
2026-09-29T05:41:37.843Z [INFO] [autopilot] event BulletFired shooter=2051 weapon=15 by_player=False from=(-58.351, 703.501, 15.151) to=(-66.044, 664.583, 14.369)
2026-09-29T05:41:37.844Z [INFO] [autopilot] event PedDamaged handle=2 100->100 bone=0x4B3 by_player=False weapon=15 exact=True type=Bullet amount=60.0 health_lost=0.0 armour_lost=0.0 attacker=2563 vehicle=0 killed=False hit=True at=(-64.527, 674.789, 14.597) dir=(0.08, 0.996, -0.029)
2026-09-29T05:41:37.901Z [INFO] [autopilot] event BulletFired shooter=3330 weapon=15 by_player=False from=(-78.539, 656.428, 14.995) to=(398.776, 1299.243, 9.046)
2026-09-29T05:41:37.958Z [INFO] [autopilot] event BulletFired shooter=6916 weapon=15 by_player=False from=(-76.674, 717.604, 91.518) to=(-63.727, 675.61, 13.673)
2026-09-29T05:41:38.020Z [INFO] [autopilot] event BulletFired shooter=2563 weapon=15 by_player=False from=(-65.971, 658.834, 15.12) to=(-64.479, 674.705, 14.754)
2026-09-29T05:41:38.021Z [INFO] [autopilot] event BulletFired shooter=2051 weapon=15 by_player=False from=(-58.386, 703.275, 15.117) to=(-68.226, 654.743, 15.13)
2026-09-29T05:41:38.021Z [INFO] [autopilot] event PedDamaged handle=2 100->100 bone=0x36A0 by_player=False weapon=15 exact=True type=Bullet amount=60.0 health_lost=0.0 armour_lost=0.0 attacker=2563 vehicle=0 killed=False hit=True at=(-64.479, 674.705, 14.754) dir=(0.094, 0.995, -0.023)
2026-09-29T05:41:38.081Z [INFO] raydebug dir=down flags=0xFFFFFFFF mode=1 status=Inconclusive start=(-64.422,674.834,15.068) pos=(-64.422,674.834,14.118) normal=(0.000,0.000,1.000) distance=0.950 kind=Ped handle=2 link=12 raw=11B826E0 00000000 00000000 00000000 C280D843 4428B558 4161E273 00000004 00000000 341889B8 3F800000 00000004 00000000 341889B8 3F800000 00000004 3DC28F5C 4110CCCD 00000063 00020001 00010001 00000000 00000000 00000000
2026-09-29T05:41:38.081Z [INFO] command source=file:cmd_20260929054137953.cmd line="raydebug down 10" reply="status=Inconclusive kind=Ped handle=2 link=12 distance=0.950"
2026-09-29T05:41:38.135Z [INFO] [autopilot] event BulletFired shooter=6916 weapon=15 by_player=False from=(-77.288, 718.774, 91.437) to=(-64.979, 673.02, 13.558)
2026-09-29T05:41:38.185Z [INFO] [autopilot] event BulletFired shooter=2563 weapon=15 by_player=False from=(-65.975, 658.835, 15.108) to=(-57.036, 738.278, 13.713)
2026-09-29T05:41:38.186Z [INFO] [autopilot] event BulletFired shooter=2051 weapon=15 by_player=False from=(-58.421, 702.927, 15.13) to=(-66.458, 665.532, 13.967)
2026-09-29T05:41:38.316Z [INFO] [autopilot] event BulletFired shooter=6916 weapon=15 by_player=False from=(-77.842, 719.836, 91.362) to=(-66.488, 676.103, 13.599)
2026-09-29T05:41:38.316Z [INFO] [autopilot] event BulletFired shooter=2051 weapon=15 by_player=False from=(-58.465, 702.617, 15.089) to=(-67.15, 668.451, 14.976)
2026-09-29T05:41:38.382Z [INFO] [autopilot] event BulletFired shooter=3074 weapon=15 by_player=False from=(-68.282, 655.073, 15.168) to=(84.297, 1440.598, -12.595)
2026-09-29T05:41:38.524Z [INFO] [autopilot] event BulletFired shooter=3074 weapon=15 by_player=False from=(-68.262, 655.046, 15.112) to=(69.749, 1443.671, -2.627)
2026-09-29T05:41:38.576Z [INFO] raydebug dir=up flags=0xFFFFFFFF mode=1 status=Clear start=(-64.422,674.834,15.068) pos=(0.000,0.000,0.000) normal=(0.000,0.000,0.000) distance=0.000 kind=World handle=0 link=-2 raw=00000000 00000000 00000000 00000000 00000000 00000000 00000000 00000000 00000000 00000000 00000000 00000000 00000000 00000000 00000000 00000000 00000000 00000000 00000000 0000FFFF 00000000 00000000 00000000 00000000
2026-09-29T05:41:38.577Z [INFO] command source=file:cmd_20260929054138346.cmd line="raydebug up 60" reply="status=Clear kind=World handle=0 link=-2 distance=0.000"
2026-09-29T05:41:38.682Z [INFO] [autopilot] event BulletFired shooter=3074 weapon=15 by_player=False from=(-68.266, 655.062, 15.146) to=(89.223, 1440.14, 15.828)
2026-09-29T05:41:38.819Z [INFO] [autopilot] event BulletFired shooter=4610 weapon=15 by_player=False from=(-48.478, 693.703, 15.196) to=(-67.186, 671.108, 15)
2026-09-29T05:41:38.820Z [INFO] [autopilot] event PedAppeared handle=8709
2026-09-29T05:41:38.824Z [INFO] raybits dir=down m=10.0 mode=1 start=(-64.422,674.834,15.068) hits: b1=World/1.505m b2=World/9.737m
2026-09-29T05:41:38.825Z [INFO] command source=file:cmd_20260929054138727.cmd line="raybits down 10" reply="raybits dir=down m=10.0 mode=1 start=(-64.422,674.834,15.068) hits: b1=World/1.505m b2=World/9.737m"
2026-09-29T05:41:38.862Z [INFO] [autopilot] event BulletFired shooter=5378 weapon=15 by_player=False from=(-53.529, 693.532, 15.171) to=(-67.077, 669.351, 14.469)
2026-09-29T05:41:38.862Z [INFO] [autopilot] event BulletFired shooter=3074 weapon=15 by_player=False from=(-68.272, 654.966, 15.191) to=(-55.674, 726.24, 13.712)
2026-09-29T05:41:38.975Z [INFO] [autopilot] event BulletFired shooter=7683 weapon=15 by_player=False from=(-48.184, 698.102, 104.981) to=(-65.254, 676.416, 13.558)
2026-09-29T05:41:38.976Z [INFO] [autopilot] event BulletFired shooter=4610 weapon=15 by_player=False from=(-48.538, 693.874, 15.241) to=(-545.056, 65.835, -4.908)
2026-09-29T05:41:39.024Z [INFO] [autopilot] event BulletFired shooter=5378 weapon=15 by_player=False from=(-53.413, 693.444, 15.239) to=(-67.077, 669.778, 14.358)
2026-09-29T05:41:39.025Z [INFO] [autopilot] event BulletFired shooter=3074 weapon=15 by_player=False from=(-68.254, 654.741, 15.13) to=(-67.452, 659.686, 14.993)
2026-09-29T05:41:39.117Z [INFO] [autopilot] event BulletFired shooter=2051 weapon=15 by_player=False from=(-58.469, 700.218, 15.151) to=(-220, -84.157, 5.618)
2026-09-29T05:41:39.169Z [INFO] [autopilot] event BulletFired shooter=7683 weapon=15 by_player=False from=(-47.993, 698.466, 105.783) to=(-62.214, 673.957, 13.714)
2026-09-29T05:41:39.170Z [INFO] [autopilot] event BulletFired shooter=4610 weapon=15 by_player=False from=(-48.538, 693.873, 15.23) to=(-64.321, 674.893, 14.597)
2026-09-29T05:41:39.171Z [INFO] [autopilot] event PedDamaged handle=2 100->100 bone=0x4B3 by_player=False weapon=15 exact=True type=Bullet amount=60.0 health_lost=0.0 armour_lost=0.0 attacker=4610 vehicle=0 killed=False hit=True at=(-64.321, 674.893, 14.597) dir=(-0.639, -0.769, -0.026)
2026-09-29T05:41:39.223Z [INFO] [autopilot] event BulletFired shooter=5378 weapon=15 by_player=False from=(-53.415, 693.433, 15.23) to=(-89.105, 634.106, 15.039)
2026-09-29T05:41:39.270Z [INFO] [autopilot] event PedRemoved handle=8709
2026-09-29T05:41:39.320Z [INFO] [autopilot] event BulletFired shooter=4610 weapon=15 by_player=False from=(-48.545, 693.869, 15.24) to=(-64.413, 674.963, 15.21)
2026-09-29T05:41:39.320Z [INFO] [autopilot] event PedDamaged handle=2 100->100 bone=0x4B5 by_player=False weapon=15 exact=True type=Bullet amount=60.0 health_lost=0.0 armour_lost=0.0 attacker=4610 vehicle=0 killed=False hit=True at=(-64.413, 674.963, 15.21) dir=(-0.643, -0.766, -0.001)
2026-09-29T05:41:39.327Z [INFO] raydebug dir=forward flags=0xFFFFFFFF mode=1 status=Clear start=(-64.422,674.834,15.068) pos=(0.000,0.000,0.000) normal=(0.000,0.000,0.000) distance=0.000 kind=World handle=0 link=-2 raw=00000000 00000000 00000000 00000000 00000000 00000000 00000000 00000000 00000000 00000000 00000000 00000000 00000000 00000000 00000000 00000000 00000000 00000000 00000000 0000FFFF 00000000 00000000 00000000 00000000
2026-09-29T05:41:39.328Z [INFO] command source=file:cmd_20260929054139110.cmd line="raydebug forward 30" reply="status=Clear kind=World handle=0 link=-2 distance=0.000"
2026-09-29T05:41:39.385Z [INFO] [autopilot] event BulletFired shooter=7683 weapon=15 by_player=False from=(-47.788, 698.881, 106.819) to=(-63.098, 675.851, 13.731)
2026-09-29T05:41:39.385Z [INFO] [autopilot] event BulletFired shooter=5378 weapon=15 by_player=False from=(-53.413, 693.421, 15.24) to=(-67.077, 670.889, 14.542)
2026-09-29T05:41:39.446Z [INFO] [autopilot] event BulletFired shooter=4610 weapon=15 by_player=False from=(-48.541, 693.857, 15.229) to=(-64.266, 674.803, 14.546)
2026-09-29T05:41:39.447Z [INFO] [autopilot] event PedDamaged handle=2 100->100 bone=0xFFFFFFFF by_player=False weapon=15 exact=True type=Bullet amount=60.0 health_lost=0.0 armour_lost=0.0 attacker=4610 vehicle=0 killed=False hit=True at=(-64.266, 674.803, 14.546) dir=(-0.636, -0.771, -0.028)
2026-09-29T05:41:39.513Z [INFO] [autopilot] event BulletFired shooter=5378 weapon=15 by_player=False from=(-53.401, 693.405, 15.229) to=(-457.436, 2.424, -0.733)
2026-09-29T05:41:39.514Z [INFO] [autopilot] event BulletFired shooter=5122 weapon=15 by_player=False from=(-56.755, 689.517, 15.167) to=(-64.346, 674.94, 14.651)
2026-09-29T05:41:39.515Z [INFO] [autopilot] event PedDamaged handle=2 100->100 bone=0x4B3 by_player=False weapon=15 exact=True type=Bullet amount=60.0 health_lost=0.0 armour_lost=0.0 attacker=5122 vehicle=0 killed=False hit=True at=(-64.346, 674.94, 14.651) dir=(-0.462, -0.887, -0.031)
2026-09-29T05:41:39.579Z [INFO] [autopilot] event BulletFired shooter=7683 weapon=15 by_player=False from=(-47.623, 699.231, 107.769) to=(-63.12, 674.754, 13.739)
2026-09-29T05:41:39.586Z [INFO] command source=file:cmd_20260929054139492.cmd line="spawncar admiral 6" reply="spawning admiral"
2026-09-29T05:41:39.692Z [INFO] [autopilot] event BulletFired shooter=6916 weapon=15 by_player=False from=(-81.433, 725.431, 91.062) to=(-65.424, 675.312, 13.558)
2026-09-29T05:41:39.693Z [INFO] [autopilot] event BulletFired shooter=6149 weapon=10 by_player=False from=(-47.506, 693.077, 15.156) to=(-64.244, 674.776, 14.977)
2026-09-29T05:41:39.694Z [INFO] [autopilot] event BulletFired shooter=5378 weapon=15 by_player=False from=(-53.411, 693.399, 15.237) to=(-64.648, 674.945, 14.945)
2026-09-29T05:41:39.695Z [INFO] [autopilot] event BulletFired shooter=5122 weapon=15 by_player=False from=(-56.822, 689.667, 15.215) to=(-413.433, -26.98, -0.954)
2026-09-29T05:41:39.695Z [INFO] [autopilot] event PedDamaged handle=2 100->100 bone=0x36A1 by_player=False weapon=10 exact=True type=Bullet amount=100.0 health_lost=0.0 armour_lost=0.0 attacker=6149 vehicle=0 killed=False hit=True at=(-64.244, 674.776, 14.977) dir=(-0.675, -0.738, -0.007)
2026-09-29T05:41:39.696Z [INFO] [autopilot] event PedDamaged handle=2 100->100 bone=0x4C1 by_player=False weapon=15 exact=True type=Bullet amount=60.0 health_lost=0.0 armour_lost=0.0 attacker=5378 vehicle=0 killed=False hit=True at=(-64.648, 674.945, 14.945) dir=(-0.52, -0.854, -0.014)
2026-09-29T05:41:39.774Z [INFO] [autopilot] event BulletFired shooter=4866 weapon=15 by_player=False from=(-50.128, 694.949, 15.216) to=(-108.163, 609.821, 15.119)
2026-09-29T05:41:39.776Z [INFO] [autopilot] autopilot_spawncar handle=8964 model=admiral
2026-09-29T05:41:39.835Z [INFO] [autopilot] event VehicleAppeared handle=8964
2026-09-29T05:41:39.933Z [INFO] [autopilot] event BulletFired shooter=6916 weapon=15 by_player=False from=(-81.754, 725.742, 91.063) to=(-63.247, 673.137, 13.721)
2026-09-29T05:41:39.934Z [INFO] [autopilot] event BulletFired shooter=5122 weapon=15 by_player=False from=(-56.821, 689.665, 15.203) to=(-64.279, 674.872, 14.694)
2026-09-29T05:41:39.935Z [INFO] [autopilot] event PedDamaged handle=2 100->100 bone=0x4B2 by_player=False weapon=15 exact=True type=Bullet amount=60.0 health_lost=0.0 armour_lost=0.0 attacker=5122 vehicle=0 killed=False hit=True at=(-64.279, 674.872, 14.694) dir=(-0.45, -0.893, -0.031)
2026-09-29T05:41:39.940Z [INFO] T-001 heartbeat probe_label=default
2026-09-29T05:41:39.992Z [INFO] [autopilot] event BulletFired shooter=4866 weapon=15 by_player=False from=(-50.032, 694.887, 15.267) to=(-523.858, 49.459, 10.492)
2026-09-29T05:41:39.993Z [INFO] [autopilot] event BulletFired shooter=2051 weapon=15 by_player=False from=(-56.703, 700.62, 15.163) to=(-270.946, -70.968, 11.638)
2026-09-29T05:41:40.049Z [INFO] [autopilot] event BulletFired shooter=5122 weapon=15 by_player=False from=(-56.825, 689.653, 15.213) to=(-67.077, 669.187, 14.375)
2026-09-29T05:41:40.104Z [INFO] [autopilot] event BulletFired shooter=6916 weapon=15 by_player=False from=(-82.079, 726.04, 91.062) to=(-64.243, 676.294, 13.575)
2026-09-29T05:41:40.105Z [INFO] [autopilot] event BulletFired shooter=4866 weapon=15 by_player=False from=(-50.042, 694.893, 15.255) to=(-519.697, 46.608, 4.688)
2026-09-29T05:41:40.170Z [INFO] [autopilot] event BulletFired shooter=2051 weapon=15 by_player=False from=(-56.215, 700.683, 15.174) to=(-62.028, 681.797, 14.518)
2026-09-29T05:41:40.170Z [INFO] [autopilot] event VehicleDamaged handle=8964 1000->994 engine 1000->1000
2026-09-29T05:41:40.242Z [INFO] [autopilot] event BulletFired shooter=5122 weapon=15 by_player=False from=(-56.813, 689.651, 15.206) to=(-67.063, 668.75, 14.909)
2026-09-29T05:41:40.303Z [INFO] [autopilot] event BulletFired shooter=6916 weapon=15 by_player=False from=(-82.376, 726.305, 91.053) to=(-63.653, 675.955, 13.693)
2026-09-29T05:41:40.303Z [INFO] [autopilot] event BulletFired shooter=4866 weapon=15 by_player=False from=(-50.044, 694.89, 15.267) to=(-530.72, 54.743, -6.077)
2026-09-29T05:41:40.369Z [INFO] [autopilot] event BulletFired shooter=2051 weapon=15 by_player=False from=(-55.851, 700.765, 15.24) to=(-64.419, 674.937, 15.08)
2026-09-29T05:41:40.370Z [INFO] [autopilot] event PedDamaged handle=2 100->100 bone=0x4B5 by_player=False weapon=15 exact=True type=Bullet amount=60.0 health_lost=0.0 armour_lost=0.0 attacker=2051 vehicle=0 killed=False hit=True at=(-64.419, 674.937, 15.08) dir=(-0.315, -0.949, -0.006)
2026-09-29T05:41:40.436Z [INFO] [autopilot] event BulletFired shooter=4866 weapon=15 by_player=False from=(-50.039, 694.883, 15.256) to=(-64.417, 674.978, 14.433)
2026-09-29T05:41:40.437Z [INFO] [autopilot] event PedDamaged handle=2 100->100 bone=0xFFFFFFFF by_player=False weapon=15 exact=True type=Bullet amount=60.0 health_lost=0.0 armour_lost=0.0 attacker=4866 vehicle=0 killed=False hit=True at=(-64.417, 674.978, 14.433) dir=(-0.585, -0.81, -0.033)
2026-09-29T05:41:40.501Z [INFO] [autopilot] event BulletFired shooter=2051 weapon=15 by_player=False from=(-55.57, 700.847, 15.254) to=(-64.631, 674.938, 14.836)
2026-09-29T05:41:40.502Z [INFO] [autopilot] event PedDamaged handle=2 100->100 bone=0x4C1 by_player=False weapon=15 exact=True type=Bullet amount=60.0 health_lost=0.0 armour_lost=0.0 attacker=2051 vehicle=0 killed=False hit=True at=(-64.631, 674.938, 14.836) dir=(-0.33, -0.944, -0.015)
2026-09-29T05:41:40.622Z [INFO] [autopilot] event BulletFired shooter=4866 weapon=15 by_player=False from=(-50.035, 694.88, 15.264) to=(-109.967, 609.649, 15.249)
2026-09-29T05:41:40.623Z [INFO] [autopilot] event BulletFired shooter=2051 weapon=15 by_player=False from=(-55.238, 700.916, 15.218) to=(-85.066, 609.47, 15.868)
2026-09-29T05:41:40.743Z [INFO] [autopilot] event BulletFired shooter=3843 weapon=10 by_player=False from=(-56.584, 691.927, 15.135) to=(-62.726, 678.765, 15.068)
2026-09-29T05:41:40.744Z [INFO] [autopilot] event VehicleDamaged handle=8964 994->979 engine 1000->1000
2026-09-29T05:41:41.098Z [INFO] [autopilot] event BulletFired shooter=5894 weapon=7 by_player=False from=(-45.289, 691.777, 15.15) to=(-64.416, 674.978, 14.502)
2026-09-29T05:41:41.099Z [INFO] [autopilot] event PedDamaged handle=2 100->100 bone=0xFFFFFFFF by_player=False weapon=7 exact=True type=Bullet amount=60.0 health_lost=0.0 armour_lost=0.0 attacker=5894 vehicle=0 killed=False hit=True at=(-64.416, 674.978, 14.502) dir=(-0.751, -0.66, -0.025)
2026-09-29T05:41:41.227Z [INFO] [autopilot] event BulletFired shooter=3330 weapon=15 by_player=False from=(-78.582, 656.593, 14.94) to=(406.951, 1293.215, 9.514)
2026-09-29T05:41:41.389Z [INFO] [autopilot] event BulletFired shooter=4356 weapon=10 by_player=False from=(-54.288, 699.133, 15.208) to=(-92.52, 606.184, 13.612)
2026-09-29T05:41:41.390Z [INFO] [autopilot] event BulletFired shooter=3330 weapon=15 by_player=False from=(-78.523, 656.427, 15) to=(409.917, 1290.82, 18.204)
2026-09-29T05:41:41.430Z [INFO] [autopilot] event BulletFired shooter=5894 weapon=7 by_player=False from=(-45.271, 691.799, 15.193) to=(-93.797, 648.412, 14.256)
2026-09-29T05:41:41.514Z [INFO] [autopilot] event BulletFired shooter=6916 weapon=15 by_player=False from=(-84.081, 727.768, 90.866) to=(-62.411, 674.132, 13.737)
2026-09-29T05:41:41.556Z [INFO] [autopilot] event BulletFired shooter=3330 weapon=15 by_player=False from=(-78.52, 656.426, 14.989) to=(-67.549, 670.374, 14.762)
2026-09-29T05:41:41.681Z [INFO] [autopilot] event BulletFired shooter=6916 weapon=15 by_player=False from=(-84.197, 727.85, 90.842) to=(-65.565, 675.753, 13.558)
2026-09-29T05:41:41.731Z [INFO] [autopilot] event BulletFired shooter=3330 weapon=15 by_player=False from=(-78.516, 656.432, 15.003) to=(-67.547, 670.461, 14.929)
2026-09-29T05:41:41.835Z [INFO] [autopilot] event BulletFired shooter=5894 weapon=7 by_player=False from=(-45.273, 691.775, 15.183) to=(-64.49, 675.039, 14.314)
2026-09-29T05:41:41.836Z [INFO] [autopilot] event PedDamaged handle=2 100->100 bone=0x1A2 by_player=False weapon=7 exact=True type=Bullet amount=60.0 health_lost=0.0 armour_lost=0.0 attacker=5894 vehicle=0 killed=False hit=True at=(-64.49, 675.039, 14.314) dir=(-0.754, -0.656, -0.034)
2026-09-29T05:41:41.902Z [INFO] [autopilot] event BulletFired shooter=6916 weapon=15 by_player=False from=(-84.273, 727.896, 90.819) to=(-62.913, 673.028, 13.739)
2026-09-29T05:41:41.903Z [INFO] [autopilot] event BulletFired shooter=6149 weapon=10 by_player=False from=(-47.505, 693.061, 15.153) to=(-67.077, 672.642, 14.825)
2026-09-29T05:41:41.904Z [INFO] [autopilot] event BulletFired shooter=3330 weapon=15 by_player=False from=(-78.529, 656.443, 14.994) to=(-67.549, 670.89, 14.594)
2026-09-29T05:41:42.007Z [INFO] raydebug dir=forward flags=0xFFFFFFFF mode=1 status=Hit start=(-64.422,674.834,14.268) pos=(-64.422,679.828,14.268) normal=(0.017,-0.955,-0.296) distance=4.995 kind=Vehicle handle=8964 link=12 raw=11BEDD00 00000000 00000000 00000000 C280D843 4429F501 416448D9 00000015 3C8A6B87 BF74734B BE97CE90 00000015 3C8A6B87 BF74734B BE97CE90 00000015 3ED51B36 40E02B9F 0000004F 00020001 00010001 00000000 00000000 00000000
2026-09-29T05:41:42.008Z [INFO] command source=file:cmd_20260929054141934.cmd line="raydebug forward 12 FFFFFFFF 1 -0.3" reply="status=Hit kind=Vehicle handle=8964 link=12 distance=4.995"
2026-09-29T05:41:42.100Z [INFO] [autopilot] event BulletFired shooter=5378 weapon=15 by_player=False from=(-53.539, 693.511, 15.174) to=(-64.45, 674.989, 14.386)
2026-09-29T05:41:42.101Z [INFO] [autopilot] event BulletFired shooter=3074 weapon=15 by_player=False from=(-66.248, 654.21, 15.08) to=(8.006, 1451.384, 12.08)
2026-09-29T05:41:42.102Z [INFO] [autopilot] event PedDamaged handle=2 100->100 bone=0x1A2 by_player=False weapon=15 exact=True type=Bullet amount=60.0 health_lost=0.0 armour_lost=0.0 attacker=5378 vehicle=0 killed=False hit=True at=(-64.45, 674.989, 14.386) dir=(-0.507, -0.861, -0.037)
2026-09-29T05:41:42.233Z [INFO] [autopilot] event BulletFired shooter=3074 weapon=15 by_player=False from=(-66.101, 654.119, 15.107) to=(-64.451, 679.901, 14.578)
2026-09-29T05:41:42.234Z [INFO] [autopilot] event VehicleDamaged handle=8964 979->973 engine 1000->1000
2026-09-29T05:41:42.278Z [INFO] [autopilot] event BulletFired shooter=5378 weapon=15 by_player=False from=(-53.433, 693.452, 15.238) to=(-459.287, 3.403, 5.798)
2026-09-29T05:41:42.382Z [INFO] [autopilot] event BulletFired shooter=3587 weapon=7 by_player=False from=(-51.935, 696.429, 15.222) to=(-84.815, 640.24, 15.021)
2026-09-29T05:41:42.432Z [INFO] [autopilot] event BulletFired shooter=5378 weapon=15 by_player=False from=(-53.437, 693.456, 15.228) to=(-64.327, 674.885, 14.913)
2026-09-29T05:41:42.433Z [INFO] [autopilot] event BulletFired shooter=5122 weapon=15 by_player=False from=(-56.773, 689.531, 15.178) to=(-425.247, -20.837, -8.766)
2026-09-29T05:41:42.434Z [INFO] [autopilot] event BulletFired shooter=3074 weapon=15 by_player=False from=(-66.094, 654.085, 15.115) to=(-64.627, 674.984, 14.428)
2026-09-29T05:41:42.435Z [INFO] [autopilot] event PedDamaged handle=2 100->100 bone=0x36A1 by_player=False weapon=15 exact=True type=Bullet amount=60.0 health_lost=0.0 armour_lost=0.0 attacker=5378 vehicle=0 killed=False hit=True at=(-64.327, 674.885, 14.913) dir=(-0.506, -0.863, -0.015)
2026-09-29T05:41:42.435Z [INFO] [autopilot] event PedDamaged handle=2 100->100 bone=0x4C3 by_player=False weapon=15 exact=True type=Bullet amount=60.0 health_lost=0.0 armour_lost=0.0 attacker=3074 vehicle=0 killed=False hit=True at=(-64.627, 674.984, 14.428) dir=(0.07, 0.997, -0.033)
2026-09-29T05:41:42.541Z [INFO] [autopilot] event BulletFired shooter=5378 weapon=15 by_player=False from=(-53.442, 693.439, 15.233) to=(-464.636, 7.134, -19.534)
2026-09-29T05:41:42.542Z [INFO] [autopilot] event BulletFired shooter=4866 weapon=15 by_player=False from=(-50.06, 694.777, 15.241) to=(-523.742, 49.312, 8.561)
2026-09-29T05:41:42.552Z [INFO] raybits dir=forward m=12.0 mode=1 start=(-64.422,674.834,14.268) hits: b3=Vehicle/4.995m
2026-09-29T05:41:42.553Z [INFO] command source=file:cmd_20260929054142319.cmd line="raybits forward 12 1 -0.3" reply="raybits dir=forward m=12.0 mode=1 start=(-64.422,674.834,14.268) hits: b3=Vehicle/4.995m"
2026-09-29T05:41:42.601Z [INFO] [autopilot] event BulletFired shooter=5122 weapon=15 by_player=False from=(-56.842, 689.675, 15.213) to=(-62.573, 678.508, 14.755)
2026-09-29T05:41:42.602Z [INFO] [autopilot] event BulletFired shooter=3074 weapon=15 by_player=False from=(-66.091, 654.091, 15.127) to=(1.649, 1451.864, 11.646)
2026-09-29T05:41:42.659Z [INFO] [autopilot] event BulletFired shooter=4866 weapon=15 by_player=False from=(-50.189, 694.763, 15.222) to=(-64.217, 674.686, 14.728)
2026-09-29T05:41:42.659Z [INFO] [autopilot] event PedDamaged handle=2 100->100 bone=0x4C8 by_player=False weapon=15 exact=True type=Bullet amount=60.0 health_lost=0.0 armour_lost=0.0 attacker=4866 vehicle=0 killed=False hit=True at=(-64.217, 674.686, 14.728) dir=(-0.573, -0.82, -0.02)
2026-09-29T05:41:42.723Z [INFO] [autopilot] event BulletFired shooter=5378 weapon=15 by_player=False from=(-53.432, 693.443, 15.23) to=(-450.197, -2.01, 7.432)
2026-09-29T05:41:42.780Z [INFO] [autopilot] event BulletFired shooter=5122 weapon=15 by_player=False from=(-56.83, 689.662, 15.203) to=(-408.704, -29.281, -5.584)
2026-09-29T05:41:42.781Z [INFO] [autopilot] event BulletFired shooter=3587 weapon=7 by_player=False from=(-51.917, 696.454, 15.25) to=(-83.405, 639.457, 14.726)
2026-09-29T05:41:42.781Z [INFO] [autopilot] event BulletFired shooter=3074 weapon=15 by_player=False from=(-66.105, 654.089, 15.122) to=(-64.349, 674.704, 14.626)
2026-09-29T05:41:42.782Z [INFO] [autopilot] event PedDamaged handle=2 100->100 bone=0x4B2 by_player=False weapon=15 exact=True type=Bullet amount=60.0 health_lost=0.0 armour_lost=0.0 attacker=3074 vehicle=0 killed=False hit=True at=(-64.349, 674.704, 14.626) dir=(0.085, 0.996, -0.024)
2026-09-29T05:41:42.840Z [INFO] [autopilot] event BulletFired shooter=4866 weapon=15 by_player=False from=(-50.416, 694.77, 15.231) to=(-519.2, 45.406, 21.442)
2026-09-29T05:41:42.845Z [INFO] raydebug dir=forward flags=0xFFFFFFFF mode=-1 status=Hit start=(-64.422,674.834,14.268) pos=(-64.422,679.828,14.268) normal=(0.017,-0.955,-0.296) distance=4.995 kind=Vehicle handle=8964 link=12 raw=11BEDD00 00000000 00000000 00000000 C280D843 4429F501 416448D9 00000015 3C8A6B87 BF74734B BE97CE90 00000015 3C8A6B87 BF74734B BE97CE90 00000015 3ED51B36 40E02B9F 0000004F 00020001 00010001 00000000 00000000 00000000
2026-09-29T05:41:42.845Z [INFO] command source=file:cmd_20260929054142701.cmd line="raydebug forward 12 FFFFFFFF -1 -0.3" reply="status=Hit kind=Vehicle handle=8964 link=12 distance=4.995"
2026-09-29T05:41:42.898Z [INFO] [autopilot] event BulletFired shooter=5378 weapon=15 by_player=False from=(-53.427, 693.432, 15.239) to=(-64.465, 674.987, 14.966)
2026-09-29T05:41:42.899Z [INFO] [autopilot] event PedDamaged handle=2 100->100 bone=0x36A1 by_player=False weapon=15 exact=True type=Bullet amount=60.0 health_lost=0.0 armour_lost=0.0 attacker=5378 vehicle=0 killed=False hit=True at=(-64.465, 674.987, 14.966) dir=(-0.513, -0.858, -0.013)
2026-09-29T05:41:42.955Z [INFO] [autopilot] event BulletFired shooter=5122 weapon=15 by_player=False from=(-56.831, 689.656, 15.216) to=(-62.578, 678.592, 14.793)
2026-09-29T05:41:43.006Z [INFO] [autopilot] event BulletFired shooter=4866 weapon=15 by_player=False from=(-50.604, 694.769, 15.227) to=(-64.167, 674.648, 14.714)
2026-09-29T05:41:43.007Z [INFO] [autopilot] event PedDamaged handle=2 100->100 bone=0x4C8 by_player=False weapon=15 exact=True type=Bullet amount=60.0 health_lost=0.0 armour_lost=0.0 attacker=4866 vehicle=0 killed=False hit=True at=(-64.167, 674.648, 14.714) dir=(-0.559, -0.829, -0.021)
2026-09-29T05:41:43.057Z [INFO] [autopilot] event BulletFired shooter=3587 weapon=7 by_player=False from=(-51.912, 696.433, 15.258) to=(-84.29, 639.995, 13.039)
2026-09-29T05:41:43.111Z [INFO] [autopilot] event BulletFired shooter=5122 weapon=15 by_player=False from=(-56.82, 689.653, 15.207) to=(-64.179, 674.66, 14.757)
2026-09-29T05:41:43.112Z [INFO] [autopilot] event PedDamaged handle=2 100->100 bone=0x4C8 by_player=False weapon=15 exact=True type=Bullet amount=60.0 health_lost=0.0 armour_lost=0.0 attacker=5122 vehicle=0 killed=False hit=True at=(-64.179, 674.66, 14.757) dir=(-0.44, -0.897, -0.027)
2026-09-29T05:41:43.116Z [INFO] raydebug dir=forward flags=0xFFFFFFFF mode=1 status=Clear start=(-64.422,674.834,15.068) pos=(0.000,0.000,0.000) normal=(0.000,0.000,0.000) distance=0.000 kind=World handle=0 link=-2 raw=00000000 00000000 00000000 00000000 00000000 00000000 00000000 00000000 00000000 00000000 00000000 00000000 00000000 00000000 00000000 00000000 00000000 00000000 00000000 0000FFFF 00000000 00000000 00000000 00000000
2026-09-29T05:41:43.117Z [INFO] command source=file:cmd_20260929054143083.cmd line="raydebug forward 12 FFFFFFFF 1 0.5" reply="status=Clear kind=World handle=0 link=-2 distance=0.000"
2026-09-29T05:41:43.169Z [INFO] [autopilot] event BulletFired shooter=4866 weapon=15 by_player=False from=(-50.808, 694.768, 15.209) to=(-108.13, 609.549, 15.41)
2026-09-29T05:41:43.170Z [INFO] [autopilot] event BulletFired shooter=4610 weapon=15 by_player=False from=(-48.451, 693.666, 15.185) to=(-67.24, 672.075, 15.036)
2026-09-29T05:41:43.269Z [INFO] [autopilot] event BulletFired shooter=5122 weapon=15 by_player=False from=(-56.822, 689.642, 15.21) to=(-67.077, 669.167, 14.53)
2026-09-29T05:41:43.270Z [INFO] [autopilot] event BulletFired shooter=4866 weapon=15 by_player=False from=(-50.96, 694.768, 15.188) to=(-67.077, 670.122, 14.673)
2026-09-29T05:41:43.315Z [INFO] [autopilot] event BulletFired shooter=6916 weapon=15 by_player=False from=(-83.181, 727.319, 90.88) to=(-67.248, 673.864, 15.041)
2026-09-29T05:41:43.316Z [INFO] [autopilot] event BulletFired shooter=4610 weapon=15 by_player=False from=(-48.542, 693.858, 15.24) to=(-64.383, 674.932, 15.282)
2026-09-29T05:41:43.316Z [INFO] [autopilot] event PedDamaged handle=2 100->100 bone=0x4B5 by_player=False weapon=15 exact=True type=Bullet amount=60.0 health_lost=0.0 armour_lost=0.0 attacker=4610 vehicle=0 killed=False hit=True at=(-64.383, 674.932, 15.282) dir=(-0.642, -0.767, 0.002)
2026-09-29T05:41:43.500Z [INFO] [autopilot] event BulletFired shooter=6916 weapon=15 by_player=False from=(-83.04, 727.205, 90.884) to=(-64.381, 676.702, 13.569)
2026-09-29T05:41:43.500Z [INFO] [autopilot] event BulletFired shooter=4610 weapon=15 by_player=False from=(-48.546, 693.869, 15.23) to=(-64.652, 674.954, 14.856)
2026-09-29T05:41:43.501Z [INFO] [autopilot] event PedDamaged handle=2 100->100 bone=0x4C1 by_player=False weapon=15 exact=True type=Bullet amount=60.0 health_lost=0.0 armour_lost=0.0 attacker=4610 vehicle=0 killed=False hit=True at=(-64.652, 674.954, 14.856) dir=(-0.648, -0.761, -0.015)
2026-09-29T05:41:43.642Z [INFO] [autopilot] event BulletFired shooter=4610 weapon=15 by_player=False from=(-48.551, 693.866, 15.243) to=(-64.441, 674.939, 15.054)
2026-09-29T05:41:43.643Z [INFO] [autopilot] event PedDamaged handle=2 100->100 bone=0x36A1 by_player=False weapon=15 exact=True type=Bullet amount=60.0 health_lost=0.0 armour_lost=0.0 attacker=4610 vehicle=0 killed=False hit=True at=(-64.441, 674.939, 15.054) dir=(-0.643, -0.766, -0.008)
2026-09-29T05:41:43.648Z [INFO] command source=file:cmd_20260929054143464.cmd line="clear" reply="cleared 1"
2026-09-29T05:41:43.699Z [INFO] [autopilot] event VehicleRemoved handle=8964
2026-09-29T05:41:43.809Z [INFO] [autopilot] event BulletFired shooter=4610 weapon=15 by_player=False from=(-48.544, 693.859, 15.233) to=(-560.641, 78.779, -4.585)
2026-09-29T05:41:43.914Z [INFO] [autopilot] event BulletFired shooter=4356 weapon=10 by_player=False from=(-54.306, 699.14, 15.207) to=(-62.769, 678.824, 14.81)
2026-09-29T05:41:43.915Z [INFO] [autopilot] event VehicleDamaged handle=259 921->891 engine 1000->995
2026-09-29T05:41:43.970Z [INFO] [autopilot] event PedAppeared handle=8963
2026-09-29T05:41:44.024Z [INFO] [autopilot] event BulletFired shooter=4610 weapon=15 by_player=False from=(-48.544, 693.855, 15.239) to=(-572.128, 88.488, -10.286)
2026-09-29T05:41:44.232Z [INFO] [autopilot] event BulletFired shooter=5894 weapon=7 by_player=False from=(-45.298, 691.799, 15.15) to=(-93.434, 647.956, 15.305)
2026-09-29T05:41:44.327Z [INFO] [autopilot] event BulletFired shooter=5378 weapon=15 by_player=False from=(-53.453, 693.263, 15.192) to=(-468.185, 8.754, -6.259)
2026-09-29T05:41:44.452Z [INFO] [autopilot] event BulletFired shooter=5378 weapon=15 by_player=False from=(-53.747, 693.164, 15.191) to=(-440.809, -7.745, 2.832)
2026-09-29T05:41:44.534Z [INFO] [autopilot] event BulletFired shooter=2051 weapon=15 by_player=False from=(-55.67, 703.991, 15.216) to=(-84.047, 609.47, 16.408)
2026-09-29T05:41:44.573Z [INFO] [autopilot] event BulletFired shooter=5894 weapon=7 by_player=False from=(-45.288, 691.812, 15.187) to=(-93.689, 648.309, 13.144)
2026-09-29T05:41:44.574Z [INFO] [autopilot] event BulletFired shooter=4100 weapon=7 by_player=False from=(-56.834, 693.39, 15.138) to=(-63.099, 678.698, 14.991)
2026-09-29T05:41:44.613Z [INFO] [autopilot] event BulletFired shooter=5378 weapon=15 by_player=False from=(-54.098, 693.099, 15.177) to=(-64.309, 674.886, 14.974)
2026-09-29T05:41:44.613Z [INFO] [autopilot] event PedDamaged handle=2 100->100 bone=0x36A1 by_player=False weapon=15 exact=True type=Bullet amount=60.0 health_lost=0.0 armour_lost=0.0 attacker=5378 vehicle=0 killed=False hit=True at=(-64.309, 674.886, 14.974) dir=(-0.489, -0.872, -0.01)
2026-09-29T05:41:44.694Z [INFO] [autopilot] event BulletFired shooter=2051 weapon=15 by_player=False from=(-55.768, 704.131, 15.255) to=(-62.988, 678.839, 14.626)
2026-09-29T05:41:44.772Z [INFO] [autopilot] event BulletFired shooter=5378 weapon=15 by_player=False from=(-54.402, 692.738, 15.172) to=(-62.778, 678.83, 14.796)
2026-09-29T05:41:44.847Z [INFO] [autopilot] event BulletFired shooter=5894 weapon=7 by_player=False from=(-45.287, 691.791, 15.197) to=(-64.112, 674.702, 14.514)
2026-09-29T05:41:44.848Z [INFO] [autopilot] event BulletFired shooter=2051 weapon=15 by_player=False from=(-55.74, 704.109, 15.247) to=(-277.455, -65.27, 15.179)
2026-09-29T05:41:44.849Z [INFO] [autopilot] event PedDamaged handle=2 100->100 bone=0x4C9 by_player=False weapon=7 exact=True type=Bullet amount=60.0 health_lost=0.0 armour_lost=0.0 attacker=5894 vehicle=0 killed=False hit=True at=(-64.112, 674.702, 14.514) dir=(-0.74, -0.672, -0.027)
2026-09-29T05:41:44.896Z [INFO] [autopilot] event BulletFired shooter=4100 weapon=7 by_player=False from=(-56.813, 693.424, 15.17) to=(-62.598, 678.665, 15.003)
2026-09-29T05:41:44.933Z [INFO] [autopilot] event BulletFired shooter=5378 weapon=15 by_player=False from=(-54.465, 692.294, 15.194) to=(-451.486, -2.478, -11.41)
2026-09-29T05:41:45.010Z [INFO] [autopilot] event BulletFired shooter=2051 weapon=15 by_player=False from=(-55.743, 704.104, 15.259) to=(-83.594, 609.47, 16.037)
2026-09-29T05:41:45.015Z [INFO] command source=file:cmd_20260929054144875.cmd line="spawn 1 4 0" reply="spawning 1 at 4 m"
2026-09-29T05:41:45.094Z [INFO] [autopilot] event PedAppeared handle=9219
2026-09-29T05:41:45.097Z [INFO] [autopilot] autopilot_spawned count=1
2026-09-29T05:41:45.166Z [INFO] [autopilot] event BulletFired shooter=6149 weapon=10 by_player=False from=(-47.49, 693.042, 15.152) to=(-64.285, 674.876, 14.521)
2026-09-29T05:41:45.167Z [INFO] [autopilot] event BulletFired shooter=3330 weapon=15 by_player=False from=(-78.586, 656.581, 14.942) to=(414.052, 1287.398, -4.252)
2026-09-29T05:41:45.167Z [INFO] [autopilot] event BulletFired shooter=2051 weapon=15 by_player=False from=(-55.725, 704.101, 15.254) to=(-67.077, 668.305, 14.494)
2026-09-29T05:41:45.168Z [INFO] [autopilot] event PedDamaged handle=2 100->100 bone=0xFFFFFFFF by_player=False weapon=10 exact=True type=Bullet amount=100.0 health_lost=0.0 armour_lost=0.0 attacker=6149 vehicle=0 killed=False hit=True at=(-64.285, 674.876, 14.521) dir=(-0.679, -0.734, -0.025)
2026-09-29T05:41:45.243Z [INFO] [autopilot] event BulletFired shooter=4100 weapon=7 by_player=False from=(-56.808, 693.414, 15.171) to=(-62.838, 678.849, 14.702)
2026-09-29T05:41:45.327Z [INFO] [autopilot] event BulletFired shooter=6916 weapon=15 by_player=False from=(-83.021, 725.175, 90.669) to=(-66.49, 674.504, 13.599)
2026-09-29T05:41:45.328Z [INFO] [autopilot] event BulletFired shooter=2051 weapon=15 by_player=False from=(-55.725, 704.091, 15.258) to=(-62.987, 678.829, 14.762)
2026-09-29T05:41:45.412Z [INFO] [autopilot] event BulletFired shooter=5122 weapon=15 by_player=False from=(-56.755, 689.518, 15.156) to=(-426.823, -20.155, -4.494)
2026-09-29T05:41:45.490Z [INFO] [autopilot] event BulletFired shooter=6916 weapon=15 by_player=False from=(-82.964, 724.895, 90.677) to=(-64.404, 672.963, 13.559)
2026-09-29T05:41:45.570Z [INFO] [autopilot] event BulletFired shooter=5122 weapon=15 by_player=False from=(-56.831, 689.661, 15.215) to=(-429.152, -19.289, 10.449)
2026-09-29T05:41:45.703Z [INFO] [autopilot] event BulletFired shooter=6916 weapon=15 by_player=False from=(-82.877, 724.544, 90.69) to=(-62.874, 674.865, 13.739)
2026-09-29T05:41:45.742Z [INFO] [autopilot] event BulletFired shooter=5122 weapon=15 by_player=False from=(-56.826, 689.656, 15.203) to=(-62.576, 678.553, 14.784)
2026-09-29T05:41:45.785Z [INFO] [autopilot] event BulletFired shooter=3587 weapon=7 by_player=False from=(-51.923, 696.452, 15.223) to=(-84.76, 640.243, 14.787)
2026-09-29T05:41:45.987Z [INFO] [autopilot] event BulletFired shooter=5122 weapon=15 by_player=False from=(-56.831, 689.651, 15.214) to=(-410.646, -28.512, 1.957)
2026-09-29T05:41:45.987Z [INFO] [autopilot] event BulletFired shooter=3843 weapon=10 by_player=False from=(-56.596, 691.933, 15.131) to=(-62.685, 678.757, 14.96)
2026-09-29T05:41:46.164Z [INFO] [autopilot] event BulletFired shooter=5122 weapon=15 by_player=False from=(-56.82, 689.64, 15.208) to=(-62.578, 678.593, 15.033)
2026-09-29T05:41:46.165Z [INFO] [autopilot] event BulletFired shooter=3587 weapon=7 by_player=False from=(-51.896, 696.485, 15.26) to=(-85.161, 640.53, 14.334)
2026-09-29T05:41:46.165Z [INFO] [autopilot] event BulletFired shooter=3074 weapon=15 by_player=False from=(-66.243, 654.191, 15.081) to=(-64.48, 674.687, 14.945)
2026-09-29T05:41:46.167Z [INFO] [autopilot] event PedDamaged handle=2 100->100 bone=0x36A1 by_player=False weapon=15 exact=True type=Bullet amount=60.0 health_lost=0.0 armour_lost=0.0 attacker=3074 vehicle=0 killed=False hit=True at=(-64.48, 674.687, 14.945) dir=(0.086, 0.996, -0.007)
2026-09-29T05:41:46.315Z [INFO] [autopilot] event BulletFired shooter=5122 weapon=15 by_player=False from=(-56.816, 689.632, 15.212) to=(-64.37, 674.902, 15.038)
2026-09-29T05:41:46.316Z [INFO] [autopilot] event BulletFired shooter=3074 weapon=15 by_player=False from=(-66.103, 654.079, 15.117) to=(-64.46, 674.7, 14.433)
2026-09-29T05:41:46.317Z [INFO] [autopilot] event PedDamaged handle=2 100->100 bone=0x36A1 by_player=False weapon=15 exact=True type=Bullet amount=60.0 health_lost=0.0 armour_lost=0.0 attacker=5122 vehicle=0 killed=False hit=True at=(-64.37, 674.902, 15.038) dir=(-0.456, -0.89, -0.011)
2026-09-29T05:41:46.317Z [INFO] [autopilot] event PedDamaged handle=2 100->100 bone=0xFFFFFFFF by_player=False weapon=15 exact=True type=Bullet amount=60.0 health_lost=0.0 armour_lost=0.0 attacker=3074 vehicle=0 killed=False hit=True at=(-64.46, 674.7, 14.433) dir=(0.079, 0.996, -0.033)
2026-09-29T05:41:46.475Z [INFO] [autopilot] event BulletFired shooter=3587 weapon=7 by_player=False from=(-51.896, 696.482, 15.26) to=(-64.486, 674.985, 14.639)
2026-09-29T05:41:46.476Z [INFO] [autopilot] event BulletFired shooter=3074 weapon=15 by_player=False from=(-66.096, 654.068, 15.112) to=(-12.559, 1452.849, 5.568)
2026-09-29T05:41:46.477Z [INFO] [autopilot] event PedDamaged handle=2 100->100 bone=0x4B2 by_player=False weapon=7 exact=True type=Bullet amount=60.0 health_lost=0.0 armour_lost=0.0 attacker=3587 vehicle=0 killed=False hit=True at=(-64.486, 674.985, 14.639) dir=(-0.505, -0.863, -0.025)
2026-09-29T05:41:46.625Z [INFO] [autopilot] event BulletFired shooter=4866 weapon=15 by_player=False from=(-51.159, 694.6, 15.216) to=(-508.032, 37.573, -6.186)
2026-09-29T05:41:46.745Z [INFO] [autopilot] event BulletFired shooter=3074 weapon=15 by_player=False from=(-66.094, 654.068, 15.125) to=(-64.379, 674.691, 14.708)
2026-09-29T05:41:46.746Z [INFO] [autopilot] event PedDamaged handle=2 100->100 bone=0x36A0 by_player=False weapon=15 exact=True type=Bullet amount=60.0 health_lost=0.0 armour_lost=0.0 attacker=3074 vehicle=0 killed=False hit=True at=(-64.379, 674.691, 14.708) dir=(0.083, 0.996, -0.02)
2026-09-29T05:41:46.845Z [INFO] [autopilot] event BulletFired shooter=4866 weapon=15 by_player=False from=(-51.258, 694.77, 15.257) to=(-78.052, 655.489, 15.08)
2026-09-29T05:41:46.846Z [INFO] [autopilot] event BulletFired shooter=3074 weapon=15 by_player=False from=(-66.107, 654.07, 15.118) to=(13.483, 1450.922, 13.751)
2026-09-29T05:41:47.033Z [INFO] [autopilot] event BulletFired shooter=4866 weapon=15 by_player=False from=(-51.253, 694.756, 15.251) to=(-64.338, 674.928, 14.633)
2026-09-29T05:41:47.034Z [INFO] [autopilot] event PedDamaged handle=2 100->100 bone=0x4B3 by_player=False weapon=15 exact=True type=Bullet amount=60.0 health_lost=0.0 armour_lost=0.0 attacker=4866 vehicle=0 killed=False hit=True at=(-64.338, 674.928, 14.633) dir=(-0.551, -0.834, -0.026)
2026-09-29T05:41:47.171Z [INFO] [autopilot] event BulletFired shooter=4866 weapon=15 by_player=False from=(-51.25, 694.742, 15.264) to=(-64.468, 674.94, 15.225)
2026-09-29T05:41:47.172Z [INFO] [autopilot] event PedDamaged handle=2 100->100 bone=0x4B5 by_player=False weapon=15 exact=True type=Bullet amount=60.0 health_lost=0.0 armour_lost=0.0 attacker=4866 vehicle=0 killed=False hit=True at=(-64.468, 674.94, 15.225) dir=(-0.555, -0.832, -0.002)
2026-09-29T05:41:47.352Z [INFO] [autopilot] event BulletFired shooter=6916 weapon=15 by_player=False from=(-82.153, 721.877, 90.68) to=(-65.22, 673.596, 13.558)
2026-09-29T05:41:47.353Z [INFO] [autopilot] event BulletFired shooter=4866 weapon=15 by_player=False from=(-51.243, 694.724, 15.252) to=(-64.542, 674.994, 14.457)
2026-09-29T05:41:47.353Z [INFO] [autopilot] event PedDamaged handle=2 100->100 bone=0x1A2 by_player=False weapon=15 exact=True type=Bullet amount=60.0 health_lost=0.0 armour_lost=0.0 attacker=4866 vehicle=0 killed=False hit=True at=(-64.542, 674.994, 14.457) dir=(-0.559, -0.829, -0.033)
2026-09-29T05:41:47.520Z [INFO] [autopilot] event BulletFired shooter=6916 weapon=15 by_player=False from=(-82.069, 721.579, 90.673) to=(-63.969, 673.351, 13.582)
2026-09-29T05:41:47.602Z [INFO] [autopilot] event BulletFired shooter=4610 weapon=15 by_player=False from=(-48.449, 693.669, 15.18) to=(-64.275, 674.779, 14.556)
2026-09-29T05:41:47.603Z [INFO] [autopilot] event PedDamaged handle=2 100->100 bone=0xFFFFFFFF by_player=False weapon=15 exact=True type=Bullet amount=60.0 health_lost=0.0 armour_lost=0.0 attacker=4610 vehicle=0 killed=False hit=True at=(-64.275, 674.779, 14.556) dir=(-0.642, -0.766, -0.025)
2026-09-29T05:41:47.725Z [INFO] [autopilot] event BulletFired shooter=6916 weapon=15 by_player=False from=(-81.959, 721.198, 90.669) to=(-66.274, 672.588, 13.587)
2026-09-29T05:41:47.819Z [INFO] [autopilot] event BulletFired shooter=4610 weapon=15 by_player=False from=(-48.546, 693.858, 15.239) to=(-556.621, 75.136, 7.871)
2026-09-29T05:41:47.901Z [INFO] raydebug dir=forward flags=0xFFFFFFFF mode=1 status=Hit start=(-64.422,674.834,15.068) pos=(-64.422,678.554,15.068) normal=(-0.068,-0.708,0.703) distance=3.721 kind=Ped handle=9219 link=12 raw=11C1B9B0 00000000 00000000 00000000 C280D843 4429A377 417115A6 00000015 BD8B8472 BF353F6A 3F33F293 00000015 BD8B8472 BF353F6A 3F33F293 00000015 3EEE1F38 4088F077 0000006E 00020000 000A0001 00000000 00000000 00000000
2026-09-29T05:41:47.901Z [INFO] command source=file:cmd_20260929054147762.cmd line="raydebug forward 8" reply="status=Hit kind=Ped handle=9219 link=12 distance=3.721"
2026-09-29T05:41:47.945Z [INFO] [autopilot] event BulletFired shooter=6916 weapon=15 by_player=False from=(-81.834, 720.779, 90.671) to=(-65.158, 675.097, 13.558)
2026-09-29T05:41:47.946Z [INFO] [autopilot] event BulletFired shooter=4610 weapon=15 by_player=False from=(-48.551, 693.868, 15.231) to=(-67.077, 670.996, 14.729)
2026-09-29T05:41:47.946Z [INFO] [autopilot] event WeatherChanged 3->4
2026-09-29T05:41:48.108Z [INFO] [autopilot] event BulletFired shooter=4610 weapon=15 by_player=False from=(-48.557, 693.865, 15.241) to=(-566.824, 84.046, -9.77)
2026-09-29T05:41:48.108Z [INFO] [autopilot] event BulletFired shooter=4100 weapon=7 by_player=False from=(-56.831, 693.402, 15.138) to=(-62.578, 678.589, 15.024)
2026-09-29T05:41:48.110Z [INFO] [autopilot] event BulletFired shooter=2563 weapon=15 by_player=False from=(-49.83, 672.864, 15.156) to=(-64.319, 674.691, 15.054)
2026-09-29T05:41:48.110Z [INFO] [autopilot] event PedDamaged handle=2 100->100 bone=0x36A1 by_player=False weapon=15 exact=True type=Bullet amount=60.0 health_lost=0.0 armour_lost=0.0 attacker=2563 vehicle=0 killed=False hit=True at=(-64.319, 674.691, 15.054) dir=(-0.992, 0.125, -0.007)
2026-09-29T05:41:48.161Z [INFO] [autopilot] event BulletFired shooter=6916 weapon=15 by_player=False from=(-81.703, 720.348, 90.677) to=(-63.522, 673.062, 13.676)
2026-09-29T05:41:48.166Z [INFO] raybits dir=forward m=8.0 mode=1 start=(-64.422,674.834,15.068) hits: b5=Ped/3.750m b6=Ped/3.706m
2026-09-29T05:41:48.167Z [INFO] command source=file:cmd_20260929054148146.cmd line="raybits forward 8" reply="raybits dir=forward m=8.0 mode=1 start=(-64.422,674.834,15.068) hits: b5=Ped/3.750m b6=Ped/3.706m"
2026-09-29T05:41:48.257Z [INFO] [autopilot] event BulletFired shooter=4610 weapon=15 by_player=False from=(-48.547, 693.858, 15.233) to=(-64.25, 674.735, 14.987)
2026-09-29T05:41:48.258Z [INFO] [autopilot] event PedDamaged handle=2 100->100 bone=0x36A1 by_player=False weapon=15 exact=True type=Bullet amount=60.0 health_lost=0.0 armour_lost=0.0 attacker=4610 vehicle=0 killed=False hit=True at=(-64.25, 674.735, 14.987) dir=(-0.635, -0.773, -0.01)
2026-09-29T05:41:48.317Z [INFO] [autopilot] event BulletFired shooter=2563 weapon=15 by_player=False from=(-49.718, 673.369, 15.211) to=(-847.842, 734.532, -4.331)
2026-09-29T05:41:48.443Z [INFO] [autopilot] event BulletFired shooter=2563 weapon=15 by_player=False from=(-49.635, 673.595, 15.237) to=(-848.511, 725.485, 0.047)
2026-09-29T05:41:48.448Z [INFO] density frame_ms=51.0 peds=0.55 cars=0.60
2026-09-29T05:41:48.503Z [INFO] [autopilot] event BulletFired shooter=5894 weapon=7 by_player=False from=(-45.288, 691.817, 15.15) to=(-94.726, 649.481, 13.489)
2026-09-29T05:41:48.504Z [INFO] [autopilot] event BulletFired shooter=4610 weapon=15 by_player=False from=(-48.549, 693.855, 15.238) to=(-64.343, 674.927, 14.435)
2026-09-29T05:41:48.504Z [INFO] [autopilot] event BulletFired shooter=4100 weapon=7 by_player=False from=(-56.805, 693.431, 15.163) to=(-82.109, 633.452, 14.184)
2026-09-29T05:41:48.505Z [INFO] [autopilot] event PedDamaged handle=2 100->100 bone=0xFFFFFFFF by_player=False weapon=15 exact=True type=Bullet amount=60.0 health_lost=0.0 armour_lost=0.0 attacker=4610 vehicle=0 killed=False hit=True at=(-64.343, 674.927, 14.435) dir=(-0.64, -0.767, -0.033)
2026-09-29T05:41:48.602Z [INFO] [autopilot] event BulletFired shooter=5122 weapon=15 by_player=False from=(-56.762, 689.539, 15.182) to=(-64.326, 674.89, 14.551)
2026-09-29T05:41:48.602Z [INFO] [autopilot] event BulletFired shooter=2563 weapon=15 by_player=False from=(-49.39, 673.995, 15.176) to=(-67.077, 674.63, 14.621)
2026-09-29T05:41:48.603Z [INFO] [autopilot] event PedDamaged handle=2 100->100 bone=0xFFFFFFFF by_player=False weapon=15 exact=True type=Bullet amount=60.0 health_lost=0.0 armour_lost=0.0 attacker=5122 vehicle=0 killed=False hit=True at=(-64.326, 674.89, 14.551) dir=(-0.458, -0.888, -0.038)
2026-09-29T05:41:48.713Z [INFO] [autopilot] event BulletFired shooter=2563 weapon=15 by_player=False from=(-49.252, 674.241, 15.146) to=(-67.077, 674.556, 14.863)
2026-09-29T05:41:48.717Z [INFO] raydebug dir=forward flags=0xFFFFFFFF mode=-1 status=Hit start=(-64.422,674.834,15.068) pos=(-64.422,678.529,15.068) normal=(-0.315,-0.617,0.721) distance=3.696 kind=Ped handle=9219 link=12 raw=11C1B9B0 00000000 00000000 00000000 C280D843 4429A1DC 417115A7 00000015 BEA16842 BF1DF8F0 3F3892FD 00000015 BEA16842 BF1DF8F0 3F3892FD 00000015 3EEC83BC 4089BE41 0000006E 00020000 000A0001 00000000 00000000 00000000
2026-09-29T05:41:48.718Z [INFO] command source=file:cmd_20260929054148535.cmd line="raydebug forward 8 FFFFFFFF -1" reply="status=Hit kind=Ped handle=9219 link=12 distance=3.696"
2026-09-29T05:41:48.765Z [INFO] [autopilot] event BulletFired shooter=5122 weapon=15 by_player=False from=(-56.839, 689.685, 15.212) to=(-411.585, -27.649, -8.87)
2026-09-29T05:41:48.766Z [INFO] [autopilot] event BulletFired shooter=4100 weapon=7 by_player=False from=(-56.797, 693.424, 15.175) to=(-62.96, 678.774, 15.174)
2026-09-29T05:41:48.811Z [INFO] [autopilot] event BulletFired shooter=5894 weapon=7 by_player=False from=(-45.27, 691.84, 15.195) to=(-64.231, 674.827, 14.381)
2026-09-29T05:41:48.812Z [INFO] [autopilot] event PedDamaged handle=2 100->100 bone=0x1A7 by_player=False weapon=7 exact=True type=Bullet amount=60.0 health_lost=0.0 armour_lost=0.0 attacker=5894 vehicle=0 killed=False hit=True at=(-64.231, 674.827, 14.381) dir=(-0.744, -0.668, -0.032)
2026-09-29T05:41:48.863Z [INFO] [autopilot] event BulletFired shooter=2563 weapon=15 by_player=False from=(-49.032, 674.593, 15.206) to=(-64.261, 674.825, 14.673)
2026-09-29T05:41:48.864Z [INFO] [autopilot] event PedDamaged handle=2 100->100 bone=0x4B2 by_player=False weapon=15 exact=True type=Bullet amount=60.0 health_lost=0.0 armour_lost=0.0 attacker=2563 vehicle=0 killed=False hit=True at=(-64.261, 674.825, 14.673) dir=(-0.999, 0.015, -0.035)
2026-09-29T05:41:48.910Z [INFO] [autopilot] event BulletFired shooter=2051 weapon=15 by_player=False from=(-55.685, 703.955, 14.797) to=(-55.846, 703.478, 14.783)
2026-09-29T05:41:48.911Z [INFO] [autopilot] event VehicleDamaged handle=6915 1000->988 engine 1000->1000
2026-09-29T05:41:48.973Z [INFO] [autopilot] event BulletFired shooter=5122 weapon=15 by_player=False from=(-56.817, 689.671, 15.203) to=(-67.077, 669.143, 14.377)
2026-09-29T05:41:48.978Z [INFO] command source=file:cmd_20260929054148917.cmd line="clear" reply="cleared 1"
2026-09-29T05:41:48.980Z [INFO] engine_status engine 1.1.0 sdk 1.1.0 frame=4123 core=on peds=23 vehicles=19 modules=10/10 coroutines=0 resources=2 raycast=on episode=GTAIV frame_ms=49.99 p95_ms=66.12 pressure=0.52 private_mb=1975 working_set_mb=1844 address_free_mb=1451 largest_free_block_mb=1412 managed_mb=14 physical_load=94% core_us=123.7
2026-09-29T05:41:49.022Z [INFO] [autopilot] event PedRemoved handle=9219
2026-09-29T05:41:49.066Z [INFO] [autopilot] event BulletFired shooter=2051 weapon=15 by_player=False from=(-55.66, 703.94, 14.816) to=(-64.61, 674.953, 14.984)
2026-09-29T05:41:49.067Z [INFO] [autopilot] event PedDamaged handle=2 100->100 bone=0x4C0 by_player=False weapon=15 exact=True type=Bullet amount=60.0 health_lost=0.0 armour_lost=0.0 attacker=2051 vehicle=0 killed=False hit=True at=(-64.61, 674.953, 14.984) dir=(-0.295, -0.955, 0.006)
2026-09-29T05:41:49.112Z [INFO] [autopilot] event BulletFired shooter=5122 weapon=15 by_player=False from=(-56.824, 689.667, 15.212) to=(-427.352, -19.736, -5.44)
2026-09-29T05:41:49.113Z [INFO] [autopilot] event BulletFired shooter=3587 weapon=7 by_player=False from=(-51.824, 696.512, 14.887) to=(-84.144, 640.004, 15.289)
2026-09-29T05:41:49.160Z [INFO] [autopilot] event BulletFired shooter=5894 weapon=7 by_player=False from=(-45.27, 691.821, 15.197) to=(-64.405, 674.968, 14.425)
2026-09-29T05:41:49.161Z [INFO] [autopilot] event PedDamaged handle=2 100->100 bone=0xFFFFFFFF by_player=False weapon=7 exact=True type=Bullet amount=60.0 health_lost=0.0 armour_lost=0.0 attacker=5894 vehicle=0 killed=False hit=True at=(-64.405, 674.968, 14.425) dir=(-0.75, -0.661, -0.03)
2026-09-29T05:41:49.164Z [INFO] performance samples=640 frame_p50_ms=43 frame_p95_ms=70 frame_p99_ms=120 frames_over_33ms=573 frames_over_50ms=178 gunplay_avg_ms=1.422 gunplay_max_ms=10.416 phase_samples=640 phase_setup_avg_ms=0.941 phase_setup_max_ms=9.931 phase_camera_avg_ms=0.034 phase_camera_max_ms=0.784 phase_bullets_avg_ms=0.039 phase_bullets_max_ms=0.255 phase_weapon_avg_ms=0.022 phase_weapon_max_ms=0.184 phase_hud_avg_ms=0.387 phase_hud_max_ms=0.680
2026-09-29T05:41:49.164Z [INFO] performance_scripts costs_ms(avg/max/count@thread) engine.frame=4.187/315.2/640@7 total=2680 module.gunplay=1.432/10.4/640@7 total=917 tick.gunplay=1.430/10.4/640@7 total=916 engine.world=0.847/5.4/640@7 total=542 module.arsenal=0.820/15.4/630@7 total=516 tick.arsenal=0.819/15.4/630@7 total=516 gp.freeaim=0.798/9.8/640@7 total=511 ar.storage=0.586/15.4/630@7 total=369 ar.safehouse_flags=0.200/4.5/630@7 total=126 module.atmosphere=0.189/3.2/640@7 total=121 tick.atmosphere=0.188/3.1/640@7 total=120 module.combat=0.148/6.2/640@7 total=95 tick.combat=0.147/6.2/640@7 total=94 combat.sample=1.070/6.2/70@7 total=75 gp.index_pad=0.071/0.3/640@7 total=46 module.holsters=0.069/0.6/363@7 total=25 tick.holsters=0.068/0.6/363@7 total=25 module.devtools=0.028/3.3/630@7 total=18 cam.handle=0.027/0.8/640@7 total=18 tick.devtools=0.028/3.3/630@7 total=17 gp.shoulder=0.019/0.2/640@7 total=12 gp.player=0.017/0.1/640@7 total=11 gp.weapon_id=0.012/0.0/640@7 total=8 module.world=0.130/0.4/58@7 total=8 engine.scheduler=0.009/2.6/640@7 total=6 gp.cycle=0.008/0.1/640@7 total=5 ho.show=0.014/0.0/363@7 total=5 gp.state=0.006/0.0/640@7 total=4 module.probe=1.272/1.4/3@7 total=4 ar.reconcile=0.005/0.1/630@7 total=3 ar.discover=0.003/0.9/630@7 total=2 ar.lvs=0.003/0.3/630@7 total=2 cam.aim_key=0.003/0.0/640@7 total=2 ar.vehicle=0.003/0.0/630@7 total=2 cam.find_active=0.003/0.0/640@7 total=2 gp.spread=0.002/0.0/640@7 total=1 engine.raycast=0.008/0.1/136@7 total=1 gp.shots=0.002/0.0/640@7 total=1 ho.carried=0.002/0.0/363@7 total=1 combat.dismember=0.001/0.0/640@7 total=0 module.autopilot=0.000/0.0/640@7 total=0 combat.blood=0.000/0.0/640@7 total=0 module.weapon-probe=0.000/0.0/640@7 total=0 gp.feel=0.000/0.0/640@7 total=0 cam.fov=0.001/0.0/109@7 total=0 combat.pending=0.000/0.0/640@7 total=0 gp.recoil=0.000/0.0/640@7 total=0
2026-09-29T05:41:49.165Z [INFO] engine_thread_probe ticks=640 frame_advanced_during_tick=0 ticks_same_frame=0 ticks_next_frame=639 ticks_after_skipped_frames=1
2026-09-29T05:41:49.166Z [INFO] direct_native get_char_health direct=200 shdn=100 match=False direct_us=0.15 shdn_us=26.9
2026-09-29T05:41:49.252Z [INFO] [autopilot] event BulletFired shooter=5122 weapon=15 by_player=False from=(-56.805, 689.661, 15.21) to=(-427.846, -19.218, -14.206)
2026-09-29T05:41:49.253Z [INFO] [autopilot] event BulletFired shooter=2051 weapon=15 by_player=False from=(-55.643, 703.913, 14.824) to=(-58.406, 694.738, 14.956)
2026-09-29T05:41:49.254Z [INFO] [autopilot] event PedDamaged handle=5378 100->100 bone=0x1A3 by_player=False weapon=15 exact=True type=Bullet amount=0.8 health_lost=0.0 armour_lost=0.8 attacker=2051 vehicle=0 killed=False hit=True at=(-58.406, 694.738, 14.956) dir=(-0.288, -0.957, 0.014)
