  restored scripts\LibertyFramework.net.dll
  restored scripts\LibertyFramework\bin\LibertyCore.dll
  restored Liberty.Sdk.dll
  restored scripts\LibertyFramework\mods\Liberty.Autopilot.dll
  restored scripts\LibertyFramework\mods\Liberty.World.dll
  restored scripts\LibertyFramework\config\gunplay.json
  restored scripts\LibertyFramework\config\combat_effects.json
  restored scripts\LibertyFramework\config\weapon-catalog.json
  restored scripts\LibertyFramework\config\atmosphere.json
  restored scripts\LibertyFramework\config\engine.json
  restored scripts\LibertyFramework\config\arsenal.json
  restored scripts\LibertyFramework\config\holsters.json
  restored scripts\LibertyFramework\config\world\objects.json
  restored scripts\LibertyFramework\config\presets\a_gta4plus.json
  restored scripts\LibertyFramework\config\presets\b_mafia_light.json
  restored scripts\LibertyFramework\config\presets\c_mafia_heavy.json
  restored scripts\LibertyFramework\config\presets\d_experimental.json
  restored scripts\LibertyFramework\config\vehicle_extras.json
  restored scripts\LibertyFramework\ui\icons\1.png
  restored scripts\LibertyFramework\ui\icons\10.png
  restored scripts\LibertyFramework\ui\icons\11.png
  restored scripts\LibertyFramework\ui\icons\12.png
  restored scripts\LibertyFramework\ui\icons\13.png
  restored scripts\LibertyFramework\ui\icons\14.png
  restored scripts\LibertyFramework\ui\icons\15.png
  restored scripts\LibertyFramework\ui\icons\16.png
  restored scripts\LibertyFramework\ui\icons\17.png
  restored scripts\LibertyFramework\ui\icons\18.png
  restored scripts\LibertyFramework\ui\icons\2.png
  restored scripts\LibertyFramework\ui\icons\3.png
  restored scripts\LibertyFramework\ui\icons\4.png
  restored scripts\LibertyFramework\ui\icons\5.png
  restored scripts\LibertyFramework\ui\icons\58.png
  restored scripts\LibertyFramework\ui\icons\59.png
  restored scripts\LibertyFramework\ui\icons\60.png
  restored scripts\LibertyFramework\ui\icons\7.png
  restored scripts\LibertyFramework\ui\icons\9.png
  restored update\LibertyFramework\LibertyModels.img
  restored update\common\data\lf_models.ide
  restored update\LibertyFramework\LibertyContent.img
  restored update\common\data\lf_content.ide
  restored update\common\data\default.dat
Phase 2 rollback complete from <game>\scripts\LibertyFramework\backups\phase2-20260929-120203
