  replaced  scripts\LibertyFramework.net.dll
  replaced  scripts\LibertyFramework\bin\LibertyCore.dll
  replaced  Liberty.Sdk.dll
  replaced  scripts\LibertyFramework\mods\Liberty.Autopilot.dll
  created   scripts\LibertyFramework\mods\Liberty.World.dll
  replaced  scripts\LibertyFramework\config\gunplay.json
  replaced  scripts\LibertyFramework\config\combat_effects.json
  replaced  scripts\LibertyFramework\config\weapon-catalog.json
  replaced  scripts\LibertyFramework\config\atmosphere.json
  replaced  scripts\LibertyFramework\config\engine.json
  replaced  scripts\LibertyFramework\config\arsenal.json
  replaced  scripts\LibertyFramework\config\holsters.json
  created   scripts\LibertyFramework\config\world\objects.json
  replaced  scripts\LibertyFramework\config\presets\a_gta4plus.json
  replaced  scripts\LibertyFramework\config\presets\b_mafia_light.json
  replaced  scripts\LibertyFramework\config\presets\c_mafia_heavy.json
  replaced  scripts\LibertyFramework\config\presets\d_experimental.json
  replaced  scripts\LibertyFramework\config\vehicle_extras.json
  replaced  scripts\LibertyFramework\ui\icons\1.png
  replaced  scripts\LibertyFramework\ui\icons\10.png
  replaced  scripts\LibertyFramework\ui\icons\11.png
  replaced  scripts\LibertyFramework\ui\icons\12.png
  replaced  scripts\LibertyFramework\ui\icons\13.png
  replaced  scripts\LibertyFramework\ui\icons\14.png
  replaced  scripts\LibertyFramework\ui\icons\15.png
  replaced  scripts\LibertyFramework\ui\icons\16.png
  replaced  scripts\LibertyFramework\ui\icons\17.png
  replaced  scripts\LibertyFramework\ui\icons\18.png
  replaced  scripts\LibertyFramework\ui\icons\2.png
  replaced  scripts\LibertyFramework\ui\icons\3.png
  replaced  scripts\LibertyFramework\ui\icons\4.png
  replaced  scripts\LibertyFramework\ui\icons\5.png
  replaced  scripts\LibertyFramework\ui\icons\58.png
  replaced  scripts\LibertyFramework\ui\icons\59.png
  replaced  scripts\LibertyFramework\ui\icons\60.png
  replaced  scripts\LibertyFramework\ui\icons\7.png
  replaced  scripts\LibertyFramework\ui\icons\9.png
  replaced  update\LibertyFramework\LibertyModels.img
  replaced  update\common\data\lf_models.ide
  replaced  update\LibertyFramework\LibertyContent.img
  replaced  update\common\data\lf_content.ide
  replaced  update\common\data\default.dat
Phase 2 installed and verified. Backup: <game>\scripts\LibertyFramework\backups\phase2-20260928-234209
