Built <repo>\native\LibertyCore\bin\LibertyCore.dll
SHA256 4CA7C3A803B845858921F5AF4BAC08B6C8739CD77D1F3C86EC6F11C8E1D5E764
ok   both natives verified
ok   a working native returns its result and out slot
ok   a faulting native returns 0 with its out slot zeroed
ok   the fault switches the native off
ok   the fault names the native and its argument
ok   a faulted native still answers 0
ok   a faulted native is not invoked again
ok   verification cannot switch a faulted native back on
ok   a new handler (a new lc_init) starts clean
ok   other natives are unaffected
natives_test passed
ok   empty segment is clear after one test
ok   wall hit, distance 10
ok   passes two peds, stops at the wall
ok   excluded hits only: clear
ok   pass budget exhausted: inconclusive with the last excluded hit
ok   max_passes 0 still reports an accepted first hit
ok   ignored self and own vehicle, hits the ped beyond
ok   ignored vehicle passed twice, wall hit
ok   walk always advances and ends
ok   a failed test fails the query
ok   zero-length ray refused without a test
ok   non-positive step refused
ok   object excluded when only peds stop the ray
ray_walk_test passed
Built <repo>\sdk\Liberty.Sdk\bin\Liberty.Sdk.dll from 101 source files
Built <repo>\src\LibertyFramework\bin\Release\LibertyFramework.net.dll from 182 source files
SHA256 CAEFDE4B2D1BBF3826249B1650DC476CF62802532C113C26AB3C180D6F0F16CC
Built mod <repo>\mods\Liberty.Autopilot\bin\Liberty.Autopilot.dll from 4 source files
Built mod <repo>\mods\Liberty.World\bin\Liberty.World.dll from 3 source files
