src\LibertyFramework\Gunplay\Spread\ShooterState.cs(11,23): warning CS0649: Field 'ShooterState.Airborne' is never assigned to, and will always have its default value false
src\LibertyFramework\Gunplay\Spread\ShooterState.cs(8,23): warning CS0649: Field 'ShooterState.Crouched' is never assigned to, and will always have its default value false
== Engine address resolution
PASS native table populated (>2500 natives) (count=3142)
    resolver: prefs ok auto_aim=0x01160C68 reticule=0x01160C90
    resolver: lockon ok player_info=0x011A8808 ped_offset=0x598 flags_offset=0x264 mask=0x800000
    resolver: aim_camera ok cam_pool=0x012FB1A0 find_child=0x00A7C740 type=9 pitch=0x218 heading=0x21C vehicle_type=2 vehicle_pitch=0x190 vehicle_heading=0x194
    resolver: weapon_info ok array=0x015F8BC0 count=60 stride=0x110 accuracy=0x34 flags=0x20 alt_flag=0x8 alt_accuracy=0x38
    resolver: aim_settle ok timer=0xEA0 snapshot=0xEA4 window=0x01046A78
    resolver: bullets ok count=0x015F8BB0 array=0x015F8BB8 stride=0x30 owner=0x20 max=50
    resolver: hud ok HUD_WEAPON_CROSSHAIR index=0x0118EE30 size=0x0118EE3C alpha=0x0118EE44
    resolver: hud ok HUD_WEAPON_HEALTH_TARGET index=0x0118EE4C size=0x0118EE58 alpha=0x0118EE60
    resolver: hud ok HUD_WEAPON_ARMOUR_TARGET index=0x0118EE68 size=0x0118EE74 alpha=0x0118EE7C
    resolver: hud ok HUD_WEAPON_DOT index=0x0118EE84 size=0x0118EE90 alpha=0x0118EE98
    resolver: aim_camera_settings ok table=0x0103C118 records=15 lateral=+0x10
    resolver: ped_skeleton ok ped_pool=0x018B6F1C copy=0x009E70B0 pointer=0x009E74E0 scratch=0x01632C20 matrices=+0x14
    resolver: skeleton_hooks ok sync=0x005F7D70 pose=0x005F6FB0
    resolver: skeleton_update ok function=0x00466BE0 sites=8
    resolver: frame_counter ok global=0x01173604 get_char_health=0x00B9EE50
    resolver: entity_pools ok vehicle_pool=0x012E22A4 object_pool=0x01632C60
    resolver: damage ok response=0x00CA3820 component_to_bone=0x00A76700
    resolver: line_test ok function=0x00A536B0 world=0x012B9C78 query=0x00738880
PASS PREF_AUTO_AIM (expected 0x1160C68 actual 0x1160C68)
PASS PREF_RETICULE (expected 0x1160C90 actual 0x1160C90)
PASS CPlayerInfo array (expected 0x11A8808 actual 0x11A8808)
PASS player info count (expected 32 actual 32)
PASS player ped offset (expected 1432 actual 1432)
PASS ped targeting flags offset (expected 612 actual 612)
PASS lock-on disabled mask (expected 0x800000 actual 0x800000)
PASS camera pool global (expected 0x12FB1A0 actual 0x12FB1A0)
PASS CCam::FindChild (expected 0xA7C740 actual 0xA7C740)
PASS aim camera type (expected 9 actual 9)
PASS aim camera pitch offset (expected 536 actual 536)
PASS aim camera heading offset (expected 540 actual 540)
PASS vehicle camera type (expected 2 actual 2)
PASS vehicle camera pitch offset (expected 400 actual 400)
PASS vehicle camera heading offset (expected 404 actual 404)
PASS weapon info array (vanilla, FusionFix relocates at runtime) (expected 0x15F8BC0 actual 0x15F8BC0)
PASS weapon info count (vanilla) (expected 60 actual 60)
PASS weapon info stride (expected 272 actual 272)
PASS CWeaponInfo accuracy offset (expected 52 actual 52)
PASS CWeaponInfo flags offset (expected 32 actual 32)
PASS alternate accuracy flag (expected 0x8 actual 0x8)
PASS alternate accuracy offset (expected 56 actual 56)
PASS weapon info array with FusionFix NOP (expected 0x15F8BC0 actual 0x15F8BC0)
PASS weapon info count with FusionFix NOP (unbounded) (expected 0 actual 0)
PASS weapon info resolved with FusionFix NOP
PASS aim settle timer offset (expected 3744 actual 3744)
PASS aim settle snapshot offset (expected 3748 actual 3748)
PASS aim settle window global (500 ms) (expected 0x1046A78 actual 0x1046A78)
PASS aim settle window value (expected 500 actual 500 tol 1E-06)
PASS bullet count global (expected 0x15F8BB0 actual 0x15F8BB0)
PASS bullet array global (expected 0x15F8BB8 actual 0x15F8BB8)
PASS bullet stride (expected 48 actual 48)
PASS bullet owner offset (expected 32 actual 32)
PASS bullet maximum (expected 50 actual 50)
PASS HUD component array (expected 0x118E7F8 actual 0x118E7F8)
PASS HUD reticle components (expected 4 actual 4)
PASS crosshair index global (expected 0x118EE30 actual 0x118EE30)
PASS crosshair alpha global (expected 0x118EE44 actual 0x118EE44)
PASS crosshair size global (expected 0x118EE3C actual 0x118EE3C)
PASS health target index global (expected 0x118EE4C actual 0x118EE4C)
PASS health target size global (expected 0x118EE58 actual 0x118EE58)
PASS armour target index global (expected 0x118EE68 actual 0x118EE68)
PASS dot index global (expected 0x118EE84 actual 0x118EE84)
PASS dot size global (expected 0x118EE90 actual 0x118EE90)
PASS aim camera settings table (expected 0x103C118 actual 0x103C118)
PASS aim camera settings records (expected 15 actual 15)
PASS aim camera lateral offset field (expected 16 actual 16)
PASS on-foot aim lateral offset is the right shoulder (0.475 m) (expected 0.475 actual 0.475 tol 1E-06)
PASS cover aim lateral offset (0.2 m) (expected 0.2 actual 0.2 tol 1E-06)
PASS ped pool global (expected 0x18B6F1C actual 0x18B6F1C)
PASS CPed::CopyBoneMatrix (expected 0x9E70B0 actual 0x9E70B0)
PASS CPed::BoneMatrix (expected 0x9E74E0 actual 0x9E74E0)
PASS bone matrix identity scratch (expected 0x1632C20 actual 0x1632C20)
PASS ped skeleton resolved
PASS fragInst skeleton sync (expected 0x5F7D70 actual 0x5F7D70)
PASS fragInst pose (expected 0x5F6FB0 actual 0x5F6FB0)
PASS sync entry is the 11 stolen bytes the hook expects (81-EC-64-01-00-00-A1-B4-7F-05-01)
PASS engine frame counter global (expected 0x1173604 actual 0x1173604)
PASS GET_CHAR_HEALTH handler (expected 0xB9EE50 actual 0xB9EE50)
PASS vehicle pool global (expected 0x12E22A4 actual 0x12E22A4)
PASS object pool global (expected 0x1632C60 actual 0x1632C60)
PASS ped damage-response routine (expected 0xCA3820 actual 0xCA3820)
PASS line test function (expected 0xA536B0 actual 0xA536B0)
PASS physics world global (expected 0x12B9C78 actual 0x12B9C78)
PASS component-to-bone helper (expected 0xA76700 actual 0xA76700)
PASS direct native handler matches the thread-safety scan: IS_PLAYER_PLAYING (handler=0x00BB2530)
PASS direct native handler matches the thread-safety scan: GET_PLAYER_ID (handler=0x00BB1F30)
PASS direct native handler matches the thread-safety scan: IS_CHAR_DUCKING (handler=0x00B9F750)
PASS direct native handler matches the thread-safety scan: IS_PED_IN_COVER (handler=0x00BA0150)
PASS direct native handler matches the thread-safety scan: IS_CHAR_IN_ANY_CAR (handler=0x00B9F970)
PASS direct native handler matches the thread-safety scan: IS_CHAR_IN_AIR (handler=0x00B9F840)
PASS direct native handler matches the thread-safety scan: GET_CHAR_SPEED (handler=0x00B9F030)
PASS direct native handler matches the thread-safety scan: IS_PAUSE_MENU_ACTIVE (handler=0x00B8CD30)
PASS direct native handler matches the thread-safety scan: IS_SCREEN_FADED_OUT (handler=0x00B86F10)
PASS direct native handler matches the thread-safety scan: IS_PLAYER_CONTROL_ON (handler=0x00BB23F0)
PASS direct native handler matches the thread-safety scan: GET_CAM_FOV (handler=0x00B86B30)
PASS direct native handler matches the thread-safety scan: GET_CHAR_HEALTH (handler=0x00B9EE50)
PASS direct native handler matches the thread-safety scan: IS_CHAR_DEAD (handler=0x00B9F730)
PASS direct native handler matches the thread-safety scan: DOES_CHAR_EXIST (handler=0x00B9E9A0)
PASS direct native handler matches the thread-safety scan: GET_CURRENT_CHAR_WEAPON (handler=0x00BD0E40)
PASS direct native handler matches the thread-safety scan: GET_AMMO_IN_CLIP (handler=0x00BD0DF0)
PASS direct native handler matches the thread-safety scan: GET_MAX_AMMO_IN_CLIP (handler=0x00BD0F30)
PASS direct native handler matches the thread-safety scan: HAS_CHAR_BEEN_DAMAGED_BY_CHAR (handler=0x00B9F680)
PASS crSkeleton::Update (expected 0x466BE0 actual 0x466BE0)
PASS in-place skeleton update call sites (expected 8 actual 8)
PASS update call sites are the eight Capstone-verified ones
PASS pose entry is the 12 stolen bytes the hook expects (55-8B-EC-83-E4-F0-81-EC-14-01-00-00)
== Native names used by the DLL are listed (repository)
PASS native names found in the DLL sources (count=175)
PASS every native the DLL calls is listed in native-hashes.csv (175 names)
PASS the run-time-chosen animation natives are seen by the scan
== Native names used by the DLL
PASS natives referenced by the DLL found (count=175)
PASS native registered in exe: ADD_ARMOUR_TO_CHAR (hash=0x1C623537 handler=0x00B9DDA0)
PASS native registered in exe: ADD_SCORE (hash=0x537379A8 handler=0x00BB1A70)
PASS native registered in exe: ALTER_WANTED_LEVEL (hash=0x60C80EC9 handler=0x00BB1AF0)
PASS native registered in exe: APPLY_FORCE_TO_PED (hash=0x7305301D handler=0x00B9DF80)
PASS native registered in exe: APPLY_WANTED_LEVEL_CHANGE_NOW (hash=0x705A6ED9 handler=0x00BB1B30)
PASS native registered in exe: ATTACH_OBJECT_TO_CAR (hash=0x7E81412A handler=0x00A00470)
PASS native registered in exe: ATTACH_OBJECT_TO_PED (hash=0x577A699E handler=0x00A005F0)
PASS native registered in exe: CHANGE_CAR_COLOUR (hash=0x06441EAF handler=0x00BC5280)
PASS native registered in exe: CLEAR_AREA (hash=0x27722942 handler=0x00B93FF0)
PASS native registered in exe: CLEAR_CHAR_TASKS (hash=0x4AB470F3 handler=0x00BB8A00)
PASS native registered in exe: CLEAR_CHAR_TASKS_IMMEDIATELY (hash=0x3C116620 handler=0x00BB8A10)
PASS native registered in exe: CLEAR_WANTED_LEVEL (hash=0x205622AC handler=0x00BB1C50)
PASS native registered in exe: DELETE_CAR (hash=0x7F71342D handler=0x00BC55A0)
PASS native registered in exe: DELETE_CHAR (hash=0x0E3B49BF handler=0x00B9E940)
PASS native registered in exe: DELETE_OBJECT (hash=0x62FE6290 handler=0x00A00910)
PASS native registered in exe: DETACH_OBJECT (hash=0x05C87C26 handler=0x00A00920)
PASS native registered in exe: DISABLE_PLAYER_LOCKON (hash=0x711214F3 handler=0x00BB1CD0)
PASS native registered in exe: DISPLAY_HUD (hash=0x52632919 handler=0x00B8C0A0)
PASS native registered in exe: DISPLAY_RADAR (hash=0x17920FA7 handler=0x00B8C140)
PASS native registered in exe: DOES_BLIP_EXIST (hash=0x590A6FF4 handler=0x00B8C480)
PASS native registered in exe: DOES_CAM_EXIST (hash=0x46953225 handler=0x00B869E0)
PASS native registered in exe: DOES_CHAR_EXIST (hash=0x46531797 handler=0x00B9E9A0)
PASS native registered in exe: DOES_OBJECT_EXIST (hash=0x6DAB78CD handler=0x00A00980)
PASS native registered in exe: DOES_VEHICLE_EXIST (hash=0x67A42263 handler=0x00BC56A0)
PASS native registered in exe: EXPLODE_CHAR_HEAD (hash=0x4A802E89 handler=0x00B9EA80)
PASS native registered in exe: FIX_CAR (hash=0x3D562F78 handler=0x00BC5820)
PASS native registered in exe: FORCE_WEATHER (hash=0x7EFB5077 handler=0x00B94290)
PASS native registered in exe: FORCE_WEATHER_NOW (hash=0x63737D31 handler=0x00B942A0)
PASS native registered in exe: FREEZE_CHAR_POSITION (hash=0x20266A86 handler=0x00B9EBD0)
PASS native registered in exe: FREEZE_OBJECT_POSITION (hash=0x7CA8382B handler=0x00A00B20)
PASS native registered in exe: GET_AMMO_IN_CHAR_WEAPON (hash=0x23E140A9 handler=0x00BD0DD0)
PASS native registered in exe: GET_AMMO_IN_CLIP (hash=0x612C748F handler=0x00BD0DF0)
PASS native registered in exe: GET_BLIP_COORDS (hash=0x4C1E75DB handler=0x00B8C6A0)
PASS native registered in exe: GET_CAM_FOV (hash=0x7BF4652D handler=0x00B86B30)
PASS native registered in exe: GET_CAM_POS (hash=0x60C22E93 handler=0x00B86BB0)
PASS native registered in exe: GET_CAM_ROT (hash=0x51A06698 handler=0x00B86BD0)
PASS native registered in exe: GET_CAR_CHAR_IS_USING (hash=0x1B067237 handler=0x00B9EC30)
PASS native registered in exe: GET_CAR_COORDINATES (hash=0x2D432EAB handler=0x00BC59A0)
PASS native registered in exe: GET_CAR_HEADING (hash=0x46803CFA handler=0x00BC5B20)
PASS native registered in exe: GET_CAR_HEALTH (hash=0x4D417CD3 handler=0x00BC5B40)
PASS native registered in exe: GET_CAR_MODEL (hash=0x5FF84497 handler=0x00BC5BA0)
PASS native registered in exe: GET_CAR_SPEED (hash=0x16DD2D00 handler=0x00BC5C40)
PASS native registered in exe: GET_CHAR_ANIM_CURRENT_TIME (hash=0x555D3B8C handler=0x00B9EC90)
PASS native registered in exe: GET_CHAR_ARMOUR (hash=0x3C756E54 handler=0x00B9ED50)
PASS native registered in exe: GET_CHAR_COORDINATES (hash=0x2B5C06E6 handler=0x00B9ED70)
PASS native registered in exe: GET_CHAR_DRAWABLE_VARIATION (hash=0x1A1A6D83 handler=0x00B9ED90)
PASS native registered in exe: GET_CHAR_HEADING (hash=0x057A3AC7 handler=0x00B9EE30)
PASS native registered in exe: GET_CHAR_HEALTH (hash=0x4B6C2256 handler=0x00B9EE50)
PASS native registered in exe: GET_CHAR_LAST_DAMAGE_BONE (hash=0x767E5013 handler=0x00B9EEB0)
PASS native registered in exe: GET_CHAR_MODEL (hash=0x0A3D60CE handler=0x00B9EF50)
PASS native registered in exe: GET_CHAR_SPEED (hash=0x3E156AFC handler=0x00B9F030)
PASS native registered in exe: GET_CHAR_TEXTURE_VARIATION (hash=0x3A7B78C5 handler=0x00B9F070)
PASS native registered in exe: GET_CHAR_WEAPON_IN_SLOT (hash=0x74EC7580 handler=0x00BD0E20)
PASS native registered in exe: GET_CURRENT_CHAR_WEAPON (hash=0x5AB8289F handler=0x00BD0E40)
PASS native registered in exe: GET_CURRENT_EPISODE (hash=0x7D7619D2 handler=0x00B943A0)
PASS native registered in exe: GET_CURRENT_WEATHER (hash=0x27E421EA handler=0x00B943D0)
PASS native registered in exe: GET_DRIVER_OF_CAR (hash=0x22457083 handler=0x00BC5E50)
PASS native registered in exe: GET_ENGINE_HEALTH (hash=0x2B0A05E0 handler=0x00BC5E70)
PASS native registered in exe: GET_FIRST_BLIP_INFO_ID (hash=0x3BD729E9 handler=0x00B8C850)
PASS native registered in exe: GET_GAME_CAM (hash=0x0B2A2801 handler=0x00B86C50)
PASS native registered in exe: GET_GAME_TIMER (hash=0x022B2DA9 handler=0x00B944D0)
PASS native registered in exe: GET_GAME_VIEWPORT_ID (hash=0x57F7558B handler=0x00B86C70)
PASS native registered in exe: GET_GROUND_Z_FOR_3D_COORD (hash=0x6D902EE3 handler=0x00B944E0)
PASS native registered in exe: GET_MAX_AMMO_IN_CLIP (hash=0x01794A3C handler=0x00BD0F30)
PASS native registered in exe: GET_MISSION_FLAG (hash=0x2BC64736 handler=0x00B945F0)
PASS native registered in exe: GET_NEXT_BLIP_INFO_ID (hash=0x154932F0 handler=0x00B8CA00)
PASS native registered in exe: GET_OBJECT_COORDINATES (hash=0x49DA4F9E handler=0x00A00D30)
PASS native registered in exe: GET_OBJECT_HEADING (hash=0x791D1778 handler=0x00A00D90)
PASS native registered in exe: GET_OBJECT_MODEL (hash=0x5CC55619 handler=0x00A00DF0)
PASS native registered in exe: GET_OFFSET_FROM_CAR_IN_WORLD_COORDS (hash=0x7F8D3DD9 handler=0x00BC60C0)
PASS native registered in exe: GET_OFFSET_FROM_OBJECT_IN_WORLD_COORDS (hash=0x449F4165 handler=0x00A00EB0)
PASS native registered in exe: GET_PED_BONE_POSITION (hash=0x43475BB3 handler=0x00B9F460)
PASS native registered in exe: GET_PLAYER_ID (hash=0x62E319C6 handler=0x00BB1F30)
PASS native registered in exe: GET_SOUND_ID (hash=0x6342018A handler=0x009CBC80)
PASS native registered in exe: GET_TIME_OF_DAY (hash=0x384B3876 handler=0x00BD7240)
PASS native registered in exe: GET_VIEWPORT_POSITION_OF_COORD (hash=0x287A49A5 handler=0x00B86D00)
PASS native registered in exe: GET_WATER_HEIGHT (hash=0x2BB9620F handler=0x00BDE340)
PASS native registered in exe: GET_WEAPONTYPE_MODEL (hash=0x4FE23F25 handler=0x00BD0FB0)
PASS native registered in exe: GET_WEAPONTYPE_SLOT (hash=0x5E4F6DE3 handler=0x00BD0FD0)
PASS native registered in exe: GIVE_WEAPON_TO_CHAR (hash=0x03E90416 handler=0x00BD1020)
PASS native registered in exe: HAS_CAR_BEEN_DAMAGED_BY_CHAR (hash=0x61487DBF handler=0x00BC6560)
PASS native registered in exe: HAS_CHAR_BEEN_DAMAGED_BY_CHAR (hash=0x1DD624A0 handler=0x00B9F680)
PASS native registered in exe: HAS_CHAR_GOT_WEAPON (hash=0x11F759DE handler=0x00BD1090)
PASS native registered in exe: HAS_CHAR_SPOTTED_CHAR (hash=0x1ADD68E8 handler=0x00B9F6D0)
PASS native registered in exe: HAS_CUTSCENE_FINISHED (hash=0x4ECE1AD2 handler=0x00B8AB30)
PASS native registered in exe: HAS_CUTSCENE_LOADED (hash=0x5DE43980 handler=0x00B8AB50)
PASS native registered in exe: HAS_MODEL_LOADED (hash=0x4E61480A handler=0x00BB73B0)
PASS native registered in exe: HAS_SOUND_FINISHED (hash=0x2CA53AA1 handler=0x009CBD10)
PASS native registered in exe: HAVE_ANIMS_LOADED (hash=0x1D3F681D handler=0x00BB73D0)
PASS native registered in exe: IS_CAR_IN_WATER (hash=0x0FF342B2 handler=0x00BC6900)
PASS native registered in exe: IS_CHAR_DEAD (hash=0x6A6B4F18 handler=0x00B9F730)
PASS native registered in exe: IS_CHAR_DUCKING (hash=0x495D6021 handler=0x00B9F750)
PASS native registered in exe: IS_CHAR_IN_AIR (hash=0x23C15141 handler=0x00B9F840)
PASS native registered in exe: IS_CHAR_IN_ANY_CAR (hash=0x71184DA3 handler=0x00B9F970)
PASS native registered in exe: IS_CHAR_ON_SCREEN (hash=0x59471B11 handler=0x00B9FCA0)
PASS native registered in exe: IS_CHAR_PLAYING_ANIM (hash=0x673E4CD2 handler=0x00B9FCC0)
PASS native registered in exe: IS_MODEL_IN_CDIMAGE (hash=0x771C2838 handler=0x00BB73F0)
PASS native registered in exe: IS_PAUSE_MENU_ACTIVE (hash=0x6C4568A7 handler=0x00B8CD30)
PASS native registered in exe: IS_PED_A_MISSION_PED (hash=0x05801768 handler=0x00BA0070)
PASS native registered in exe: IS_PED_IN_COVER (hash=0x5C825D83 handler=0x00BA0150)
PASS native registered in exe: IS_PLAYER_BEING_ARRESTED (hash=0x79A95BF9 handler=0x00BA0270)
PASS native registered in exe: IS_PLAYER_CONTROL_ON (hash=0x30CD2F1F handler=0x00BB23F0)
PASS native registered in exe: IS_PLAYER_DEAD (hash=0x12AE0E27 handler=0x00BB2410)
PASS native registered in exe: IS_PLAYER_PLAYING (hash=0x08274BA4 handler=0x00BB2530)
PASS native registered in exe: IS_SCREEN_FADED_OUT (hash=0x59EE3A11 handler=0x00B86F10)
PASS native registered in exe: IS_SCREEN_FADING (hash=0x73700561 handler=0x00B86F30)
PASS native registered in exe: IS_VEHICLE_EXTRA_TURNED_ON (hash=0x4B920E81 handler=0x00BC6DE0)
PASS native registered in exe: LOAD_SCENE (hash=0x39F62BFB handler=0x00BB7480)
PASS native registered in exe: MARK_CAR_AS_NO_LONGER_NEEDED (hash=0x20C76FD1 handler=0x00BC7050)
PASS native registered in exe: MARK_CHAR_AS_NO_LONGER_NEEDED (hash=0x0B774604 handler=0x00BA0B40)
PASS native registered in exe: MARK_MODEL_AS_NO_LONGER_NEEDED (hash=0x00FA0E33 handler=0x00BB74E0)
PASS native registered in exe: OPEN_CAR_DOOR (hash=0x1E352CEF handler=0x00BC7080)
PASS native registered in exe: PLAY_SOUND_FROM_PED (hash=0x56F37A81 handler=0x009CC110)
PASS native registered in exe: PLAY_SOUND_FROM_POSITION (hash=0x65752C65 handler=0x009CC130)
PASS native registered in exe: PLAY_SOUND_FROM_VEHICLE (hash=0x763274B7 handler=0x009CC180)
PASS native registered in exe: PLAY_SOUND_FRONTEND (hash=0x4DAF2C87 handler=0x009CC1A0)
PASS native registered in exe: RELEASE_SOUND_ID (hash=0x211D390A handler=0x009CC270)
PASS native registered in exe: RELEASE_WEATHER (hash=0x3A115D9D handler=0x00B94CD0)
PASS native registered in exe: REMOVE_ALL_CHAR_WEAPONS (hash=0x6BA520F0 handler=0x00BD1110)
PASS native registered in exe: REMOVE_ANIMS (hash=0x55E00E7E handler=0x00BB7500)
PASS native registered in exe: REMOVE_WEAPON_FROM_CHAR (hash=0x2485231E handler=0x00BD1120)
PASS native registered in exe: REQUEST_ANIMS (hash=0x65F874DE handler=0x00BB7540)
PASS native registered in exe: REQUEST_COLLISION_AT_POSN (hash=0x12ED0BC9 handler=0x00BB7550)
PASS native registered in exe: REQUEST_MODEL (hash=0x502B5185 handler=0x00BB75D0)
PASS native registered in exe: SET_BLOCKING_OF_NON_TEMPORARY_EVENTS (hash=0x76247429 handler=0x00BA0E60)
PASS native registered in exe: SET_CAR_COORDINATES (hash=0x567B6C56 handler=0x00BC7460)
PASS native registered in exe: SET_CAR_DENSITY_MULTIPLIER (hash=0x0AA73A12 handler=0x00BC74E0)
PASS native registered in exe: SET_CAR_HEADING (hash=0x75E40528 handler=0x00BC7600)
PASS native registered in exe: SET_CAR_HEALTH (hash=0x49B6525C handler=0x00BC7620)
PASS native registered in exe: SET_CHAR_ACCURACY (hash=0x1958471A handler=0x00BA0EA0)
PASS native registered in exe: SET_CHAR_AMMO (hash=0x437D247E handler=0x00BD1190)
PASS native registered in exe: SET_CHAR_AS_MISSION_CHAR (hash=0x60EC0540 handler=0x00BA1070)
PASS native registered in exe: SET_CHAR_BLEEDING (hash=0x38330B4A handler=0x00BA1080)
PASS native registered in exe: SET_CHAR_COMPONENT_VARIATION (hash=0x71A52973 handler=0x00BA1180)
PASS native registered in exe: SET_CHAR_COORDINATES (hash=0x689D0F5F handler=0x00BA11A0)
PASS native registered in exe: SET_CHAR_HEADING (hash=0x46B5523B handler=0x00BA15A0)
PASS native registered in exe: SET_CHAR_HEALTH (hash=0x575E2880 handler=0x00BA15C0)
PASS native registered in exe: SET_CHAR_INVINCIBLE (hash=0x2A58578B handler=0x00BA15E0)
PASS native registered in exe: SET_CURRENT_CHAR_WEAPON (hash=0x6CF44DD6 handler=0x00BD11F0)
PASS native registered in exe: SET_ENGINE_HEALTH (hash=0x3F413561 handler=0x00BC7900)
PASS native registered in exe: SET_OBJECT_COLLISION (hash=0x24A40229 handler=0x00A01C60)
PASS native registered in exe: SET_OBJECT_COORDINATES (hash=0x52FD30EB handler=0x00A01C80)
PASS native registered in exe: SET_OBJECT_ROTATION (hash=0x081D549C handler=0x00A01F20)
PASS native registered in exe: SET_PED_DENSITY_MULTIPLIER (hash=0x540F2DF7 handler=0x00BA2360)
PASS native registered in exe: SET_PLAYER_CONTROL (hash=0x1A6203EA handler=0x00BB2A50)
PASS native registered in exe: SET_PLAYER_INVINCIBLE (hash=0x7E9E02E1 handler=0x00BB2C10)
PASS native registered in exe: SET_TIME_OF_DAY (hash=0x52100540 handler=0x00BD7270)
PASS native registered in exe: SHUT_CAR_DOOR (hash=0x5E7A620E handler=0x00BC7FE0)
PASS native registered in exe: START_PTFX (hash=0x3A774777 handler=0x00BD4350)
PASS native registered in exe: START_PTFX_ON_PED_BONE (hash=0x2209116C handler=0x00BD4450)
PASS native registered in exe: START_PTFX_ON_VEH (hash=0x5C4B1A8A handler=0x00BD4470)
PASS native registered in exe: STOP_PTFX (hash=0x0EAA4429 handler=0x00BD44A0)
PASS native registered in exe: STOP_SOUND (hash=0x09DB00B9 handler=0x009CC8D0)
PASS native registered in exe: STORE_SCORE (hash=0x1E203014 handler=0x00BB2DC0)
PASS native registered in exe: STORE_WANTED_LEVEL (hash=0x12AA6D71 handler=0x00BB2DE0)
PASS native registered in exe: TASK_AIM_GUN_AT_COORD (hash=0x0AA202B0 handler=0x00BB9060)
PASS native registered in exe: TASK_COMBAT (hash=0x1F157FD3 handler=0x00BB94A0)
PASS native registered in exe: TASK_COWER (hash=0x29103E08 handler=0x00BB95B0)
PASS native registered in exe: TASK_ENTER_CAR_AS_DRIVER (hash=0x5BF03315 handler=0x00BB96D0)
PASS native registered in exe: TASK_ENTER_CAR_AS_PASSENGER (hash=0x0A2C70AF handler=0x00BB96F0)
PASS native registered in exe: TASK_GO_STRAIGHT_TO_COORD (hash=0x19591255 handler=0x00BB9A50)
PASS native registered in exe: TASK_HANDS_UP (hash=0x68232D31 handler=0x00BB9DE0)
PASS native registered in exe: TASK_LEAVE_ANY_CAR (hash=0x1114089D handler=0x00BB9E90)
PASS native registered in exe: TASK_LOOK_AT_COORD (hash=0x26E27605 handler=0x00BB9FA0)
PASS native registered in exe: TASK_PLAY_ANIM (hash=0x28EE78D8 handler=0x00BBA170)
PASS native registered in exe: TASK_PLAY_ANIM_SECONDARY (hash=0x273C2D35 handler=0x00BBA290)
PASS native registered in exe: TASK_PLAY_ANIM_UPPER_BODY (hash=0x02534709 handler=0x00BBA390)
PASS native registered in exe: TASK_SHOOT_AT_COORD (hash=0x705231A9 handler=0x00BBA740)
PASS native registered in exe: TASK_SMART_FLEE_CHAR (hash=0x1880639C handler=0x00BBA990)
PASS native registered in exe: TASK_STAND_STILL (hash=0x524C4CB5 handler=0x00BBAB50)
PASS native registered in exe: TASK_TURN_CHAR_TO_FACE_COORD (hash=0x51517B11 handler=0x00BBACF0)
PASS native registered in exe: TASK_WANDER_STANDARD (hash=0x43F5151F handler=0x00BBAE30)
PASS native registered in exe: TRIGGER_PTFX (hash=0x21C44026 handler=0x00BD44D0)
PASS native registered in exe: TRIGGER_PTFX_ON_PED_BONE (hash=0x7D3C3C9D handler=0x00BD45D0)
PASS native registered in exe: TURN_OFF_VEHICLE_EXTRA (hash=0x05966824 handler=0x00BC8340)
PASS resolver anchor native registered: GET_ROOT_CAM (hash=0x75E005F1)
PASS resolver anchor native registered: IS_AUTO_AIMING_ON (hash=0x366B0444)
PASS resolver anchor native registered: IS_BULLET_IN_AREA (hash=0x58493B8E)
PASS resolver anchor native registered: IS_HUD_RETICULE_COMPLEX (hash=0x4DDB5D59)
PASS resolver anchor native registered: SET_GAME_CAM_HEADING (hash=0x45FB5CE1)
PASS resolver anchor native registered: SET_GAME_CAM_PITCH (hash=0x1BC772AC)
PASS resolver anchor native registered: GET_CUTSCENE_SECTION_PLAYING (hash=0x04C65BEB)
PASS resolver anchor native registered: SET_CAM_FOV (hash=0x55D470C2)
PASS resolver anchor native registered: GET_HOURS_OF_DAY (hash=0x0A9F7BA1)
PASS resolver anchor native registered: GET_MINUTES_OF_DAY (hash=0x3DFE691D)
PASS resolver anchor native registered: CAM_IS_SPHERE_VISIBLE (hash=0x2D5611D4)
PASS ScriptHook.dll present next to GTAIV.exe (<game>\ScriptHook.dll)
PASS ScriptHook.dll maps ADD_ARMOUR_TO_CHAR to its CE hash (name_hash=0xD74C40DD ce_hash=0x1C623537)
PASS ScriptHook.dll maps ADD_SCORE to its CE hash (name_hash=0xAC14689F ce_hash=0x537379A8)
PASS ScriptHook.dll maps ALTER_WANTED_LEVEL to its CE hash (name_hash=0x55B888E7 ce_hash=0x60C80EC9)
PASS ScriptHook.dll maps APPLY_FORCE_TO_PED to its CE hash (name_hash=0x343ABB0E ce_hash=0x7305301D)
PASS ScriptHook.dll maps APPLY_WANTED_LEVEL_CHANGE_NOW to its CE hash (name_hash=0x2BCB3B77 ce_hash=0x705A6ED9)
PASS ScriptHook.dll maps ATTACH_OBJECT_TO_CAR to its CE hash (name_hash=0x53D67745 ce_hash=0x7E81412A)
PASS ScriptHook.dll maps ATTACH_OBJECT_TO_PED to its CE hash (name_hash=0xDB806B1D ce_hash=0x577A699E)
PASS ScriptHook.dll maps CHANGE_CAR_COLOUR to its CE hash (name_hash=0xDBE7F83D ce_hash=0x06441EAF)
PASS ScriptHook.dll maps CLEAR_AREA to its CE hash (name_hash=0x854E9AB8 ce_hash=0x27722942)
PASS ScriptHook.dll maps CLEAR_CHAR_TASKS to its CE hash (name_hash=0x91D81ADB ce_hash=0x4AB470F3)
PASS ScriptHook.dll maps CLEAR_CHAR_TASKS_IMMEDIATELY to its CE hash (name_hash=0xB5087D44 ce_hash=0x3C116620)
PASS ScriptHook.dll maps CLEAR_WANTED_LEVEL to its CE hash (name_hash=0x66E84958 ce_hash=0x205622AC)
PASS ScriptHook.dll maps DELETE_CAR to its CE hash (name_hash=0x0D4680B4 ce_hash=0x7F71342D)
PASS ScriptHook.dll maps DELETE_CHAR to its CE hash (name_hash=0xB99B8A04 ce_hash=0x0E3B49BF)
PASS ScriptHook.dll maps DELETE_OBJECT to its CE hash (name_hash=0xD6EF9DA7 ce_hash=0x62FE6290)
PASS ScriptHook.dll maps DETACH_OBJECT to its CE hash (name_hash=0x6A1DF29F ce_hash=0x05C87C26)
PASS ScriptHook.dll maps DISABLE_PLAYER_LOCKON to its CE hash (name_hash=0x3D69E524 ce_hash=0x711214F3)
PASS ScriptHook.dll maps DISPLAY_HUD to its CE hash (name_hash=0xD10E4E31 ce_hash=0x52632919)
PASS ScriptHook.dll maps DISPLAY_RADAR to its CE hash (name_hash=0x52816BD4 ce_hash=0x17920FA7)
PASS ScriptHook.dll maps DOES_BLIP_EXIST to its CE hash (name_hash=0xAE92DD96 ce_hash=0x590A6FF4)
PASS ScriptHook.dll maps DOES_CAM_EXIST to its CE hash (name_hash=0x1EF89DC0 ce_hash=0x46953225)
PASS ScriptHook.dll maps DOES_CHAR_EXIST to its CE hash (name_hash=0xBBD7272C ce_hash=0x46531797)
PASS ScriptHook.dll maps DOES_OBJECT_EXIST to its CE hash (name_hash=0xB2A3021E ce_hash=0x6DAB78CD)
PASS ScriptHook.dll maps DOES_VEHICLE_EXIST to its CE hash (name_hash=0x8737CC23 ce_hash=0x67A42263)
PASS ScriptHook.dll maps EXPLODE_CHAR_HEAD to its CE hash (name_hash=0x6862B5AE ce_hash=0x4A802E89)
PASS ScriptHook.dll maps FIX_CAR to its CE hash (name_hash=0x5ADE88C7 ce_hash=0x3D562F78)
PASS ScriptHook.dll maps FORCE_WEATHER to its CE hash (name_hash=0x664CDA8D ce_hash=0x7EFB5077)
PASS ScriptHook.dll maps FORCE_WEATHER_NOW to its CE hash (name_hash=0x96641599 ce_hash=0x63737D31)
PASS ScriptHook.dll maps FREEZE_CHAR_POSITION to its CE hash (name_hash=0x6410A13F ce_hash=0x20266A86)
PASS ScriptHook.dll maps FREEZE_OBJECT_POSITION to its CE hash (name_hash=0xAAFBDB10 ce_hash=0x7CA8382B)
PASS ScriptHook.dll maps GET_AMMO_IN_CHAR_WEAPON to its CE hash (name_hash=0x5A31E7D8 ce_hash=0x23E140A9)
PASS ScriptHook.dll maps GET_AMMO_IN_CLIP to its CE hash (name_hash=0x73C100C3 ce_hash=0x612C748F)
PASS ScriptHook.dll maps GET_BLIP_COORDS to its CE hash (name_hash=0xEF6FF47B ce_hash=0x4C1E75DB)
PASS ScriptHook.dll maps GET_CAM_FOV to its CE hash (name_hash=0xD6E9FCF5 ce_hash=0x7BF4652D)
PASS ScriptHook.dll maps GET_CAM_POS to its CE hash (name_hash=0x66B9A87E ce_hash=0x60C22E93)
PASS ScriptHook.dll maps GET_CAM_ROT to its CE hash (name_hash=0xDAC84C9F ce_hash=0x51A06698)
PASS ScriptHook.dll maps GET_CAR_CHAR_IS_USING to its CE hash (name_hash=0x73EA87E1 ce_hash=0x1B067237)
PASS ScriptHook.dll maps GET_CAR_COORDINATES to its CE hash (name_hash=0x6D72044F ce_hash=0x2D432EAB)
PASS ScriptHook.dll maps GET_CAR_HEADING to its CE hash (name_hash=0x94B9A4EF ce_hash=0x46803CFA)
PASS ScriptHook.dll maps GET_CAR_HEALTH to its CE hash (name_hash=0xBCF5C60B ce_hash=0x4D417CD3)
PASS ScriptHook.dll maps GET_CAR_MODEL to its CE hash (name_hash=0xBFD2172A ce_hash=0x5FF84497)
PASS ScriptHook.dll maps GET_CAR_SPEED to its CE hash (name_hash=0xF2A1769D ce_hash=0x16DD2D00)
PASS ScriptHook.dll maps GET_CHAR_ANIM_CURRENT_TIME to its CE hash (name_hash=0x6AE57D9B ce_hash=0x555D3B8C)
PASS ScriptHook.dll maps GET_CHAR_ARMOUR to its CE hash (name_hash=0x7FF4E3CE ce_hash=0x3C756E54)
PASS ScriptHook.dll maps GET_CHAR_COORDINATES to its CE hash (name_hash=0xC5892F5F ce_hash=0x2B5C06E6)
PASS ScriptHook.dll maps GET_CHAR_DRAWABLE_VARIATION to its CE hash (name_hash=0xE03F58DC ce_hash=0x1A1A6D83)
PASS ScriptHook.dll maps GET_CHAR_HEADING to its CE hash (name_hash=0x96843575 ce_hash=0x057A3AC7)
PASS ScriptHook.dll maps GET_CHAR_HEALTH to its CE hash (name_hash=0xA1DFED67 ce_hash=0x4B6C2256)
PASS ScriptHook.dll maps GET_CHAR_LAST_DAMAGE_BONE to its CE hash (name_hash=0x35113CCC ce_hash=0x767E5013)
PASS ScriptHook.dll maps GET_CHAR_MODEL to its CE hash (name_hash=0x456B3E3A ce_hash=0x0A3D60CE)
PASS ScriptHook.dll maps GET_CHAR_SPEED to its CE hash (name_hash=0xA570E742 ce_hash=0x3E156AFC)
PASS ScriptHook.dll maps GET_CHAR_TEXTURE_VARIATION to its CE hash (name_hash=0x99D0E550 ce_hash=0x3A7B78C5)
PASS ScriptHook.dll maps GET_CHAR_WEAPON_IN_SLOT to its CE hash (name_hash=0x82ABAA80 ce_hash=0x74EC7580)
PASS ScriptHook.dll maps GET_CURRENT_CHAR_WEAPON to its CE hash (name_hash=0x0C058FF9 ce_hash=0x5AB8289F)
PASS ScriptHook.dll maps GET_CURRENT_EPISODE to its CE hash (name_hash=0x0ECE0B08 ce_hash=0x7D7619D2)
PASS ScriptHook.dll maps GET_CURRENT_WEATHER to its CE hash (name_hash=0xE89F5B07 ce_hash=0x27E421EA)
PASS ScriptHook.dll maps GET_DRIVER_OF_CAR to its CE hash (name_hash=0xA73CE2DA ce_hash=0x22457083)
PASS ScriptHook.dll maps GET_ENGINE_HEALTH to its CE hash (name_hash=0x1236BACE ce_hash=0x2B0A05E0)
PASS ScriptHook.dll maps GET_FIRST_BLIP_INFO_ID to its CE hash (name_hash=0x64C0273D ce_hash=0x3BD729E9)
PASS ScriptHook.dll maps GET_GAME_CAM to its CE hash (name_hash=0xEF15C9C4 ce_hash=0x0B2A2801)
PASS ScriptHook.dll maps GET_GAME_TIMER to its CE hash (name_hash=0xA4EA0691 ce_hash=0x022B2DA9)
PASS ScriptHook.dll maps GET_GAME_VIEWPORT_ID to its CE hash (name_hash=0x1C9DFA9F ce_hash=0x57F7558B)
PASS ScriptHook.dll maps GET_GROUND_Z_FOR_3D_COORD to its CE hash (name_hash=0xA1BFD5E0 ce_hash=0x6D902EE3)
PASS ScriptHook.dll maps GET_MAX_AMMO_IN_CLIP to its CE hash (name_hash=0x6961E2A4 ce_hash=0x01794A3C)
PASS ScriptHook.dll maps GET_MISSION_FLAG to its CE hash (name_hash=0x95115F97 ce_hash=0x2BC64736)
PASS ScriptHook.dll maps GET_NEXT_BLIP_INFO_ID to its CE hash (name_hash=0x9356E92F ce_hash=0x154932F0)
PASS ScriptHook.dll maps GET_OBJECT_COORDINATES to its CE hash (name_hash=0xD64EBD35 ce_hash=0x49DA4F9E)
PASS ScriptHook.dll maps GET_OBJECT_HEADING to its CE hash (name_hash=0x1C02D2F8 ce_hash=0x791D1778)
PASS ScriptHook.dll maps GET_OBJECT_MODEL to its CE hash (name_hash=0x70BECF6A ce_hash=0x5CC55619)
PASS ScriptHook.dll maps GET_OFFSET_FROM_CAR_IN_WORLD_COORDS to its CE hash (name_hash=0xF10283AD ce_hash=0x7F8D3DD9)
PASS ScriptHook.dll maps GET_OFFSET_FROM_OBJECT_IN_WORLD_COORDS to its CE hash (name_hash=0x66DF1BF5 ce_hash=0x449F4165)
PASS ScriptHook.dll maps GET_PED_BONE_POSITION to its CE hash (name_hash=0xC8395A2C ce_hash=0x43475BB3)
PASS ScriptHook.dll maps GET_PLAYER_ID to its CE hash (name_hash=0x1CC648EA ce_hash=0x62E319C6)
PASS ScriptHook.dll maps GET_SOUND_ID to its CE hash (name_hash=0x6AE0AD56 ce_hash=0x6342018A)
PASS ScriptHook.dll maps GET_TIME_OF_DAY to its CE hash (name_hash=0x4E1DE7A5 ce_hash=0x384B3876)
PASS ScriptHook.dll maps GET_VIEWPORT_POSITION_OF_COORD to its CE hash (name_hash=0x4BF2A1D7 ce_hash=0x287A49A5)
PASS ScriptHook.dll maps GET_WATER_HEIGHT to its CE hash (name_hash=0xD864E17C ce_hash=0x2BB9620F)
PASS ScriptHook.dll maps GET_WEAPONTYPE_MODEL to its CE hash (name_hash=0x44E1C269 ce_hash=0x4FE23F25)
PASS ScriptHook.dll maps GET_WEAPONTYPE_SLOT to its CE hash (name_hash=0x2E3759AF ce_hash=0x5E4F6DE3)
PASS ScriptHook.dll maps GIVE_WEAPON_TO_CHAR to its CE hash (name_hash=0x5302DBC4 ce_hash=0x03E90416)
PASS ScriptHook.dll maps HAS_CAR_BEEN_DAMAGED_BY_CHAR to its CE hash (name_hash=0xA07E4E19 ce_hash=0x61487DBF)
PASS ScriptHook.dll maps HAS_CHAR_BEEN_DAMAGED_BY_CHAR to its CE hash (name_hash=0xFECBA916 ce_hash=0x1DD624A0)
PASS ScriptHook.dll maps HAS_CHAR_GOT_WEAPON to its CE hash (name_hash=0x6852825A ce_hash=0x11F759DE)
PASS ScriptHook.dll maps HAS_CHAR_SPOTTED_CHAR to its CE hash (name_hash=0xFFF5F5E3 ce_hash=0x1ADD68E8)
PASS ScriptHook.dll maps HAS_CUTSCENE_FINISHED to its CE hash (name_hash=0x5DED14B4 ce_hash=0x4ECE1AD2)
PASS ScriptHook.dll maps HAS_CUTSCENE_LOADED to its CE hash (name_hash=0xF9998582 ce_hash=0x5DE43980)
PASS ScriptHook.dll maps HAS_MODEL_LOADED to its CE hash (name_hash=0x62BFDB37 ce_hash=0x4E61480A)
PASS ScriptHook.dll maps HAS_SOUND_FINISHED to its CE hash (name_hash=0xE85AEC2E ce_hash=0x2CA53AA1)
PASS ScriptHook.dll maps HAVE_ANIMS_LOADED to its CE hash (name_hash=0x6720D74C ce_hash=0x1D3F681D)
PASS ScriptHook.dll maps IS_CAR_IN_WATER to its CE hash (name_hash=0x663B8371 ce_hash=0x0FF342B2)
PASS ScriptHook.dll maps IS_CHAR_DEAD to its CE hash (name_hash=0x931F73A2 ce_hash=0x6A6B4F18)
PASS ScriptHook.dll maps IS_CHAR_DUCKING to its CE hash (name_hash=0x6EE9A4B7 ce_hash=0x495D6021)
PASS ScriptHook.dll maps IS_CHAR_IN_AIR to its CE hash (name_hash=0x19570E25 ce_hash=0x23C15141)
PASS ScriptHook.dll maps IS_CHAR_IN_ANY_CAR to its CE hash (name_hash=0x74C3E7A5 ce_hash=0x71184DA3)
PASS ScriptHook.dll maps IS_CHAR_ON_SCREEN to its CE hash (name_hash=0xABCF8B91 ce_hash=0x59471B11)
PASS ScriptHook.dll maps IS_CHAR_PLAYING_ANIM to its CE hash (name_hash=0x07F23D94 ce_hash=0x673E4CD2)
PASS ScriptHook.dll maps IS_MODEL_IN_CDIMAGE to its CE hash (name_hash=0x1094782F ce_hash=0x771C2838)
PASS ScriptHook.dll maps IS_PAUSE_MENU_ACTIVE to its CE hash (name_hash=0xD3600591 ce_hash=0x6C4568A7)
PASS ScriptHook.dll maps IS_PED_A_MISSION_PED to its CE hash (name_hash=0xB653748D ce_hash=0x05801768)
PASS ScriptHook.dll maps IS_PED_IN_COVER to its CE hash (name_hash=0x972C5A8B ce_hash=0x5C825D83)
PASS ScriptHook.dll maps IS_PLAYER_BEING_ARRESTED to its CE hash (name_hash=0x7F6A60D3 ce_hash=0x79A95BF9)
PASS ScriptHook.dll maps IS_PLAYER_CONTROL_ON to its CE hash (name_hash=0x618857F2 ce_hash=0x30CD2F1F)
PASS ScriptHook.dll maps IS_PLAYER_DEAD to its CE hash (name_hash=0x140CA5A8 ce_hash=0x12AE0E27)
PASS ScriptHook.dll maps IS_PLAYER_PLAYING to its CE hash (name_hash=0xE15D777F ce_hash=0x08274BA4)
PASS ScriptHook.dll maps IS_SCREEN_FADED_OUT to its CE hash (name_hash=0x9CAA05FA ce_hash=0x59EE3A11)
PASS ScriptHook.dll maps IS_SCREEN_FADING to its CE hash (name_hash=0xD4216CC0 ce_hash=0x73700561)
PASS ScriptHook.dll maps IS_VEHICLE_EXTRA_TURNED_ON to its CE hash (name_hash=0x042098B5 ce_hash=0x4B920E81)
PASS ScriptHook.dll maps LOAD_SCENE to its CE hash (name_hash=0xB72403F5 ce_hash=0x39F62BFB)
PASS ScriptHook.dll maps MARK_CAR_AS_NO_LONGER_NEEDED to its CE hash (name_hash=0xD5DB8210 ce_hash=0x20C76FD1)
PASS ScriptHook.dll maps MARK_CHAR_AS_NO_LONGER_NEEDED to its CE hash (name_hash=0xC808F143 ce_hash=0x0B774604)
PASS ScriptHook.dll maps MARK_MODEL_AS_NO_LONGER_NEEDED to its CE hash (name_hash=0xE1FE3FDF ce_hash=0x00FA0E33)
PASS ScriptHook.dll maps OPEN_CAR_DOOR to its CE hash (name_hash=0xDE6F6EA7 ce_hash=0x1E352CEF)
PASS ScriptHook.dll maps PLAY_SOUND_FROM_PED to its CE hash (name_hash=0x1D6D6AC3 ce_hash=0x56F37A81)
PASS ScriptHook.dll maps PLAY_SOUND_FROM_POSITION to its CE hash (name_hash=0x05BC72D7 ce_hash=0x65752C65)
PASS ScriptHook.dll maps PLAY_SOUND_FROM_VEHICLE to its CE hash (name_hash=0x8A5F9685 ce_hash=0x763274B7)
PASS ScriptHook.dll maps PLAY_SOUND_FRONTEND to its CE hash (name_hash=0x2E458F74 ce_hash=0x4DAF2C87)
PASS ScriptHook.dll maps RELEASE_SOUND_ID to its CE hash (name_hash=0x9C080899 ce_hash=0x211D390A)
PASS ScriptHook.dll maps RELEASE_WEATHER to its CE hash (name_hash=0xD03AC6A6 ce_hash=0x3A115D9D)
PASS ScriptHook.dll maps REMOVE_ALL_CHAR_WEAPONS to its CE hash (name_hash=0x7569CAAE ce_hash=0x6BA520F0)
PASS ScriptHook.dll maps REMOVE_ANIMS to its CE hash (name_hash=0x27B551AA ce_hash=0x55E00E7E)
PASS ScriptHook.dll maps REMOVE_WEAPON_FROM_CHAR to its CE hash (name_hash=0xAFA3B71D ce_hash=0x2485231E)
PASS ScriptHook.dll maps REQUEST_ANIMS to its CE hash (name_hash=0x94B10254 ce_hash=0x65F874DE)
PASS ScriptHook.dll maps REQUEST_COLLISION_AT_POSN to its CE hash (name_hash=0xD5CD7371 ce_hash=0x12ED0BC9)
PASS ScriptHook.dll maps REQUEST_MODEL to its CE hash (name_hash=0xFFF1B500 ce_hash=0x502B5185)
PASS ScriptHook.dll maps SET_BLOCKING_OF_NON_TEMPORARY_EVENTS to its CE hash (name_hash=0xDFE34E4A ce_hash=0x76247429)
PASS ScriptHook.dll maps SET_CAR_COORDINATES to its CE hash (name_hash=0x98EE9042 ce_hash=0x567B6C56)
PASS ScriptHook.dll maps SET_CAR_DENSITY_MULTIPLIER to its CE hash (name_hash=0xCFBDC084 ce_hash=0x0AA73A12)
PASS ScriptHook.dll maps SET_CAR_HEADING to its CE hash (name_hash=0x951CB856 ce_hash=0x75E40528)
PASS ScriptHook.dll maps SET_CAR_HEALTH to its CE hash (name_hash=0xB3B086A2 ce_hash=0x49B6525C)
PASS ScriptHook.dll maps SET_CHAR_ACCURACY to its CE hash (name_hash=0x5EDBF9ED ce_hash=0x1958471A)
PASS ScriptHook.dll maps SET_CHAR_AMMO to its CE hash (name_hash=0x370E18D4 ce_hash=0x437D247E)
PASS ScriptHook.dll maps SET_CHAR_AS_MISSION_CHAR to its CE hash (name_hash=0x4B2F3CE0 ce_hash=0x60EC0540)
PASS ScriptHook.dll maps SET_CHAR_BLEEDING to its CE hash (name_hash=0x5C498407 ce_hash=0x38330B4A)
PASS ScriptHook.dll maps SET_CHAR_COMPONENT_VARIATION to its CE hash (name_hash=0x4937EBF1 ce_hash=0x71A52973)
PASS ScriptHook.dll maps SET_CHAR_COORDINATES to its CE hash (name_hash=0x049727E0 ce_hash=0x689D0F5F)
PASS ScriptHook.dll maps SET_CHAR_HEADING to its CE hash (name_hash=0x9D0E2598 ce_hash=0x46B5523B)
PASS ScriptHook.dll maps SET_CHAR_HEALTH to its CE hash (name_hash=0x5BC562BF ce_hash=0x575E2880)
PASS ScriptHook.dll maps SET_CHAR_INVINCIBLE to its CE hash (name_hash=0x6677FA86 ce_hash=0x2A58578B)
PASS ScriptHook.dll maps SET_CURRENT_CHAR_WEAPON to its CE hash (name_hash=0xBB1A1C18 ce_hash=0x6CF44DD6)
PASS ScriptHook.dll maps SET_ENGINE_HEALTH to its CE hash (name_hash=0x60CCB3D1 ce_hash=0x3F413561)
PASS ScriptHook.dll maps SET_OBJECT_COLLISION to its CE hash (name_hash=0xEDEA40E8 ce_hash=0x24A40229)
PASS ScriptHook.dll maps SET_OBJECT_COORDINATES to its CE hash (name_hash=0xED16ED4B ce_hash=0x52FD30EB)
PASS ScriptHook.dll maps SET_OBJECT_ROTATION to its CE hash (name_hash=0xB9BF4EA7 ce_hash=0x081D549C)
PASS ScriptHook.dll maps SET_PED_DENSITY_MULTIPLIER to its CE hash (name_hash=0x87FDB5D1 ce_hash=0x540F2DF7)
PASS ScriptHook.dll maps SET_PLAYER_CONTROL to its CE hash (name_hash=0xD17AFCD8 ce_hash=0x1A6203EA)
PASS ScriptHook.dll maps SET_PLAYER_INVINCIBLE to its CE hash (name_hash=0xDFB9A2A2 ce_hash=0x7E9E02E1)
PASS ScriptHook.dll maps SET_TIME_OF_DAY to its CE hash (name_hash=0xAD03186C ce_hash=0x52100540)
PASS ScriptHook.dll maps SHUT_CAR_DOOR to its CE hash (name_hash=0x961BCA1B ce_hash=0x5E7A620E)
PASS ScriptHook.dll maps START_PTFX to its CE hash (name_hash=0xA3126963 ce_hash=0x3A774777)
PASS ScriptHook.dll maps START_PTFX_ON_PED_BONE to its CE hash (name_hash=0x51A7FB1B ce_hash=0x2209116C)
PASS ScriptHook.dll maps START_PTFX_ON_VEH to its CE hash (name_hash=0x7475356F ce_hash=0x5C4B1A8A)
PASS ScriptHook.dll maps STOP_PTFX to its CE hash (name_hash=0x53C54911 ce_hash=0x0EAA4429)
PASS ScriptHook.dll maps STOP_SOUND to its CE hash (name_hash=0xCD7F4030 ce_hash=0x09DB00B9)
PASS ScriptHook.dll maps STORE_SCORE to its CE hash (name_hash=0x77F7D38E ce_hash=0x1E203014)
PASS ScriptHook.dll maps STORE_WANTED_LEVEL to its CE hash (name_hash=0xEA6A8B1C ce_hash=0x12AA6D71)
PASS ScriptHook.dll maps TASK_AIM_GUN_AT_COORD to its CE hash (name_hash=0xFBF44AD3 ce_hash=0x0AA202B0)
PASS ScriptHook.dll maps TASK_COMBAT to its CE hash (name_hash=0xC3E34F36 ce_hash=0x1F157FD3)
PASS ScriptHook.dll maps TASK_COWER to its CE hash (name_hash=0x9CF1C19B ce_hash=0x29103E08)
PASS ScriptHook.dll maps TASK_ENTER_CAR_AS_DRIVER to its CE hash (name_hash=0x10EFBBEA ce_hash=0x5BF03315)
PASS ScriptHook.dll maps TASK_ENTER_CAR_AS_PASSENGER to its CE hash (name_hash=0xFBC81DA4 ce_hash=0x0A2C70AF)
PASS ScriptHook.dll maps TASK_GO_STRAIGHT_TO_COORD to its CE hash (name_hash=0x80A9E7A7 ce_hash=0x19591255)
PASS ScriptHook.dll maps TASK_HANDS_UP to its CE hash (name_hash=0x8DCC19C5 ce_hash=0x68232D31)
PASS ScriptHook.dll maps TASK_LEAVE_ANY_CAR to its CE hash (name_hash=0xB7B097C4 ce_hash=0x1114089D)
PASS ScriptHook.dll maps TASK_LOOK_AT_COORD to its CE hash (name_hash=0x7B784DD8 ce_hash=0x26E27605)
PASS ScriptHook.dll maps TASK_PLAY_ANIM to its CE hash (name_hash=0x5AB552C6 ce_hash=0x28EE78D8)
PASS ScriptHook.dll maps TASK_PLAY_ANIM_SECONDARY to its CE hash (name_hash=0xC117897A ce_hash=0x273C2D35)
PASS ScriptHook.dll maps TASK_PLAY_ANIM_UPPER_BODY to its CE hash (name_hash=0xB7ADDD40 ce_hash=0x02534709)
PASS ScriptHook.dll maps TASK_SHOOT_AT_COORD to its CE hash (name_hash=0x601C22E3 ce_hash=0x705231A9)
PASS ScriptHook.dll maps TASK_SMART_FLEE_CHAR to its CE hash (name_hash=0x5263A71D ce_hash=0x1880639C)
PASS ScriptHook.dll maps TASK_STAND_STILL to its CE hash (name_hash=0x6F80965D ce_hash=0x524C4CB5)
PASS ScriptHook.dll maps TASK_TURN_CHAR_TO_FACE_COORD to its CE hash (name_hash=0xE0ED9289 ce_hash=0x51517B11)
PASS ScriptHook.dll maps TASK_WANDER_STANDARD to its CE hash (name_hash=0xAF59151A ce_hash=0x43F5151F)
PASS ScriptHook.dll maps TRIGGER_PTFX to its CE hash (name_hash=0x94C4F762 ce_hash=0x21C44026)
PASS ScriptHook.dll maps TRIGGER_PTFX_ON_PED_BONE to its CE hash (name_hash=0x9AB3E389 ce_hash=0x7D3C3C9D)
PASS ScriptHook.dll maps TURN_OFF_VEHICLE_EXTRA to its CE hash (name_hash=0xB3A0F890 ce_hash=0x05966824)
== Core native table (ADR-0006)
PASS core native table matches lc_native_id (table=30 enum=30)
PASS C# CoreAbi.NativeCount matches the core (abi=30 core=30)
PASS core native order 0: DOES_CHAR_EXIST (enum=DOES_CHAR_EXIST)
PASS core native hash agrees with native-hashes.csv: DOES_CHAR_EXIST (core=0x46531797 csv=0x46531797)
PASS core native registered in exe: DOES_CHAR_EXIST (hash=0x46531797)
PASS core native order 1: IS_CHAR_DEAD (enum=IS_CHAR_DEAD)
PASS core native hash agrees with native-hashes.csv: IS_CHAR_DEAD (core=0x6A6B4F18 csv=0x6A6B4F18)
PASS core native registered in exe: IS_CHAR_DEAD (hash=0x6A6B4F18)
PASS core native order 2: GET_CHAR_HEALTH (enum=GET_CHAR_HEALTH)
PASS core native hash agrees with native-hashes.csv: GET_CHAR_HEALTH (core=0x4B6C2256 csv=0x4B6C2256)
PASS core native registered in exe: GET_CHAR_HEALTH (hash=0x4B6C2256)
PASS core native order 3: GET_CHAR_ARMOUR (enum=GET_CHAR_ARMOUR)
PASS core native hash agrees with native-hashes.csv: GET_CHAR_ARMOUR (core=0x3C756E54 csv=0x3C756E54)
PASS core native registered in exe: GET_CHAR_ARMOUR (hash=0x3C756E54)
PASS core native order 4: GET_CHAR_COORDINATES (enum=GET_CHAR_COORDINATES)
PASS core native hash agrees with native-hashes.csv: GET_CHAR_COORDINATES (core=0x2B5C06E6 csv=0x2B5C06E6)
PASS core native registered in exe: GET_CHAR_COORDINATES (hash=0x2B5C06E6)
PASS core native order 5: GET_CHAR_HEADING (enum=GET_CHAR_HEADING)
PASS core native hash agrees with native-hashes.csv: GET_CHAR_HEADING (core=0x057A3AC7 csv=0x057A3AC7)
PASS core native registered in exe: GET_CHAR_HEADING (hash=0x057A3AC7)
PASS core native order 6: GET_CHAR_MODEL (enum=GET_CHAR_MODEL)
PASS core native hash agrees with native-hashes.csv: GET_CHAR_MODEL (core=0x0A3D60CE csv=0x0A3D60CE)
PASS core native registered in exe: GET_CHAR_MODEL (hash=0x0A3D60CE)
PASS core native order 7: IS_CHAR_IN_ANY_CAR (enum=IS_CHAR_IN_ANY_CAR)
PASS core native hash agrees with native-hashes.csv: IS_CHAR_IN_ANY_CAR (core=0x71184DA3 csv=0x71184DA3)
PASS core native registered in exe: IS_CHAR_IN_ANY_CAR (hash=0x71184DA3)
PASS core native order 8: GET_CAR_CHAR_IS_USING (enum=GET_CAR_CHAR_IS_USING)
PASS core native hash agrees with native-hashes.csv: GET_CAR_CHAR_IS_USING (core=0x1B067237 csv=0x1B067237)
PASS core native registered in exe: GET_CAR_CHAR_IS_USING (hash=0x1B067237)
PASS core native order 9: GET_CURRENT_CHAR_WEAPON (enum=GET_CURRENT_CHAR_WEAPON)
PASS core native hash agrees with native-hashes.csv: GET_CURRENT_CHAR_WEAPON (core=0x5AB8289F csv=0x5AB8289F)
PASS core native registered in exe: GET_CURRENT_CHAR_WEAPON (hash=0x5AB8289F)
PASS core native order 10: GET_AMMO_IN_CLIP (enum=GET_AMMO_IN_CLIP)
PASS core native hash agrees with native-hashes.csv: GET_AMMO_IN_CLIP (core=0x612C748F csv=0x612C748F)
PASS core native registered in exe: GET_AMMO_IN_CLIP (hash=0x612C748F)
PASS core native order 11: GET_CHAR_LAST_DAMAGE_BONE (enum=GET_CHAR_LAST_DAMAGE_BONE)
PASS core native hash agrees with native-hashes.csv: GET_CHAR_LAST_DAMAGE_BONE (core=0x767E5013 csv=0x767E5013)
PASS core native registered in exe: GET_CHAR_LAST_DAMAGE_BONE (hash=0x767E5013)
PASS core native order 12: HAS_CHAR_BEEN_DAMAGED_BY_CHAR (enum=HAS_CHAR_BEEN_DAMAGED_BY_CHAR)
PASS core native hash agrees with native-hashes.csv: HAS_CHAR_BEEN_DAMAGED_BY_CHAR (core=0x1DD624A0 csv=0x1DD624A0)
PASS core native registered in exe: HAS_CHAR_BEEN_DAMAGED_BY_CHAR (hash=0x1DD624A0)
PASS core native order 13: GET_PLAYER_ID (enum=GET_PLAYER_ID)
PASS core native hash agrees with native-hashes.csv: GET_PLAYER_ID (core=0x62E319C6 csv=0x62E319C6)
PASS core native registered in exe: GET_PLAYER_ID (hash=0x62E319C6)
PASS core native order 14: IS_PLAYER_PLAYING (enum=IS_PLAYER_PLAYING)
PASS core native hash agrees with native-hashes.csv: IS_PLAYER_PLAYING (core=0x08274BA4 csv=0x08274BA4)
PASS core native registered in exe: IS_PLAYER_PLAYING (hash=0x08274BA4)
PASS core native order 15: IS_PLAYER_CONTROL_ON (enum=IS_PLAYER_CONTROL_ON)
PASS core native hash agrees with native-hashes.csv: IS_PLAYER_CONTROL_ON (core=0x30CD2F1F csv=0x30CD2F1F)
PASS core native registered in exe: IS_PLAYER_CONTROL_ON (hash=0x30CD2F1F)
PASS core native order 16: IS_PAUSE_MENU_ACTIVE (enum=IS_PAUSE_MENU_ACTIVE)
PASS core native hash agrees with native-hashes.csv: IS_PAUSE_MENU_ACTIVE (core=0x6C4568A7 csv=0x6C4568A7)
PASS core native registered in exe: IS_PAUSE_MENU_ACTIVE (hash=0x6C4568A7)
PASS core native order 17: IS_SCREEN_FADED_OUT (enum=IS_SCREEN_FADED_OUT)
PASS core native hash agrees with native-hashes.csv: IS_SCREEN_FADED_OUT (core=0x59EE3A11 csv=0x59EE3A11)
PASS core native registered in exe: IS_SCREEN_FADED_OUT (hash=0x59EE3A11)
PASS core native order 18: GET_GAME_TIMER (enum=GET_GAME_TIMER)
PASS core native hash agrees with native-hashes.csv: GET_GAME_TIMER (core=0x022B2DA9 csv=0x022B2DA9)
PASS core native registered in exe: GET_GAME_TIMER (hash=0x022B2DA9)
PASS core native order 19: GET_HOURS_OF_DAY (enum=GET_HOURS_OF_DAY)
PASS core native hash agrees with native-hashes.csv: GET_HOURS_OF_DAY (core=0x0A9F7BA1 csv=0x0A9F7BA1)
PASS core native registered in exe: GET_HOURS_OF_DAY (hash=0x0A9F7BA1)
PASS core native order 20: GET_MINUTES_OF_DAY (enum=GET_MINUTES_OF_DAY)
PASS core native hash agrees with native-hashes.csv: GET_MINUTES_OF_DAY (core=0x3DFE691D csv=0x3DFE691D)
PASS core native registered in exe: GET_MINUTES_OF_DAY (hash=0x3DFE691D)
PASS core native order 21: GET_CURRENT_WEATHER (enum=GET_CURRENT_WEATHER)
PASS core native hash agrees with native-hashes.csv: GET_CURRENT_WEATHER (core=0x27E421EA csv=0x27E421EA)
PASS core native registered in exe: GET_CURRENT_WEATHER (hash=0x27E421EA)
PASS core native order 22: DOES_VEHICLE_EXIST (enum=DOES_VEHICLE_EXIST)
PASS core native hash agrees with native-hashes.csv: DOES_VEHICLE_EXIST (core=0x67A42263 csv=0x67A42263)
PASS core native registered in exe: DOES_VEHICLE_EXIST (hash=0x67A42263)
PASS core native order 23: GET_CAR_COORDINATES (enum=GET_CAR_COORDINATES)
PASS core native hash agrees with native-hashes.csv: GET_CAR_COORDINATES (core=0x2D432EAB csv=0x2D432EAB)
PASS core native registered in exe: GET_CAR_COORDINATES (hash=0x2D432EAB)
PASS core native order 24: GET_CAR_HEADING (enum=GET_CAR_HEADING)
PASS core native hash agrees with native-hashes.csv: GET_CAR_HEADING (core=0x46803CFA csv=0x46803CFA)
PASS core native registered in exe: GET_CAR_HEADING (hash=0x46803CFA)
PASS core native order 25: GET_CAR_SPEED (enum=GET_CAR_SPEED)
PASS core native hash agrees with native-hashes.csv: GET_CAR_SPEED (core=0x16DD2D00 csv=0x16DD2D00)
PASS core native registered in exe: GET_CAR_SPEED (hash=0x16DD2D00)
PASS core native order 26: GET_CAR_HEALTH (enum=GET_CAR_HEALTH)
PASS core native hash agrees with native-hashes.csv: GET_CAR_HEALTH (core=0x4D417CD3 csv=0x4D417CD3)
PASS core native registered in exe: GET_CAR_HEALTH (hash=0x4D417CD3)
PASS core native order 27: GET_ENGINE_HEALTH (enum=GET_ENGINE_HEALTH)
PASS core native hash agrees with native-hashes.csv: GET_ENGINE_HEALTH (core=0x2B0A05E0 csv=0x2B0A05E0)
PASS core native registered in exe: GET_ENGINE_HEALTH (hash=0x2B0A05E0)
PASS core native order 28: GET_CAR_MODEL (enum=GET_CAR_MODEL)
PASS core native hash agrees with native-hashes.csv: GET_CAR_MODEL (core=0x5FF84497 csv=0x5FF84497)
PASS core native registered in exe: GET_CAR_MODEL (hash=0x5FF84497)
PASS core native order 29: GET_DRIVER_OF_CAR (enum=GET_DRIVER_OF_CAR)
PASS core native hash agrees with native-hashes.csv: GET_DRIVER_OF_CAR (core=0x22457083 csv=0x22457083)
PASS core native registered in exe: GET_DRIVER_OF_CAR (hash=0x22457083)
== Gunplay logic and configuration
PASS gunplay.json parses and validates (weapons=3)
PASS three test weapons configured (expected 3 actual 3)
PASS weapon ids 58/59/60
PASS pistol vertical kick read from JSON (expected 1.6 actual 1.6 tol 1E-09)
PASS shotgun pellet pattern read from JSON (expected 3 actual 3 tol 1E-09)
PASS tuning key resolves: recoil.verticalKickDegrees
PASS tuning key resolves: recoil.horizontalKickDegrees
PASS tuning key resolves: recoil.horizontalRandomDegrees
PASS tuning key resolves: recoil.firstShotMultiplier
PASS tuning key resolves: recoil.sustainedFireGrowthPerShot
PASS tuning key resolves: recoil.maxAccumulatedDegrees
PASS tuning key resolves: recoil.kickDurationMilliseconds
PASS tuning key resolves: recoil.recoveryDelayMilliseconds
PASS tuning key resolves: recoil.recoveryDegreesPerSecond
PASS tuning key resolves: recoil.recoveryFraction
PASS tuning key resolves: recoil.movingMultiplier
PASS tuning key resolves: recoil.crouchedMultiplier
PASS tuning key resolves: recoil.vehicleMultiplier
PASS tuning key resolves: spread.baseDegrees
PASS tuning key resolves: spread.perShotDegrees
PASS tuning key resolves: spread.burstShotCount
PASS tuning key resolves: spread.burstPerShotMultiplier
PASS tuning key resolves: spread.chainResetMilliseconds
PASS tuning key resolves: spread.maxDegrees
PASS tuning key resolves: spread.recoveryDelayMilliseconds
PASS tuning key resolves: spread.recoveryDegreesPerSecond
PASS tuning key resolves: spread.shortBurstRecoveryDegreesPerSecond
PASS tuning key resolves: spread.movingAddDegrees
PASS tuning key resolves: spread.crouchedMultiplier
PASS tuning key resolves: spread.coverMultiplier
PASS tuning key resolves: spread.vehicleMultiplier
PASS tuning key resolves: spread.hipFireMultiplier
PASS tuning key resolves: spread.blindFireMultiplier
PASS tuning key resolves: spread.pelletPatternDegrees
PASS at least three presets shipped (count=4)
PASS preset applies: a_gta4plus.json
PASS preset applies: b_mafia_light.json
PASS preset applies: c_mafia_heavy.json
PASS preset applies: d_experimental.json
PASS validator rejects negative kick
PASS malformed JSON rejected with InvalidDataException
PASS store keeps last valid config after malformed edit (errors=1)
PASS saved config round-trips (expected 0.18 actual 0.18 tol 1E-12)
PASS save keeps a .bak of the previous file
PASS saved JSON is indented for humans
PASS pistol single kick fully applied within kick duration (expected 1.6 actual 1.6 tol 1E-06)
PASS pistol recovers configured fraction (expected 0.24 actual 0.24 tol 1E-06)
PASS counter-steering cancels auto recovery (net=1.60)
PASS carbine sustained fire accumulates beyond one kick (climb=11.01)
PASS carbine climb bounded near maxAccumulated (climb=11.01)
PASS shotgun single kick is the strongest (kick=5.50)
PASS first shot uses base spread (expected 0.25 actual 0.25 tol 1E-09)
PASS paced pistol taps remain tight (spread=0.25)
PASS spread recovers to base at rest (expected 0.25 actual 0.25 tol 1E-09)
PASS match grip reduces repeat-shot bloom without altering first-shot base
PASS short carbine burst remains below long spray (short=0.66 long=2.10)
PASS long spray eventually recovers (expected 0.3 actual 0.3 tol 1E-09)
PASS full movement adds movingAddDegrees (expected 1.25 actual 1.25 tol 1E-09)
PASS blind fire multiplier applied (expected 0.875 actual 0.875 tol 1E-09)
PASS vehicle multiplier applied (expected 0.4 actual 0.4 tol 1E-09)
PASS shot geometry recovers a 1 degree deviation (expected 1 actual 0.9996 tol 0.08)
PASS shot geometry reports 0 for a perfect shot (expected 0 actual 0 tol 1E-06)
PASS heading 90 points west (-X) (-1.00,0.00,0.00)
PASS auto-calibration converges on an unknown engine factor (expected 1 actual 0.9922 tol 0.15)
PASS calibration gain within bounds (gain=1.613)
PASS accuracy for 0 degrees is the configured minimum (expected 0 actual 0 tol 1E-09)
PASS pistol vanilla accuracy 2.6 maps to about 0.39 degrees (expected 0.387 actual 0.3873 tol 0.01)
PASS WeaponInfo.xml accuracy for LF_GOLD_PISTOL is 2.6 (<repo>\staging\t007\WeaponInfo.xml)
PASS LF_GOLD_CARBINE and LF_GOLD_SHOTGUN present
PASS test accuracies are distinct (layout proof is meaningful)
PASS locations.json exists (<repo>\config\devtools\locations.json)
PASS locations include a gun test range
== Arsenal core (T-020)
PASS arsenal contract: weapon record clones
PASS arsenal config validates
PASS arsenal trunk timings come from config
PASS arsenal trunk timings with min > max are rejected
PASS long gun cap spans shotgun rifle sniper
PASS heavy counts toward long gun cap
PASS handgun plus SMG fit sidearm cap
PASS mission and cutscene defer moves
PASS purchase within money window becomes owned
PASS late pickup remains unowned
PASS stash take becomes owned
PASS mission gain remains unowned
PASS bust clears all with no stash transfer
PASS wasted sends owned only to safehouse
PASS LVS owned INI parses ID episode model and position
PASS Arsenal state JSON round-trip
PASS corrupt state starts empty and preserves .bak
== Phase 2 ownership and catalog
PASS catalog has service pistol replacement pair
PASS catalog registers existing CE add-on
PASS gold pistol has a priced match grip with bounded bloom effect
PASS same weapon type cannot replace a carried physical instance on take
PASS physical weapon metadata survives state round trip
PASS trunk transfer retains physical identity
PASS safehouse transfer retains physical identity and metadata
PASS gunsmith finish upgrade retains identity and unlock in storage
PASS duplicate instance IDs repaired
PASS wasted clears carried snapshot and retains owned instance in safehouse
PASS busted clears carried snapshot without adding stash copy
== Feel and presentation (T-011, T-013..T-017, T-021)
PASS holster contract: five body slots
PASS holster handgun right thigh
PASS holster SMG left hip
PASS holster two long guns
PASS holster thrown omitted
PASS holster in hand hidden
PASS holster vehicle hidden
PASS holster bike visible when enabled
PASS holster fade hidden
PASS holster death hidden
PASS holsters config valid
PASS holsters duplicate ID rejected
PASS feel config loaded
PASS unsupported aim profile rejected clearly
PASS aiming cycle wraps carried list
PASS aiming cycle excludes absent weapon
PASS T-011 gold variants declared
== Vehicle body parts (T-023)
PASS vehicle extras: sultanrs Hood scoop ({ "extra": 1, "parent": "bonnet", "x": 0, "y": 1.224, "z": 0.514, "label": "Hood scoop / hood panel" })
PASS vehicle extras: police Roof item ({ "extra": 1, "parent": "chassis", "x": -0.001, "y": -0.185, "z": 0.825, "label": "Roof item (rack, sign or light)" })
PASS vehicle extras: infernus Trunk spoiler ({ "extra": 1, "parent": "boot", "x": 0, "y": -1.622, "z": 0.423, "label": "Trunk spoiler / boot panel" })
PASS model hash is Jenkins of lower-case name (sultanrs)
== Dismemberment plans and particles (T-022)
PASS left foot hit cuts at the knee (left_leg_knee)
PASS right thigh hit cuts at the hip and removes the whole leg (right_leg_hip)
PASS right hand hit cuts at the elbow, fingers included (right_arm_elbow)
PASS left upper-arm hit cuts at the shoulder, clavicle stays (left_arm_shoulder)
PASS head and torso hits never cut a limb
PASS unresolved knee/elbow cuts fall back to hip/shoulder
PASS decapitation cuts at the neck, spine stays
PASS gore config validates (all firearms, dismemberment, decapitation, emitters)
PASS stock blood visuals are the portable default (stock)
PASS external blood mode has bounded leak and throw settings
PASS unknown blood visual mode is rejected
PASS particle effect exists in gta_core.wpfl: blood_gun_entry (<game>\update\pc\data\effects\gta_core.wpfl)
PASS particle effect exists in gta_core.wpfl: blood_gun_exit (<game>\update\pc\data\effects\gta_core.wpfl)
PASS particle effect exists in gta_core.wpfl: blood_shotgun_entry (<game>\update\pc\data\effects\gta_core.wpfl)
PASS particle effect exists in gta_core.wpfl: blood_shotgun_chunks (<game>\update\pc\data\effects\gta_core.wpfl)
PASS particle effect exists in gta_core.wpfl: blood_sniper_entry (<game>\update\pc\data\effects\gta_core.wpfl)
PASS particle effect exists in gta_core.wpfl: blood_sniper_chunks (<game>\update\pc\data\effects\gta_core.wpfl)
PASS particle effect exists in gta_core.wpfl: blood_gun_chunks (<game>\update\pc\data\effects\gta_core.wpfl)
PASS particle effect exists in gta_core.wpfl: blood_drips (<game>\update\pc\data\effects\gta_core.wpfl)
PASS particle effect exists in gta_core.wpfl: blood_artery (<game>\update\pc\data\effects\gta_core.wpfl)
PASS particle effect exists in gta_core.wpfl: blood_bang_chunks (<game>\update\pc\data\effects\gta_core.wpfl)
PASS particle effect exists in gta_core.wpfl: blood_artery_mist (<game>\update\pc\data\effects\gta_core.wpfl)
PASS particle effect exists in gta_core.wpfl: blood_ped_mouth (<game>\update\pc\data\effects\gta_core.wpfl)
PASS particle effect exists in gta_core.wpfl: blood_gun_mist (<game>\update\pc\data\effects\gta_core.wpfl)
PASS particle effect exists in gta_core.wpfl: blood_death (<game>\update\pc\data\effects\gta_core.wpfl)
PASS particle effect exists in gta_core.wpfl: blood_artery_directional (<game>\update\pc\data\effects\gta_core.wpfl)
PASS particle effect exists in gta_core.wpfl: blood_drips (<game>\update\pc\data\effects\gta_core.wpfl)
PASS particle effect exists in gta_core.wpfl: blood_gun_entry (<game>\update\pc\data\effects\gta_core.wpfl)
PASS particle effect exists in gta_core.wpfl: blood_shotgun_entry (<game>\update\pc\data\effects\gta_core.wpfl)
PASS particle effect exists in gta_core.wpfl: blood_death (<game>\update\pc\data\effects\gta_core.wpfl)
== Dismemberment collapse engine machine code (ADR-0005)
    log: skeleton_collapse_engine_installed patches=1
PASS collapse engine patched the call site (E8-EC-F2-08-02)
PASS hooked update passes this, both arguments and the return value through (result=0x12345678)
PASS empty table: nothing collapsed, routine not entered (calls=0)
PASS listed bones collapse to the cut joint at the configured scale (hits=1)
PASS a skeleton with a different bone count is never written
    log: skeleton_collapse_engine_installed patches=1
PASS fragInst hook runs the method, then collapses the skeleton from vfunc E0h (result=0x55)
    log: skeleton_collapse_engine_removed
    log: skeleton_collapse_engine_removed
PASS remove restores the original bytes exactly (E8-EC-FE-FF-FF)
PASS after remove the update runs unhooked
== Atmosphere: weather director and density governor (M-2, E-5)
PASS atmosphere.json validates
PASS forecast never draws a forbidden transition (forbidden=0)
PASS daytime is mostly grey or wet (>= 70% of blocks) (grey_wet=16357/20000)
PASS clear skies still happen by day
PASS fog is more likely at night than by day (night_fog=3600)
PASS cold breath at 2h in clear weather and in daytime drizzle, not on a sunny afternoon
PASS density stays full at 18 ms frames (peds=1)
PASS density reaches its minimum at 60 ms frames (peds=0.55 cars=0.6)
PASS density never drops faster than the configured rate (after_1s=0.936)
== Hot reload file watcher (M5)
PASS hot reload: nothing changed, nothing reported (expected 0 actual 0)
PASS hot reload: a fresh change waits one poll to settle (expected 0 actual 0)
PASS hot reload: the settled change is reported (<home>\AppData\Local\Temp\liberty_verify_hotreload_8195ef5e8066405990b71a94024b8eac\Mod.A.dll)
PASS hot reload: reported once (expected 0 actual 0)
PASS hot reload: a touched but identical file is not reloaded (expected 0 actual 0)
PASS hot reload: a new mod file is reported (<home>\AppData\Local\Temp\liberty_verify_hotreload_8195ef5e8066405990b71a94024b8eac\Mod.B.dll)
    log: hot_reload_read_busy Mod.A.dll error=The process cannot access the file '<home>\AppData\Local\Temp\liberty_verify_hotreload_8195ef5e8066405990b71a94024b8eac\Mod.A.dll' because it is being used by another process.
PASS hot reload: a file still open for writing is not reported (expected 0 actual 0)
PASS hot reload: reported once the writer closed it (<home>\AppData\Local\Temp\liberty_verify_hotreload_8195ef5e8066405990b71a94024b8eac\Mod.A.dll)
PASS hot reload: no poll inside the interval (expected 0 actual 0)
PASS hot reload: the next poll after the interval reports it (expected 1 actual 1)
== LibertyCore C ABI: liberty_core.h against CoreAbi.cs and CoreBridge
PASS ABI: CoreAbi.Version matches LC_ABI_VERSION (expected 5 actual 5)
PASS ABI: MaxPeds (expected 128 actual 128)
PASS ABI: MaxVehicles (expected 64 actual 64)
PASS ABI: MaxEvents (expected 256 actual 256)
PASS ABI: MaxBullets (expected 32 actual 32)
PASS ABI: MaxDamages (expected 32 actual 32)
PASS ABI: LcRay.MaxIgnore (expected 4 actual 4)
PASS ABI: LcRayHit.RawWords (expected 24 actual 24)
PASS ABI: LC_VALID_* constants match CoreAbi (6 values)
PASS ABI: LC_PED_* constants match CoreAbi (4 values)
PASS ABI: LC_VEH_* constants match CoreAbi (2 values)
PASS ABI: LC_PLAYER_* constants match CoreAbi (5 values)
PASS ABI: LC_WORLD_* constants match CoreAbi (2 values)
PASS ABI: LC_DAMAGE_* constants match CoreAbi (1 values)
PASS ABI: LC_RAY_ACCEPT_* constants match CoreAbi (5 values)
PASS ABI: LC_RAY_* constants match CoreAbi (6 values)
PASS ABI: LC_ENTITY_* constants match CoreAbi (4 values)
PASS ABI: lc_native_id order matches CoreAbi.NativeNames (30 header vs 30 C#)
PASS ABI: NativeCount (expected 30 actual 30)
PASS ABI: CoreAbi native ids match lc_native_id
PASS ABI: CoreAbi event types match lc_event_type (19 mirrored of 19)
PASS ABI: LcAddressBook size matches lc_address_book (expected 40 actual 40)
PASS ABI: LcAddressBook fields match lc_address_book word for word (type per word) (10 words)
PASS ABI: LcFrameInput size matches lc_frame_input (expected 20 actual 20)
PASS ABI: LcFrameInput fields match lc_frame_input word for word (type per word) (5 words)
PASS ABI: LcWorld size matches lc_world (expected 20 actual 20)
PASS ABI: LcWorld fields match lc_world word for word (type per word) (5 words)
PASS ABI: LcPlayer size matches lc_player (expected 48 actual 48)
PASS ABI: LcPlayer fields match lc_player word for word (type per word) (12 words)
PASS ABI: LcPools size matches lc_pools (expected 24 actual 24)
PASS ABI: LcPools fields match lc_pools word for word (type per word) (6 words)
PASS ABI: LcPed size matches lc_ped (expected 44 actual 44)
PASS ABI: LcPed fields match lc_ped word for word (type per word) (11 words)
PASS ABI: LcVehicle size matches lc_vehicle (expected 48 actual 48)
PASS ABI: LcVehicle fields match lc_vehicle word for word (type per word) (12 words)
PASS ABI: LcBullet size matches lc_bullet (expected 32 actual 32)
PASS ABI: LcBullet fields match lc_bullet word for word (type per word) (8 words)
PASS ABI: LcDamage size matches lc_damage (expected 40 actual 40)
PASS ABI: LcDamage fields match lc_damage word for word (type per word) (10 words)
PASS ABI: LcEvent size matches lc_event (expected 24 actual 24)
PASS ABI: LcEvent fields match lc_event word for word (type per word) (6 words)
PASS ABI: LcFault size matches lc_fault (expected 24 actual 24)
PASS ABI: LcFault fields match lc_fault word for word (type per word) (6 words)
PASS ABI: LcRay size matches lc_ray (expected 92 actual 92)
PASS ABI: LcRay fields match lc_ray word for word (type per word) (23 words)
PASS ABI: LcRayHit size matches lc_ray_hit (expected 144 actual 144)
PASS ABI: LcRayHit fields match lc_ray_hit word for word (type per word) (36 words)
PASS ABI: LcRayStats size matches lc_ray_stats (expected 36 actual 36)
PASS ABI: LcRayStats fields match lc_ray_stats word for word (type per word) (9 words)
PASS ABI: CoreBridge.ExpectedSnapshotBytes matches sizeof(lc_snapshot) (expected 17296 actual 17296)
PASS ABI: LcSnapshotHead ends where peds begin (expected 124 actual 124)
PASS ABI: snapshot counts read at the header's offsets (vehicles=11 bullets=22 damages=33 events=44 dropped=55)
PASS ABI: snapshot arrays start at the header's offsets
== SDK examples in the docs compile against the current SDK
PASS SDK examples compiled against the current SDK (docs/sdk/examples) (modules=4)
PASS docs/sdk/README.md C# block 1 comes from a compiled example
PASS docs/sdk/README.md C# block 2 comes from a compiled example
PASS docs/sdk/README.md C# block 3 comes from a compiled example
PASS docs/architecture/ENGINE.md C# block 1 comes from a compiled example
== Engine plumbing: scheduler, events, ledger, commands, manifests (engine audit)
PASS scheduler: a throwing Wait.Until condition does not escape Run
PASS scheduler: the condition's module is failed, once (bad)
PASS scheduler: the condition runs as its module (capability context) (bad)
PASS scheduler: the other module's coroutine keeps running every frame (expected 3 actual 3)
PASS scheduler: context is cleared after Run
PASS scheduler: a coroutine without an owner is refused at Start
PASS scheduler: Run still works after the refused Start (ticks=4)
PASS events: a handler whose module fails mid-publish does not skip the next module (a1,b1,c1)
PASS events: the throwing handler's module is failed (b)
PASS events: the failed module gets no further events (a2,c2)
PASS events: unsubscribing during a publish skips only that handler (x1,z1)
PASS events: a handler added during a publish starts with the next event (x2,z2,late2)
PASS events: nested publish of the same type delivers both events (expected 2 actual 2)
PASS ledger: an entry without an owner is refused (it could never be released) (count=0)
    log error: resource_release_failed module=m kind=fx key=2 error=release
PASS ledger: a module's resources are released newest first, past a throwing release (count=3 order=3,2,1)
    log error: command_refused name=hello held_by=a requested_by=b
    log error: command_refused name=engine held_by=engine requested_by=b
    log: command source=verify line="hello 5" reply="a:5"
    log: command source=verify line="hello 5" reply="a:5"
PASS commands: a second module cannot take over a running module's command (a:5)
    log: command source=verify line="engine" reply="engine-reply"
    log: command source=verify line="engine" reply="engine-reply"
PASS commands: a module cannot take over an engine command (engine-reply)
    log error: command_rejected name=hello owner=a error=Input string was not in a correct format.
    log: command source=verify line="hello x" reply="error Input string was not in a correct format. (usage: hello <n>)"
PASS commands: bad input (FormatException) is an error reply with the usage (error Input string was not in a correct format. (usage: hello <n>))
PASS commands: bad input does not stop the module
    log: command source=verify line="hello" reply="error Index was outside the bounds of the array."
PASS commands: a missing argument (IndexOutOfRange) is a real bug and stops the module (error Index was outside the bounds of the array. failed=a)
    log: command source=verify line="hello" reply="b"
    log: command source=verify line="hello" reply="b"
PASS commands: a stopped module's name can be taken (b)
PASS commands: SDK registration needs an owner
PASS manifest: a reader cannot rewrite a module's capabilities in place
PASS manifest: missing arrays read as empty
== Engine configuration (engine.json, ADR-0008 raycast fields)
PASS engine.json: validates
PASS engine.json: raycast enabled
PASS engine.json: raycastMaxPasses (expected 8 actual 8)
PASS engine.json: raycastPassStepMeters (expected 0.05 actual 0.05 tol 1E-06)
PASS engine.json: raycastMaxLengthMeters (expected 1000 actual 1000 tol 0.001)
PASS engine.json defaults: raycast on, 8 passes, 0.05 m step, 1000 m
PASS engine.json defaults: raycastMaxPasses 0 is allowed
PASS engine.json rejects raycastMaxPasses 33
PASS engine.json rejects raycastPassStepMeters 2
PASS engine.json rejects raycastMaxLengthMeters 6000
PASS engine.json accepts raycastEnabled false
== World objects: config and streaming (T-033)
PASS world objects: shipped config validates (1 objects)
PASS world objects: every placed model is a content asset (lf_world_wall)
PASS world objects: defaults validate
PASS world objects: streamOut not above streamIn is refused
PASS world objects: duplicate names are refused
PASS world objects: a bad model name is refused
PASS world objects: a position without three coordinates is refused
PASS world objects: absent members keep their defaults when deserialised
PASS world streaming: absent and inside streamIn spawns
PASS world streaming: absent between the radii stays absent
PASS world streaming: present between the radii stays (hysteresis)
PASS world streaming: present beyond streamOut is removed
PASS world streaming: distance is horizontal
RESULT passed=830 failed=0
